Component: ARM Compiler 6.15 Tool: armlink [5dd79300]

==============================================================================

Section Cross References

    system_gd32e23x.o(.text.SystemInit) refers to gd32e23x_misc.o(.text.nvic_vector_table_set) for nvic_vector_table_set
    system_gd32e23x.o(.ARM.exidx.text.SystemInit) refers to system_gd32e23x.o(.text.SystemInit) for [Anonymous Symbol]
    system_gd32e23x.o(.text.SystemCoreClockUpdate) refers to system_gd32e23x.o(.data.SystemCoreClock) for SystemCoreClock
    system_gd32e23x.o(.ARM.exidx.text.SystemCoreClockUpdate) refers to system_gd32e23x.o(.text.SystemCoreClockUpdate) for [Anonymous Symbol]
    gd32e23x_adc.o(.text.adc_deinit) refers to gd32e23x_rcu.o(.text.rcu_periph_reset_enable) for rcu_periph_reset_enable
    gd32e23x_adc.o(.text.adc_deinit) refers to gd32e23x_rcu.o(.text.rcu_periph_reset_disable) for rcu_periph_reset_disable
    gd32e23x_adc.o(.ARM.exidx.text.adc_deinit) refers to gd32e23x_adc.o(.text.adc_deinit) for [Anonymous Symbol]
    gd32e23x_adc.o(.ARM.exidx.text.adc_enable) refers to gd32e23x_adc.o(.text.adc_enable) for [Anonymous Symbol]
    gd32e23x_adc.o(.ARM.exidx.text.adc_disable) refers to gd32e23x_adc.o(.text.adc_disable) for [Anonymous Symbol]
    gd32e23x_adc.o(.ARM.exidx.text.adc_calibration_enable) refers to gd32e23x_adc.o(.text.adc_calibration_enable) for [Anonymous Symbol]
    gd32e23x_adc.o(.ARM.exidx.text.adc_dma_mode_enable) refers to gd32e23x_adc.o(.text.adc_dma_mode_enable) for [Anonymous Symbol]
    gd32e23x_adc.o(.ARM.exidx.text.adc_dma_mode_disable) refers to gd32e23x_adc.o(.text.adc_dma_mode_disable) for [Anonymous Symbol]
    gd32e23x_adc.o(.ARM.exidx.text.adc_tempsensor_vrefint_enable) refers to gd32e23x_adc.o(.text.adc_tempsensor_vrefint_enable) for [Anonymous Symbol]
    gd32e23x_adc.o(.ARM.exidx.text.adc_tempsensor_vrefint_disable) refers to gd32e23x_adc.o(.text.adc_tempsensor_vrefint_disable) for [Anonymous Symbol]
    gd32e23x_adc.o(.ARM.exidx.text.adc_discontinuous_mode_config) refers to gd32e23x_adc.o(.text.adc_discontinuous_mode_config) for [Anonymous Symbol]
    gd32e23x_adc.o(.ARM.exidx.text.adc_special_function_config) refers to gd32e23x_adc.o(.text.adc_special_function_config) for [Anonymous Symbol]
    gd32e23x_adc.o(.ARM.exidx.text.adc_data_alignment_config) refers to gd32e23x_adc.o(.text.adc_data_alignment_config) for [Anonymous Symbol]
    gd32e23x_adc.o(.ARM.exidx.text.adc_channel_length_config) refers to gd32e23x_adc.o(.text.adc_channel_length_config) for [Anonymous Symbol]
    gd32e23x_adc.o(.ARM.exidx.text.adc_regular_channel_config) refers to gd32e23x_adc.o(.text.adc_regular_channel_config) for [Anonymous Symbol]
    gd32e23x_adc.o(.ARM.exidx.text.adc_inserted_channel_config) refers to gd32e23x_adc.o(.text.adc_inserted_channel_config) for [Anonymous Symbol]
    gd32e23x_adc.o(.ARM.exidx.text.adc_inserted_channel_offset_config) refers to gd32e23x_adc.o(.text.adc_inserted_channel_offset_config) for [Anonymous Symbol]
    gd32e23x_adc.o(.ARM.exidx.text.adc_external_trigger_config) refers to gd32e23x_adc.o(.text.adc_external_trigger_config) for [Anonymous Symbol]
    gd32e23x_adc.o(.ARM.exidx.text.adc_external_trigger_source_config) refers to gd32e23x_adc.o(.text.adc_external_trigger_source_config) for [Anonymous Symbol]
    gd32e23x_adc.o(.ARM.exidx.text.adc_software_trigger_enable) refers to gd32e23x_adc.o(.text.adc_software_trigger_enable) for [Anonymous Symbol]
    gd32e23x_adc.o(.ARM.exidx.text.adc_regular_data_read) refers to gd32e23x_adc.o(.text.adc_regular_data_read) for [Anonymous Symbol]
    gd32e23x_adc.o(.ARM.exidx.text.adc_inserted_data_read) refers to gd32e23x_adc.o(.text.adc_inserted_data_read) for [Anonymous Symbol]
    gd32e23x_adc.o(.ARM.exidx.text.adc_flag_get) refers to gd32e23x_adc.o(.text.adc_flag_get) for [Anonymous Symbol]
    gd32e23x_adc.o(.ARM.exidx.text.adc_flag_clear) refers to gd32e23x_adc.o(.text.adc_flag_clear) for [Anonymous Symbol]
    gd32e23x_adc.o(.ARM.exidx.text.adc_interrupt_flag_get) refers to gd32e23x_adc.o(.text.adc_interrupt_flag_get) for [Anonymous Symbol]
    gd32e23x_adc.o(.ARM.exidx.text.adc_interrupt_flag_clear) refers to gd32e23x_adc.o(.text.adc_interrupt_flag_clear) for [Anonymous Symbol]
    gd32e23x_adc.o(.ARM.exidx.text.adc_interrupt_enable) refers to gd32e23x_adc.o(.text.adc_interrupt_enable) for [Anonymous Symbol]
    gd32e23x_adc.o(.ARM.exidx.text.adc_interrupt_disable) refers to gd32e23x_adc.o(.text.adc_interrupt_disable) for [Anonymous Symbol]
    gd32e23x_adc.o(.ARM.exidx.text.adc_watchdog_single_channel_enable) refers to gd32e23x_adc.o(.text.adc_watchdog_single_channel_enable) for [Anonymous Symbol]
    gd32e23x_adc.o(.ARM.exidx.text.adc_watchdog_group_channel_enable) refers to gd32e23x_adc.o(.text.adc_watchdog_group_channel_enable) for [Anonymous Symbol]
    gd32e23x_adc.o(.ARM.exidx.text.adc_watchdog_disable) refers to gd32e23x_adc.o(.text.adc_watchdog_disable) for [Anonymous Symbol]
[...]
    Removing systick.o(.ARM.exidx.text.delay_decrement), (8 bytes).
    Removing systick.o(.ARM.exidx.text.HAL_GetTick), (8 bytes).
    Removing systick.o(.text.iwdg_init), (60 bytes).
    Removing systick.o(.ARM.exidx.text.iwdg_init), (8 bytes).
    Removing systick.o(.ARM.exidx.text.iwdg_feed), (8 bytes).
    Removing crc16.o(.text), (0 bytes).
    Removing crc16.o(.ARM.exidx.text.ym_crc16), (8 bytes).
    Removing dadd.o(.text), (356 bytes).
    Removing dmul.o(.text), (208 bytes).
    Removing ddiv.o(.text), (240 bytes).
    Removing dfixul.o(.text), (64 bytes).
    Removing cdrcmple.o(.text), (40 bytes).
    Removing depilogue.o(.text), (190 bytes).
    Removing depilogue.o(i.__ARM_clz), (46 bytes).

1130 unused section(s) (total 23640 bytes) removed from the image.

==============================================================================

Image Symbol Table

    Local Symbols

    Symbol Name                              Value     Ov Type        Size  Object(Section)

    ../clib/division.s                       0x00000000   Number         0  aeabi_sdivfast.o ABSOLUTE
    ../clib/division.s                       0x00000000   Number         0  aeabi_sdivfast_div0.o ABSOLUTE
    ../clib/microlib/division.c              0x00000000   Number         0  uidiv.o ABSOLUTE
    ../clib/microlib/division.c              0x00000000   Number         0  uldiv.o ABSOLUTE
    ../clib/microlib/division.c              0x00000000   Number         0  uidiv_div0.o ABSOLUTE
    ../clib/microlib/division.c              0x00000000   Number         0  idiv_div0.o ABSOLUTE
    ../clib/microlib/division.c              0x00000000   Number         0  idiv0.o ABSOLUTE
    ../clib/microlib/init/entry.s            0x00000000   Number         0  entry.o ABSOLUTE
    ../clib/microlib/init/entry.s            0x00000000   Number         0  entry2.o ABSOLUTE
    ../clib/microlib/init/entry.s            0x00000000   Number         0  entry5.o ABSOLUTE
    ../clib/microlib/init/entry.s            0x00000000   Number         0  entry7a.o ABSOLUTE
    ../clib/microlib/init/entry.s            0x00000000   Number         0  entry7b.o ABSOLUTE
    ../clib/microlib/init/entry.s            0x00000000   Number         0  entry8a.o ABSOLUTE
    ../clib/microlib/init/entry.s            0x00000000   Number         0  entry8b.o ABSOLUTE
    ../clib/microlib/init/entry.s            0x00000000   Number         0  entry9a.o ABSOLUTE
    ../clib/microlib/init/entry.s            0x00000000   Number         0  entry9b.o ABSOLUTE
    ../clib/microlib/init/entry.s            0x00000000   Number         0  entry10a.o ABSOLUTE
    ../clib/microlib/init/entry.s            0x00000000   Number         0  entry10b.o ABSOLUTE
    ../clib/microlib/init/entry.s            0x00000000   Number         0  entry11a.o ABSOLUTE
    ../clib/microlib/init/entry.s            0x00000000   Number         0  entry11b.o ABSOLUTE
    ../clib/microlib/longlong.c              0x00000000   Number         0  llshl.o ABSOLUTE
    ../clib/microlib/longlong.c              0x00000000   Number         0  llushr.o ABSOLUTE
    ../clib/microlib/longlong.c              0x00000000   Number         0  llsshr.o ABSOLUTE
    ../clib/microlib/malloc/malloc.c         0x00000000   Number         0  malloc.o ABSOLUTE
    ../clib/microlib/malloc/malloc.c         0x00000000   Number         0  mallocr.o ABSOLUTE
    ../clib/microlib/malloc/malloc.c         0x00000000   Number         0  malloca.o ABSOLUTE
    ../clib/microlib/malloc/malloc.c         0x00000000   Number         0  mallocra.o ABSOLUTE
    ../clib/microlib/malloc/mvars.c          0x00000000   Number         0  mvars.o ABSOLUTE
    ../clib/microlib/printf/printf.c         0x00000000   Number         0  printfb.o ABSOLUTE
    ../clib/microlib/printf/printf.c         0x00000000   Number         0  printf0.o ABSOLUTE
    ../clib/microlib/printf/printf.c         0x00000000   Number         0  printf1.o ABSOLUTE
    ../clib/microlib/printf/printf.c         0x00000000   Number         0  printf2.o ABSOLUTE
    ../clib/microlib/printf/printf.c         0x00000000   Number         0  printf3.o ABSOLUTE
    ../clib/microlib/printf/printf.c         0x00000000   Number         0  printf4.o ABSOLUTE
    ../clib/microlib/printf/printf.c         0x00000000   Number         0  printf5.o ABSOLUTE
    ../clib/microlib/printf/printf.c         0x00000000   Number         0  printf6.o ABSOLUTE
    ../clib/microlib/printf/printf.c         0x00000000   Number         0  printf7.o ABSOLUTE
    ../clib/microlib/printf/printf.c         0x00000000   Number         0  printf8.o ABSOLUTE
    ../clib/microlib/printf/printf.c         0x00000000   Number         0  printfa.o ABSOLUTE
    ../clib/microlib/printf/stubs.s          0x00000000   Number         0  printfstubs.o ABSOLUTE
    ../clib/microlib/stdio/puts.c            0x00000000   Number         0  puts.o ABSOLUTE
    ../clib/microlib/stdio/puts.c            0x00000000   Number         0  puts_e.o ABSOLUTE
    ../clib/microlib/stdio/streams.c         0x00000000   Number         0  stdout.o ABSOLUTE
    ../clib/microlib/string/memcmp.c         0x00000000   Number         0  memcmp.o ABSOLUTE
    ../clib/microlib/string/memcpy.c         0x00000000   Number         0  memcpya.o ABSOLUTE
    ../clib/microlib/string/memcpy.c         0x00000000   Number         0  memcpyb.o ABSOLUTE
    ../clib/microlib/string/memset.c         0x00000000   Number         0  memseta.o ABSOLUTE
    ../clib/microlib/stubs.s                 0x00000000   Number         0  iusefp.o ABSOLUTE
    ../fplib/microlib/fpadd.c                0x00000000   Number         0  dadd.o ABSOLUTE
    ../fplib/microlib/fpdiv.c                0x00000000   Number         0  ddiv.o ABSOLUTE
    ../fplib/microlib/fpepilogue.c           0x00000000   Number         0  depilogue.o ABSOLUTE
    ../fplib/microlib/fpfix.c                0x00000000   Number         0  dfixul.o ABSOLUTE
    ../fplib/microlib/fpmul.c                0x00000000   Number         0  dmul.o ABSOLUTE
    ..\..\GD32E23x_Firmware_Library\CMSIS\GD\GD32E23x\Source\ARM\startup_gd32e23x.s 0x00000000   Number         0  startup_gd32e23x.o ABSOLUTE
    ConstCoor.c                              0x00000000   Number         0  constcoor.o ABSOLUTE
    cdrcmple.s                               0x00000000   Number         0  cdrcmple.o ABSOLUTE
    command.c                                0x00000000   Number         0  command.o ABSOLUTE
    crc16.c                                  0x00000000   Number         0  crc16.o ABSOLUTE
    dc.s                                     0x00000000   Number         0  dc.o ABSOLUTE
    fifo.c                                   0x00000000   Number         0  fifo.o ABSOLUTE
    gd32e23x_adc.c                           0x00000000   Number         0  gd32e23x_adc.o ABSOLUTE
    gd32e23x_cmp.c                           0x00000000   Number         0  gd32e23x_cmp.o ABSOLUTE
    gd32e23x_crc.c                           0x00000000   Number         0  gd32e23x_crc.o ABSOLUTE
    gd32e23x_dbg.c                           0x00000000   Number         0  gd32e23x_dbg.o ABSOLUTE
    gd32e23x_dma.c                           0x00000000   Number         0  gd32e23x_dma.o ABSOLUTE
    gd32e23x_exti.c                          0x00000000   Number         0  gd32e23x_exti.o ABSOLUTE
    gd32e23x_flash.c                         0x00000000   Number         0  gd32e23x_flash.o ABSOLUTE
    gd32e23x_fmc.c                           0x00000000   Number         0  gd32e23x_fmc.o ABSOLUTE
    gd32e23x_fwdgt.c                         0x00000000   Number         0  gd32e23x_fwdgt.o ABSOLUTE
    gd32e23x_gpio.c                          0x00000000   Number         0  gd32e23x_gpio.o ABSOLUTE
    gd32e23x_i2c.c                           0x00000000   Number         0  gd32e23x_i2c.o ABSOLUTE
    gd32e23x_it.c                            0x00000000   Number         0  gd32e23x_it.o ABSOLUTE
    gd32e23x_misc.c                          0x00000000   Number         0  gd32e23x_misc.o ABSOLUTE
    gd32e23x_pmu.c                           0x00000000   Number         0  gd32e23x_pmu.o ABSOLUTE
    gd32e23x_rcu.c                           0x00000000   Number         0  gd32e23x_rcu.o ABSOLUTE
    gd32e23x_rtc.c                           0x00000000   Number         0  gd32e23x_rtc.o ABSOLUTE
    gd32e23x_spi.c                           0x00000000   Number         0  gd32e23x_spi.o ABSOLUTE
    gd32e23x_syscfg.c                        0x00000000   Number         0  gd32e23x_syscfg.o ABSOLUTE
    gd32e23x_timer.c                         0x00000000   Number         0  gd32e23x_timer.o ABSOLUTE
    gd32e23x_usart.c                         0x00000000   Number         0  gd32e23x_usart.o ABSOLUTE
    gd32e23x_wwdgt.c                         0x00000000   Number         0  gd32e23x_wwdgt.o ABSOLUTE
    handlers.s                               0x00000000   Number         0  handlers.o ABSOLUTE
    init.s                                   0x00000000   Number         0  init.o ABSOLUTE
    main.c                                   0x00000000   Number         0  main.o ABSOLUTE
    motor_ctrl.c                             0x00000000   Number         0  motor_ctrl.o ABSOLUTE
    motor_drive.c                            0x00000000   Number         0  motor_drive.o ABSOLUTE
    other.c                                  0x00000000   Number         0  other.o ABSOLUTE
    system_gd32e23x.c                        0x00000000   Number         0  system_gd32e23x.o ABSOLUTE
    systick.c                                0x00000000   Number         0  systick.o ABSOLUTE
    update.c                                 0x00000000   Number         0  update.o ABSOLUTE
    usart.c                                  0x00000000   Number         0  usart.o ABSOLUTE
    RESET                                    0x08003c00   Section      204  startup_gd32e23x.o(RESET)
    .ARM.Collect$$$$00000000                 0x08003ccc   Section        0  entry.o(.ARM.Collect$$$$00000000)
    .ARM.Collect$$$$00000001                 0x08003ccc   Section        4  entry2.o(.ARM.Collect$$$$00000001)
    .ARM.Collect$$$$00000004                 0x08003cd0   Section        4  entry5.o(.ARM.Collect$$$$00000004)
    .ARM.Collect$$$$00000008                 0x08003cd4   Section        0  entry7b.o(.ARM.Collect$$$$00000008)
    .ARM.Collect$$$$0000000A                 0x08003cd4   Section        0  entry8b.o(.ARM.Collect$$$$0000000A)
    .ARM.Collect$$$$0000000B                 0x08003cd4   Section        8  entry9a.o(.ARM.Collect$$$$0000000B)
    __lit__00000000                          0x08003cdc   Data           4  entry2.o(.ARM.Collect$$$$00002712)
    .ARM.Collect$$$$0000000D                 0x08003cdc   Section        0  entry10a.o(.ARM.Collect$$$$0000000D)
    .ARM.Collect$$$$0000000F                 0x08003cdc   Section        0  entry11a.o(.ARM.Collect$$$$0000000F)
    .ARM.Collect$$$$00002712                 0x08003cdc   Section        4  entry2.o(.ARM.Collect$$$$00002712)
    .text                                    0x08003ce0   Section       28  startup_gd32e23x.o(.text)
    .text                                    0x08003cfc   Section        0  memseta.o(.text)
    .text                                    0x08003d20   Section        0  memcmp.o(.text)
    .text                                    0x08003d3c   Section       36  init.o(.text)
    .text                                    0x08003d60   Section        0  uidiv_div0.o(.text)
    [Anonymous Symbol]                       0x08003da0   Section        0  systick.o(.text.HAL_GetTick)
    __arm_cp.5_0                             0x08003da8   Number         4  systick.o(.text.HAL_GetTick)
    [Anonymous Symbol]                       0x08003dac   Section        0  gd32e23x_it.o(.text.HardFault_Handler)
    [Anonymous Symbol]                       0x08003db0   Section        0  motor_drive.o(.text.INT_key_X)
    [Anonymous Symbol]                       0x08003db8   Section        0  motor_drive.o(.text.INT_key_Y)
    [Anonymous Symbol]                       0x08003dc0   Section        0  motor_drive.o(.text.INT_key_Z)
    [Anonymous Symbol]                       0x08003dc8   Section        0  motor_drive.o(.text.INT_normalSalineLow)
    [Anonymous Symbol]                       0x08003ddc   Section        0  motor_ctrl.o(.text.MOTOR_SetDoutIt)
    [Anonymous Symbol]                       0x08003e48   Section        0  motor_drive.o(.text.Mote_OutEnable)
    [Anonymous Symbol]                       0x08003e60   Section        0  motor_drive.o(.text.Mote_SetCoor)
    __arm_cp.5_0                             0x08003ec0   Number         4  motor_drive.o(.text.Mote_SetCoor)
    __arm_cp.5_1                             0x08003ec4   Number         4  motor_drive.o(.text.Mote_SetCoor)
    [Anonymous Symbol]                       0x08003ec8   Section        0  motor_drive.o(.text.Moter_DriveGotoZero)
    [Anonymous Symbol]                       0x08003f9c   Section        0  motor_drive.o(.text.Moter_ReadAllStatic)
    [Anonymous Symbol]                       0x08003fb0   Section        0  motor_drive.o(.text.Moter_ReadZero)
    [Anonymous Symbol]                       0x08003fc4   Section        0  gd32e23x_it.o(.text.NMI_Handler)
    [Anonymous Symbol]                       0x08003fc8   Section        0  motor_drive.o(.text.OUT_LED)
    [Anonymous Symbol]                       0x08003fdc   Section        0  motor_drive.o(.text.OUT_UV)
    __arm_cp.15_0                            0x08003ffc   Number         4  motor_drive.o(.text.OUT_UV)
    [Anonymous Symbol]                       0x08004000   Section        0  gd32e23x_it.o(.text.PendSV_Handler)
    [Anonymous Symbol]                       0x08004002   Section        0  gd32e23x_it.o(.text.SVC_Handler)
    [Anonymous Symbol]                       0x08004004   Section        0  gd32e23x_it.o(.text.SysTick_Handler)
    [Anonymous Symbol]                       0x08004008   Section        0  system_gd32e23x.o(.text.SystemInit)
    __arm_cp.0_0                             0x080040dc   Number         4  system_gd32e23x.o(.text.SystemInit)
    __arm_cp.0_1                             0x080040e0   Number         4  system_gd32e23x.o(.text.SystemInit)
    __arm_cp.0_2                             0x080040e4   Number         4  system_gd32e23x.o(.text.SystemInit)
    __arm_cp.0_3                             0x080040e8   Number         4  system_gd32e23x.o(.text.SystemInit)
    __arm_cp.0_4                             0x080040ec   Number         4  system_gd32e23x.o(.text.SystemInit)
    __arm_cp.0_5                             0x080040f0   Number         4  system_gd32e23x.o(.text.SystemInit)
    [Anonymous Symbol]                       0x080040f4   Section        0  gd32e23x_it.o(.text.TIMER0_BRK_UP_TRG_COM_IRQHandler)
    [Anonymous Symbol]                       0x080040f8   Section        0  gd32e23x_it.o(.text.USART0_IRQHandler)
    [Anonymous Symbol]                       0x080040fc   Section        0  motor_drive.o(.text.WaterPump_Ctrl)
    __arm_cp.17_0                            0x08004110   Number         4  motor_drive.o(.text.WaterPump_Ctrl)
    __arm_cp.17_1                            0x08004114   Number         4  motor_drive.o(.text.WaterPump_Ctrl)
    [Anonymous Symbol]                       0x08004118   Section        0  command.o(.text.comm_execute)
    __arm_cp.3_0                             0x08004488   Number         4  command.o(.text.comm_execute)
    __arm_cp.3_1                             0x0800448c   Number         4  command.o(.text.comm_execute)
    __arm_cp.3_2                             0x08004490   Number         4  command.o(.text.comm_execute)
    __arm_cp.3_5                             0x08004494   Number         4  command.o(.text.comm_execute)
    __arm_cp.3_6                             0x08004498   Number         4  command.o(.text.comm_execute)
    __arm_cp.3_7                             0x0800449c   Number         4  command.o(.text.comm_execute)
    __arm_cp.3_8                             0x080044a0   Number         4  command.o(.text.comm_execute)
    [Anonymous Symbol]                       0x080044a4   Section        0  command.o(.text.comm_handle)
    __arm_cp.5_0                             0x08004554   Number         4  command.o(.text.comm_handle)
    __arm_cp.5_3                             0x08004568   Number         4  command.o(.text.comm_handle)
    __arm_cp.5_6                             0x08004570   Number         4  command.o(.text.comm_handle)
    __arm_cp.5_7                             0x08004574   Number         4  command.o(.text.comm_handle)
    [Anonymous Symbol]                       0x08004578   Section        0  motor_drive.o(.text.con_io_init)
    __arm_cp.2_0                             0x080045c4   Number         4  motor_drive.o(.text.con_io_init)
    __arm_cp.2_1                             0x080045c8   Number         4  motor_drive.o(.text.con_io_init)
    __arm_cp.2_2                             0x080045cc   Number         4  motor_drive.o(.text.con_io_init)
    __arm_cp.2_3                             0x080045d0   Number         4  motor_drive.o(.text.con_io_init)
    [Anonymous Symbol]                       0x080045d4   Section        0  systick.o(.text.delay_decrement)
    __arm_cp.4_1                             0x080045ec   Number         4  systick.o(.text.delay_decrement)
    [Anonymous Symbol]                       0x080045f0   Section        0  systick.o(.text.delay_ms)
    __arm_cp.3_0                             0x080045fc   Number         4  systick.o(.text.delay_ms)
    [Anonymous Symbol]                       0x08004600   Section        0  motor_drive.o(.text.device_params_init)
    __arm_cp.0_0                             0x0800461c   Number         4  motor_drive.o(.text.device_params_init)
    __arm_cp.0_1                             0x08004620   Number         4  motor_drive.o(.text.device_params_init)
    [Anonymous Symbol]                       0x08004624   Section        0  gd32e23x_dma.o(.text.dma_channel_disable)
    [Anonymous Symbol]                       0x08004634   Section        0  gd32e23x_dma.o(.text.dma_channel_enable)
    [Anonymous Symbol]                       0x08004644   Section        0  gd32e23x_dma.o(.text.dma_circulation_disable)
    [Anonymous Symbol]                       0x08004654   Section        0  gd32e23x_dma.o(.text.dma_deinit)
    __arm_cp.0_0                             0x08004680   Number         4  gd32e23x_dma.o(.text.dma_deinit)
    [Anonymous Symbol]                       0x08004684   Section        0  gd32e23x_dma.o(.text.dma_init)
    [Anonymous Symbol]                       0x080046f4   Section        0  gd32e23x_dma.o(.text.dma_memory_address_config)
    __arm_cp.10_0                            0x08004700   Number         4  gd32e23x_dma.o(.text.dma_memory_address_config)
    [Anonymous Symbol]                       0x08004704   Section        0  gd32e23x_dma.o(.text.dma_memory_to_memory_disable)
    __arm_cp.7_0                             0x08004718   Number         4  gd32e23x_dma.o(.text.dma_memory_to_memory_disable)
    [Anonymous Symbol]                       0x0800471c   Section        0  gd32e23x_dma.o(.text.dma_transfer_number_config)
    [Anonymous Symbol]                       0x08004728   Section        0  gd32e23x_dma.o(.text.dma_transfer_number_get)
    __arm_cp.12_0                            0x08004734   Number         4  gd32e23x_dma.o(.text.dma_transfer_number_get)
    [Anonymous Symbol]                       0x08004738   Section        0  gd32e23x_flash.o(.text.erase_flash_page)
    __arm_cp.0_0                             0x08004788   Number         4  gd32e23x_flash.o(.text.erase_flash_page)
    __arm_cp.0_1                             0x0800478c   Number         4  gd32e23x_flash.o(.text.erase_flash_page)
    [Anonymous Symbol]                       0x08004790   Section        0  fifo.o(.text.fifo_dynamic_get_occupy_size)
    [Anonymous Symbol]                       0x080047a8   Section        0  fifo.o(.text.fifo_dynamic_read)
    [Anonymous Symbol]                       0x08004810   Section        0  fifo.o(.text.fifo_dynamic_register)
    [Anonymous Symbol]                       0x08004860   Section        0  fifo.o(.text.fifo_dynamic_write)
    __arm_cp.5_0                             0x080048cc   Number         4  fifo.o(.text.fifo_dynamic_write)
    [Anonymous Symbol]                       0x080048d0   Section        0  gd32e23x_fmc.o(.text.fmc_flag_clear)
    [Anonymous Symbol]                       0x080048d8   Section        0  gd32e23x_fmc.o(.text.fmc_lock)
    __arm_cp.1_0                             0x080048e4   Number         4  gd32e23x_fmc.o(.text.fmc_lock)
    [Anonymous Symbol]                       0x080048e8   Section        0  gd32e23x_fmc.o(.text.fmc_page_erase)
    [Anonymous Symbol]                       0x0800494c   Section        0  gd32e23x_fmc.o(.text.fmc_unlock)
    __arm_cp.0_0                             0x08004960   Number         4  gd32e23x_fmc.o(.text.fmc_unlock)
    __arm_cp.0_1                             0x08004964   Number         4  gd32e23x_fmc.o(.text.fmc_unlock)
    __arm_cp.0_2                             0x08004968   Number         4  gd32e23x_fmc.o(.text.fmc_unlock)
    [Anonymous Symbol]                       0x0800496c   Section        0  gd32e23x_fmc.o(.text.fmc_word_program)
    __arm_cp.9_0                             0x080049c8   Number         4  gd32e23x_fmc.o(.text.fmc_word_program)
    __arm_cp.9_1                             0x080049cc   Number         4  gd32e23x_fmc.o(.text.fmc_word_program)
    [Anonymous Symbol]                       0x080049d0   Section        0  usart.o(.text.fputc)
    __arm_cp.7_0                             0x080049f0   Number         4  usart.o(.text.fputc)
    __arm_cp.7_1                             0x080049f4   Number         4  usart.o(.text.fputc)
    [Anonymous Symbol]                       0x080049f8   Section        0  gd32e23x_fwdgt.o(.text.fwdgt_counter_reload)
    __arm_cp.6_0                             0x08004a00   Number         4  gd32e23x_fwdgt.o(.text.fwdgt_counter_reload)
    __arm_cp.6_1                             0x08004a04   Number         4  gd32e23x_fwdgt.o(.text.fwdgt_counter_reload)
    [Anonymous Symbol]                       0x08004a08   Section        0  motor_drive.o(.text.get_device_state)
    __arm_cp.24_0                            0x08004a0c   Number         4  motor_drive.o(.text.get_device_state)
    [Anonymous Symbol]                       0x08004a10   Section        0  motor_ctrl.o(.text.get_execution_schedule)
    [Anonymous Symbol]                       0x08004a14   Section        0  other.o(.text.get_offset)
    [Anonymous Symbol]                       0x08004a18   Section        0  gd32e23x_gpio.o(.text.gpio_af_set)
    __arm_cp.11_0                            0x08004afc   Number         4  gd32e23x_gpio.o(.text.gpio_af_set)
    __arm_cp.11_1                            0x08004b00   Number         4  gd32e23x_gpio.o(.text.gpio_af_set)
    __arm_cp.11_2                            0x08004b04   Number         4  gd32e23x_gpio.o(.text.gpio_af_set)
    __arm_cp.11_3                            0x08004b08   Number         4  gd32e23x_gpio.o(.text.gpio_af_set)
    __arm_cp.11_4                            0x08004b0c   Number         4  gd32e23x_gpio.o(.text.gpio_af_set)
    __arm_cp.11_5                            0x08004b10   Number         4  gd32e23x_gpio.o(.text.gpio_af_set)
    [Anonymous Symbol]                       0x08004b14   Section        0  gd32e23x_gpio.o(.text.gpio_bit_reset)
    [Anonymous Symbol]                       0x08004b18   Section        0  gd32e23x_gpio.o(.text.gpio_bit_set)
    [Anonymous Symbol]                       0x08004b1c   Section        0  gd32e23x_gpio.o(.text.gpio_input_bit_get)
    [Anonymous Symbol]                       0x08004b26   Section        0  gd32e23x_gpio.o(.text.gpio_mode_set)
    [Anonymous Symbol]                       0x08004b68   Section        0  gd32e23x_gpio.o(.text.gpio_output_options_set)
    [Anonymous Symbol]                       0x08004bae   Section        0  gd32e23x_gpio.o(.text.gpio_port_write)
    [Anonymous Symbol]                       0x08004bb2   Section        0  systick.o(.text.iwdg_feed)
    [Anonymous Symbol]                       0x08004bb8   Section        0  other.o(.text.load_offset)
    __arm_cp.0_0                             0x08004c00   Number         4  other.o(.text.load_offset)
    __arm_cp.0_1                             0x08004c04   Number         4  other.o(.text.load_offset)
    __arm_cp.0_2                             0x08004c08   Number         4  other.o(.text.load_offset)
    [Anonymous Symbol]                       0x08004c0c   Section        0  main.o(.text.main)
    [Anonymous Symbol]                       0x08004cb0   Section        0  motor_drive.o(.text.motor_Tim_Init)
    __arm_cp.3_0                             0x08004d04   Number         4  motor_drive.o(.text.motor_Tim_Init)
    __arm_cp.3_1                             0x08004d08   Number         4  motor_drive.o(.text.motor_Tim_Init)
    [Anonymous Symbol]                       0x08004d0c   Section        0  motor_ctrl.o(.text.motor_handle)
    [Anonymous Symbol]                       0x08004e2c   Section        0  motor_ctrl.o(.text.motor_set_direction)
    __arm_cp.1_0                             0x08004e44   Number         4  motor_ctrl.o(.text.motor_set_direction)
    [Anonymous Symbol]                       0x08004e48   Section        0  motor_ctrl.o(.text.move_to_testPoint)
    __arm_cp.0_0                             0x08004ec0   Number         4  motor_ctrl.o(.text.move_to_testPoint)
    __arm_cp.0_1                             0x08004ec4   Number         4  motor_ctrl.o(.text.move_to_testPoint)
    __arm_cp.0_2                             0x08004ec8   Number         4  motor_ctrl.o(.text.move_to_testPoint)
    __arm_cp.0_3                             0x08004ecc   Number         4  motor_ctrl.o(.text.move_to_testPoint)
    [Anonymous Symbol]                       0x08004ed0   Section        0  gd32e23x_misc.o(.text.nvic_irq_enable)
    __arm_cp.0_0                             0x08004f2c   Number         4  gd32e23x_misc.o(.text.nvic_irq_enable)
    __arm_cp.0_1                             0x08004f30   Number         4  gd32e23x_misc.o(.text.nvic_irq_enable)
    __arm_cp.0_2                             0x08004f34   Number         4  gd32e23x_misc.o(.text.nvic_irq_enable)
    [Anonymous Symbol]                       0x08004f38   Section        0  gd32e23x_misc.o(.text.nvic_vector_table_set)
    __arm_cp.3_0                             0x08004f44   Number         4  gd32e23x_misc.o(.text.nvic_vector_table_set)
    __arm_cp.3_1                             0x08004f48   Number         4  gd32e23x_misc.o(.text.nvic_vector_table_set)
    [Anonymous Symbol]                       0x08004f4c   Section        0  other.o(.text.other_handle)
    __arm_cp.7_0                             0x08004fb0   Number         4  other.o(.text.other_handle)
    __arm_cp.7_1                             0x08004fb4   Number         4  other.o(.text.other_handle)
    __arm_cp.7_2                             0x08004fb8   Number         4  other.o(.text.other_handle)
    [Anonymous Symbol]                       0x08004fbc   Section        0  motor_drive.o(.text.out_beepset)
    __arm_cp.23_0                            0x08004fd0   Number         4  motor_drive.o(.text.out_beepset)
    [Anonymous Symbol]                       0x08004fd4   Section        0  gd32e23x_flash.o(.text.program_flash)
    [Anonymous Symbol]                       0x08005018   Section        0  gd32e23x_rcu.o(.text.rcu_clock_freq_get)
    __arm_cp.38_0                            0x08005128   Number         4  gd32e23x_rcu.o(.text.rcu_clock_freq_get)
    __arm_cp.38_1                            0x0800512c   Number         4  gd32e23x_rcu.o(.text.rcu_clock_freq_get)
    __arm_cp.38_2                            0x08005130   Number         4  gd32e23x_rcu.o(.text.rcu_clock_freq_get)
    __arm_cp.38_3                            0x08005134   Number         4  gd32e23x_rcu.o(.text.rcu_clock_freq_get)
    __arm_cp.38_5                            0x08005148   Number         4  gd32e23x_rcu.o(.text.rcu_clock_freq_get)
    __arm_cp.38_6                            0x0800514c   Number         4  gd32e23x_rcu.o(.text.rcu_clock_freq_get)
    __arm_cp.38_7                            0x08005150   Number         4  gd32e23x_rcu.o(.text.rcu_clock_freq_get)
    [Anonymous Symbol]                       0x08005154   Section        0  gd32e23x_rcu.o(.text.rcu_periph_clock_enable)
    [Anonymous Symbol]                       0x08005168   Section        0  gd32e23x_rcu.o(.text.rcu_periph_reset_disable)
    [Anonymous Symbol]                       0x0800517c   Section        0  gd32e23x_rcu.o(.text.rcu_periph_reset_enable)
    __arm_cp.5_0                             0x08005190   Number         4  gd32e23x_rcu.o(.text.rcu_periph_reset_enable)
    [Anonymous Symbol]                       0x08005194   Section        0  other.o(.text.set_offset)
    __arm_cp.2_0                             0x080051f8   Number         4  other.o(.text.set_offset)
    __arm_cp.2_1                             0x080051fc   Number         4  other.o(.text.set_offset)
    __arm_cp.2_2                             0x08005200   Number         4  other.o(.text.set_offset)
    [Anonymous Symbol]                       0x08005204   Section        0  motor_drive.o(.text.set_run_state)
    [Anonymous Symbol]                       0x0800520c   Section        0  other.o(.text.stop_device)
    [Anonymous Symbol]                       0x08005240   Section        0  systick.o(.text.systick_config)
    __arm_cp.1_0                             0x0800527c   Number         4  systick.o(.text.systick_config)
    __arm_cp.1_1                             0x08005280   Number         4  systick.o(.text.systick_config)
    __arm_cp.1_2                             0x08005284   Number         4  systick.o(.text.systick_config)
    __arm_cp.1_3                             0x08005288   Number         4  systick.o(.text.systick_config)
    [Anonymous Symbol]                       0x0800528c   Section        0  motor_drive.o(.text.timer0_update_handle)
    __arm_cp.4_1                             0x08005554   Number         4  motor_drive.o(.text.timer0_update_handle)
    __arm_cp.4_2                             0x08005558   Number         4  motor_drive.o(.text.timer0_update_handle)
    __arm_cp.4_3                             0x0800555c   Number         4  motor_drive.o(.text.timer0_update_handle)
    [Anonymous Symbol]                       0x08005560   Section        0  gd32e23x_timer.o(.text.timer_auto_reload_shadow_enable)
    [Anonymous Symbol]                       0x0800556c   Section        0  gd32e23x_timer.o(.text.timer_deinit)
    __arm_cp.0_0                             0x080055d0   Number         4  gd32e23x_timer.o(.text.timer_deinit)
    __arm_cp.0_1                             0x080055d4   Number         4  gd32e23x_timer.o(.text.timer_deinit)
    __arm_cp.0_2                             0x080055d8   Number         4  gd32e23x_timer.o(.text.timer_deinit)
    __arm_cp.0_5                             0x080055dc   Number         4  gd32e23x_timer.o(.text.timer_deinit)
    __arm_cp.0_8                             0x080055e0   Number         4  gd32e23x_timer.o(.text.timer_deinit)
    [Anonymous Symbol]                       0x080055e4   Section        0  gd32e23x_timer.o(.text.timer_enable)
    [Anonymous Symbol]                       0x080055f0   Section        0  gd32e23x_timer.o(.text.timer_init)
    __arm_cp.2_0                             0x08005680   Number         4  gd32e23x_timer.o(.text.timer_init)
    __arm_cp.2_1                             0x08005684   Number         4  gd32e23x_timer.o(.text.timer_init)
    __arm_cp.2_2                             0x08005688   Number         4  gd32e23x_timer.o(.text.timer_init)
    __arm_cp.2_3                             0x0800568c   Number         4  gd32e23x_timer.o(.text.timer_init)
    __arm_cp.2_4                             0x08005690   Number         4  gd32e23x_timer.o(.text.timer_init)
    __arm_cp.2_5                             0x08005694   Number         4  gd32e23x_timer.o(.text.timer_init)
    __arm_cp.2_6                             0x08005698   Number         4  gd32e23x_timer.o(.text.timer_init)
    __arm_cp.2_7                             0x0800569c   Number         4  gd32e23x_timer.o(.text.timer_init)
    [Anonymous Symbol]                       0x080056a0   Section        0  gd32e23x_timer.o(.text.timer_interrupt_enable)
    [Anonymous Symbol]                       0x080056a8   Section        0  gd32e23x_timer.o(.text.timer_interrupt_flag_clear)
    [Anonymous Symbol]                       0x080056b0   Section        0  gd32e23x_timer.o(.text.timer_interrupt_flag_get)
    [Anonymous Symbol]                       0x080056c4   Section        0  gd32e23x_timer.o(.text.timer_primary_output_config)
    [Anonymous Symbol]                       0x080056dc   Section        0  update.o(.text.update_setFlag)
    __arm_cp.5_0                             0x08005700   Number         4  update.o(.text.update_setFlag)
    __arm_cp.5_1                             0x08005704   Number         4  update.o(.text.update_setFlag)
    [Anonymous Symbol]                       0x08005708   Section        0  usart.o(.text.usart0_idle_handle)
    __arm_cp.6_1                             0x08005764   Number         4  usart.o(.text.usart0_idle_handle)
    [Anonymous Symbol]                       0x08005768   Section        0  usart.o(.text.usart0_init)
    __arm_cp.3_0                             0x08005874   Number         4  usart.o(.text.usart0_init)
    __arm_cp.3_1                             0x08005878   Number         4  usart.o(.text.usart0_init)
    __arm_cp.3_2                             0x0800587c   Number         4  usart.o(.text.usart0_init)
    [Anonymous Symbol]                       0x0800589c   Section        0  usart.o(.text.usart0_send_data)
    __arm_cp.4_1                             0x080058cc   Number         4  usart.o(.text.usart0_send_data)
    [Anonymous Symbol]                       0x080058d0   Section        0  gd32e23x_usart.o(.text.usart_baudrate_set)
    __arm_cp.1_2                             0x0800591c   Number         4  gd32e23x_usart.o(.text.usart_baudrate_set)
    [Anonymous Symbol]                       0x08005920   Section        0  gd32e23x_usart.o(.text.usart_data_receive)
    [Anonymous Symbol]                       0x08005928   Section        0  gd32e23x_usart.o(.text.usart_data_transmit)
    __arm_cp.18_0                            0x08005930   Number         4  gd32e23x_usart.o(.text.usart_data_transmit)
    [Anonymous Symbol]                       0x08005934   Section        0  gd32e23x_usart.o(.text.usart_deinit)
    __arm_cp.0_0                             0x0800595c   Number         4  gd32e23x_usart.o(.text.usart_deinit)
    __arm_cp.0_1                             0x08005960   Number         4  gd32e23x_usart.o(.text.usart_deinit)
    __arm_cp.0_2                             0x08005964   Number         4  gd32e23x_usart.o(.text.usart_deinit)
    __arm_cp.0_3                             0x08005968   Number         4  gd32e23x_usart.o(.text.usart_deinit)
    [Anonymous Symbol]                       0x0800596c   Section        0  gd32e23x_usart.o(.text.usart_dma_receive_config)
    [Anonymous Symbol]                       0x0800597c   Section        0  gd32e23x_usart.o(.text.usart_enable)
    [Anonymous Symbol]                       0x08005986   Section        0  gd32e23x_usart.o(.text.usart_flag_get)
    [Anonymous Symbol]                       0x08005996   Section        0  gd32e23x_usart.o(.text.usart_interrupt_enable)
    [Anonymous Symbol]                       0x080059a8   Section        0  gd32e23x_usart.o(.text.usart_interrupt_flag_clear)
    __arm_cp.73_0                            0x080059cc   Number         4  gd32e23x_usart.o(.text.usart_interrupt_flag_clear)
    [Anonymous Symbol]                       0x080059d0   Section        0  gd32e23x_usart.o(.text.usart_interrupt_flag_get)
    [Anonymous Symbol]                       0x080059ee   Section        0  gd32e23x_usart.o(.text.usart_receive_config)
    [Anonymous Symbol]                       0x080059fe   Section        0  gd32e23x_usart.o(.text.usart_transmit_config)
    [Anonymous Symbol]                       0x08005a10   Section        0  crc16.o(.text.ym_crc16)
    __arm_cp.0_0                             0x08005a34   Number         4  crc16.o(.text.ym_crc16)
    [Anonymous Symbol]                       0x08005a38   Section        0  motor_drive.o(.text.zero_init)
    __arm_cp.12_0                            0x08005a4c   Number         4  motor_drive.o(.text.zero_init)
    __arm_cp.12_1                            0x08005a50   Number         4  motor_drive.o(.text.zero_init)
    i.__0printf$3                            0x08005a54   Section        0  printf3.o(i.__0printf$3)
    i.__scatterload_copy                     0x08005a74   Section       14  handlers.o(i.__scatterload_copy)
    i.__scatterload_null                     0x08005a82   Section        2  handlers.o(i.__scatterload_null)
    i.__scatterload_zeroinit                 0x08005a84   Section       14  handlers.o(i.__scatterload_zeroinit)
    _printf_core                             0x08005a95   Thumb Code   456  printf3.o(i._printf_core)
    i._printf_core                           0x08005a94   Section        0  printf3.o(i._printf_core)
    i.free                                   0x08005c60   Section        0  malloc.o(i.free)
    i.malloc                                 0x08005cb4   Section        0  malloc.o(i.malloc)
    i.puts                                   0x08005d20   Section        0  puts.o(i.puts)
    crc_table                                0x0800e420   Data         512  crc16.o(.rodata.crc_table)
    [Anonymous Symbol]                       0x0800e420   Section        0  crc16.o(.rodata.crc_table)
    .L__const.rcu_clock_freq_get.apb2_exp    0x0800e620   Data           8  gd32e23x_rcu.o(.rodata.cst8)
    .L.str                                   0x0800e6f6   Data           9  update.o(.rodata.str1.1)
    [Anonymous Symbol]                       0x0800e6f6   Section        0  update.o(.rodata.str1.1)
    .L.str                                   0x0800e6ff   Data           3  command.o(.rodata.str1.1)
    [Anonymous Symbol]                       0x0800e6ff   Section        0  command.o(.rodata.str1.1)
    .data                                    0x20000000   Section        4  stdout.o(.data)
    .data                                    0x20000004   Section        4  mvars.o(.data)
    .data                                    0x20000008   Section        4  mvars.o(.data)
    move_to_testPoint.pBuf                   0x20000010   Data           4  motor_ctrl.o(.data.move_to_testPoint.pBuf)
    [Anonymous Symbol]                       0x20000010   Section        0  motor_ctrl.o(.data.move_to_testPoint.pBuf)
    ReturnData                               0x20000094   Data          11  motor_drive.o(.bss.ReturnData)
    [Anonymous Symbol]                       0x20000094   Section        0  motor_drive.o(.bss.ReturnData)
    delay                                    0x200000a4   Data           4  systick.o(.bss.delay)
    [Anonymous Symbol]                       0x200000a4   Section        0  systick.o(.bss.delay)
    low_water_alarm.beepToggle               0x200000b0   Data           1  other.o(.bss.low_water_alarm.beepToggle)
    [Anonymous Symbol]                       0x200000b0   Section        0  other.o(.bss.low_water_alarm.beepToggle)
    low_water_alarm.time                     0x200000b4   Data           4  other.o(.bss.low_water_alarm.time)
    [Anonymous Symbol]                       0x200000b4   Section        0  other.o(.bss.low_water_alarm.time)
    offset_config                            0x200000b8   Data          20  other.o(.bss.offset_config)
    [Anonymous Symbol]                       0x200000b8   Section        0  other.o(.bss.offset_config)
    params                                   0x200000cc   Data         144  command.o(.bss.params)
    [Anonymous Symbol]                       0x200000cc   Section        0  command.o(.bss.params)
    HEAP                                     0x200002a0   Section     2048  startup_gd32e23x.o(HEAP)
    STACK                                    0x20000aa0   Section     2048  startup_gd32e23x.o(STACK)

    Global Symbols

    Symbol Name                              Value     Ov Type        Size  Object(Section)

    BuildAttributes$$THM_ISAv3M$S$8M$PE$A:L22$X:L11$S22$IEEE1$IW$~IW$USESV6$~STKCKD$USESV7$~SHL$OTIME$ROPI$EBA8$MICROLIB$REQ8$PRES8$EABIv2 0x00000000   Number         0  anon$$obj.o ABSOLUTE
    _printf_a                                0x00000000   Number         0  printfstubs.o ABSOLUTE
    _printf_c                                0x00000000   Number         0  printfstubs.o ABSOLUTE
    _printf_charcount                        0x00000000   Number         0  printfstubs.o ABSOLUTE
    _printf_d                                0x00000000   Number         0  printfstubs.o ABSOLUTE
    _printf_e                                0x00000000   Number         0  printfstubs.o ABSOLUTE
    _printf_f                                0x00000000   Number         0  printfstubs.o ABSOLUTE
    _printf_flags                            0x00000000   Number         0  printfstubs.o ABSOLUTE
    _printf_fp_dec                           0x00000000   Number         0  printfstubs.o ABSOLUTE
    _printf_fp_hex                           0x00000000   Number         0  printfstubs.o ABSOLUTE
    _printf_g                                0x00000000   Number         0  printfstubs.o ABSOLUTE
    _printf_i                                0x00000000   Number         0  printfstubs.o ABSOLUTE
    _printf_int_dec                          0x00000000   Number         0  printfstubs.o ABSOLUTE
    _printf_l                                0x00000000   Number         0  printfstubs.o ABSOLUTE
    _printf_lc                               0x00000000   Number         0  printfstubs.o ABSOLUTE
    _printf_ll                               0x00000000   Number         0  printfstubs.o ABSOLUTE
    _printf_lld                              0x00000000   Number         0  printfstubs.o ABSOLUTE
    _printf_lli                              0x00000000   Number         0  printfstubs.o ABSOLUTE
    _printf_llo                              0x00000000   Number         0  printfstubs.o ABSOLUTE
    _printf_llu                              0x00000000   Number         0  printfstubs.o ABSOLUTE
    _printf_llx                              0x00000000   Number         0  printfstubs.o ABSOLUTE
    _printf_longlong_dec                     0x00000000   Number         0  printfstubs.o ABSOLUTE
    _printf_longlong_hex                     0x00000000   Number         0  printfstubs.o ABSOLUTE
    _printf_longlong_oct                     0x00000000   Number         0  printfstubs.o ABSOLUTE
    _printf_ls                               0x00000000   Number         0  printfstubs.o ABSOLUTE
    _printf_mbtowc                           0x00000000   Number         0  printfstubs.o ABSOLUTE
    _printf_n                                0x00000000   Number         0  printfstubs.o ABSOLUTE
    _printf_o                                0x00000000   Number         0  printfstubs.o ABSOLUTE
    _printf_p                                0x00000000   Number         0  printfstubs.o ABSOLUTE
    _printf_percent                          0x00000000   Number         0  printfstubs.o ABSOLUTE
    _printf_pre_padding                      0x00000000   Number         0  printfstubs.o ABSOLUTE
    _printf_return_value                     0x00000000   Number         0  printfstubs.o ABSOLUTE
    _printf_s                                0x00000000   Number         0  printfstubs.o ABSOLUTE
    _printf_sizespec                         0x00000000   Number         0  printfstubs.o ABSOLUTE
    _printf_str                              0x00000000   Number         0  printfstubs.o ABSOLUTE
    _printf_truncate_signed                  0x00000000   Number         0  printfstubs.o ABSOLUTE
    _printf_truncate_unsigned                0x00000000   Number         0  printfstubs.o ABSOLUTE
    _printf_u                                0x00000000   Number         0  printfstubs.o ABSOLUTE
    _printf_wc                               0x00000000   Number         0  printfstubs.o ABSOLUTE
    _printf_wctomb                           0x00000000   Number         0  printfstubs.o ABSOLUTE
    _printf_widthprec                        0x00000000   Number         0  printfstubs.o ABSOLUTE
    _printf_x                                0x00000000   Number         0  printfstubs.o ABSOLUTE
    __cpp_initialize__aeabi_                  - Undefined Weak Reference
    __cxa_finalize                            - Undefined Weak Reference
    __decompress                              - Undefined Weak Reference
    _clock_init                               - Undefined Weak Reference
    _microlib_exit                            - Undefined Weak Reference
    __Vectors_Size                           0x000000cc   Number         0  startup_gd32e23x.o ABSOLUTE
    __Vectors                                0x08003c00   Data           4  startup_gd32e23x.o(RESET)
    __Vectors_End                            0x08003ccc   Data           0  startup_gd32e23x.o(RESET)
    __main                                   0x08003ccd   Thumb Code     0  entry.o(.ARM.Collect$$$$00000000)
    _main_stk                                0x08003ccd   Thumb Code     0  entry2.o(.ARM.Collect$$$$00000001)
    _main_scatterload                        0x08003cd1   Thumb Code     0  entry5.o(.ARM.Collect$$$$00000004)
    __main_after_scatterload                 0x08003cd5   Thumb Code     0  entry5.o(.ARM.Collect$$$$00000004)
    _main_clock                              0x08003cd5   Thumb Code     0  entry7b.o(.ARM.Collect$$$$00000008)
    _main_cpp_init                           0x08003cd5   Thumb Code     0  entry8b.o(.ARM.Collect$$$$0000000A)
    _main_init                               0x08003cd5   Thumb Code     0  entry9a.o(.ARM.Collect$$$$0000000B)
    __rt_final_cpp                           0x08003cdd   Thumb Code     0  entry10a.o(.ARM.Collect$$$$0000000D)
    __rt_final_exit                          0x08003cdd   Thumb Code     0  entry11a.o(.ARM.Collect$$$$0000000F)
    Reset_Handler                            0x08003ce1   Thumb Code     8  startup_gd32e23x.o(.text)
    ADC_CMP_IRQHandler                       0x08003cf3   Thumb Code     0  startup_gd32e23x.o(.text)
    DMA_Channel0_IRQHandler                  0x08003cf3   Thumb Code     0  startup_gd32e23x.o(.text)
    DMA_Channel1_2_IRQHandler                0x08003cf3   Thumb Code     0  startup_gd32e23x.o(.text)
    DMA_Channel3_4_IRQHandler                0x08003cf3   Thumb Code     0  startup_gd32e23x.o(.text)
    EXTI0_1_IRQHandler                       0x08003cf3   Thumb Code     0  startup_gd32e23x.o(.text)
    EXTI2_3_IRQHandler                       0x08003cf3   Thumb Code     0  startup_gd32e23x.o(.text)
    EXTI4_15_IRQHandler                      0x08003cf3   Thumb Code     0  startup_gd32e23x.o(.text)
    FMC_IRQHandler                           0x08003cf3   Thumb Code     0  startup_gd32e23x.o(.text)
    I2C0_ER_IRQHandler                       0x08003cf3   Thumb Code     0  startup_gd32e23x.o(.text)
    I2C0_EV_IRQHandler                       0x08003cf3   Thumb Code     0  startup_gd32e23x.o(.text)
    I2C1_ER_IRQHandler                       0x08003cf3   Thumb Code     0  startup_gd32e23x.o(.text)
    I2C1_EV_IRQHandler                       0x08003cf3   Thumb Code     0  startup_gd32e23x.o(.text)
    LVD_IRQHandler                           0x08003cf3   Thumb Code     0  startup_gd32e23x.o(.text)
    RCU_IRQHandler                           0x08003cf3   Thumb Code     0  startup_gd32e23x.o(.text)
    RTC_IRQHandler                           0x08003cf3   Thumb Code     0  startup_gd32e23x.o(.text)
    SPI0_IRQHandler                          0x08003cf3   Thumb Code     0  startup_gd32e23x.o(.text)
    SPI1_IRQHandler                          0x08003cf3   Thumb Code     0  startup_gd32e23x.o(.text)
    TIMER0_Channel_IRQHandler                0x08003cf3   Thumb Code     0  startup_gd32e23x.o(.text)
    TIMER13_IRQHandler                       0x08003cf3   Thumb Code     0  startup_gd32e23x.o(.text)
    TIMER14_IRQHandler                       0x08003cf3   Thumb Code     0  startup_gd32e23x.o(.text)
    TIMER15_IRQHandler                       0x08003cf3   Thumb Code     0  startup_gd32e23x.o(.text)
    TIMER16_IRQHandler                       0x08003cf3   Thumb Code     0  startup_gd32e23x.o(.text)
    TIMER2_IRQHandler                        0x08003cf3   Thumb Code     0  startup_gd32e23x.o(.text)
    TIMER5_IRQHandler                        0x08003cf3   Thumb Code     0  startup_gd32e23x.o(.text)
    USART1_IRQHandler                        0x08003cf3   Thumb Code     0  startup_gd32e23x.o(.text)
    WWDGT_IRQHandler                         0x08003cf3   Thumb Code     0  startup_gd32e23x.o(.text)
    __aeabi_memset                           0x08003cfd   Thumb Code    14  memseta.o(.text)
    __aeabi_memset4                          0x08003cfd   Thumb Code     0  memseta.o(.text)
    __aeabi_memset8                          0x08003cfd   Thumb Code     0  memseta.o(.text)
    __aeabi_memclr                           0x08003d0b   Thumb Code     4  memseta.o(.text)
    __aeabi_memclr4                          0x08003d0b   Thumb Code     0  memseta.o(.text)
    __aeabi_memclr8                          0x08003d0b   Thumb Code     0  memseta.o(.text)
    _memset$wrapper                          0x08003d0f   Thumb Code    18  memseta.o(.text)
    memcmp                                   0x08003d21   Thumb Code    26  memcmp.o(.text)
    __scatterload                            0x08003d3d   Thumb Code    28  init.o(.text)
    __scatterload_rt2                        0x08003d3d   Thumb Code     0  init.o(.text)
    __aeabi_uidiv$div0                       0x08003d61   Thumb Code     0  uidiv_div0.o(.text)
    __aeabi_uidivmod                         0x08003d61   Thumb Code    62  uidiv_div0.o(.text)
    HAL_GetTick                              0x08003da1   Thumb Code    12  systick.o(.text.HAL_GetTick)
    HardFault_Handler                        0x08003dad   Thumb Code     2  gd32e23x_it.o(.text.HardFault_Handler)
    INT_key_X                                0x08003db1   Thumb Code     8  motor_drive.o(.text.INT_key_X)
    INT_key_Y                                0x08003db9   Thumb Code     8  motor_drive.o(.text.INT_key_Y)
    INT_key_Z                                0x08003dc1   Thumb Code     8  motor_drive.o(.text.INT_key_Z)
    INT_normalSalineLow                      0x08003dc9   Thumb Code    20  motor_drive.o(.text.INT_normalSalineLow)
    MOTOR_SetDoutIt                          0x08003ddd   Thumb Code   108  motor_ctrl.o(.text.MOTOR_SetDoutIt)
    Mote_OutEnable                           0x08003e49   Thumb Code    24  motor_drive.o(.text.Mote_OutEnable)
    Mote_SetCoor                             0x08003e61   Thumb Code   104  motor_drive.o(.text.Mote_SetCoor)
    Moter_DriveGotoZero                      0x08003ec9   Thumb Code   212  motor_drive.o(.text.Moter_DriveGotoZero)
    Moter_ReadAllStatic                      0x08003f9d   Thumb Code    20  motor_drive.o(.text.Moter_ReadAllStatic)
    Moter_ReadZero                           0x08003fb1   Thumb Code    20  motor_drive.o(.text.Moter_ReadZero)
    NMI_Handler                              0x08003fc5   Thumb Code     2  gd32e23x_it.o(.text.NMI_Handler)
    OUT_LED                                  0x08003fc9   Thumb Code    20  motor_drive.o(.text.OUT_LED)
    OUT_UV                                   0x08003fdd   Thumb Code    36  motor_drive.o(.text.OUT_UV)
    PendSV_Handler                           0x08004001   Thumb Code     2  gd32e23x_it.o(.text.PendSV_Handler)
    SVC_Handler                              0x08004003   Thumb Code     2  gd32e23x_it.o(.text.SVC_Handler)
    SysTick_Handler                          0x08004005   Thumb Code     4  gd32e23x_it.o(.text.SysTick_Handler)
    SystemInit                               0x08004009   Thumb Code   236  system_gd32e23x.o(.text.SystemInit)
    TIMER0_BRK_UP_TRG_COM_IRQHandler         0x080040f5   Thumb Code     4  gd32e23x_it.o(.text.TIMER0_BRK_UP_TRG_COM_IRQHandler)
    USART0_IRQHandler                        0x080040f9   Thumb Code     4  gd32e23x_it.o(.text.USART0_IRQHandler)
    WaterPump_Ctrl                           0x080040fd   Thumb Code    28  motor_drive.o(.text.WaterPump_Ctrl)
    comm_execute                             0x08004119   Thumb Code   908  command.o(.text.comm_execute)
    comm_handle                              0x080044a5   Thumb Code   212  command.o(.text.comm_handle)
    con_io_init                              0x08004579   Thumb Code    92  motor_drive.o(.text.con_io_init)
    delay_decrement                          0x080045d5   Thumb Code    28  systick.o(.text.delay_decrement)
    delay_ms                                 0x080045f1   Thumb Code    16  systick.o(.text.delay_ms)
    device_params_init                       0x08004601   Thumb Code    36  motor_drive.o(.text.device_params_init)
    dma_channel_disable                      0x08004625   Thumb Code    16  gd32e23x_dma.o(.text.dma_channel_disable)
    dma_channel_enable                       0x08004635   Thumb Code    16  gd32e23x_dma.o(.text.dma_channel_enable)
    dma_circulation_disable                  0x08004645   Thumb Code    16  gd32e23x_dma.o(.text.dma_circulation_disable)
    dma_deinit                               0x08004655   Thumb Code    48  gd32e23x_dma.o(.text.dma_deinit)
    dma_init                                 0x08004685   Thumb Code   112  gd32e23x_dma.o(.text.dma_init)
    dma_memory_address_config                0x080046f5   Thumb Code    16  gd32e23x_dma.o(.text.dma_memory_address_config)
    dma_memory_to_memory_disable             0x08004705   Thumb Code    24  gd32e23x_dma.o(.text.dma_memory_to_memory_disable)
    dma_transfer_number_config               0x0800471d   Thumb Code    12  gd32e23x_dma.o(.text.dma_transfer_number_config)
    dma_transfer_number_get                  0x08004729   Thumb Code    16  gd32e23x_dma.o(.text.dma_transfer_number_get)
    erase_flash_page                         0x08004739   Thumb Code    88  gd32e23x_flash.o(.text.erase_flash_page)
    fifo_dynamic_get_occupy_size             0x08004791   Thumb Code    24  fifo.o(.text.fifo_dynamic_get_occupy_size)
    fifo_dynamic_read                        0x080047a9   Thumb Code   104  fifo.o(.text.fifo_dynamic_read)
    fifo_dynamic_register                    0x08004811   Thumb Code    80  fifo.o(.text.fifo_dynamic_register)
    fifo_dynamic_write                       0x08004861   Thumb Code   112  fifo.o(.text.fifo_dynamic_write)
    fmc_flag_clear                           0x080048d1   Thumb Code     8  gd32e23x_fmc.o(.text.fmc_flag_clear)
    fmc_lock                                 0x080048d9   Thumb Code    16  gd32e23x_fmc.o(.text.fmc_lock)
    fmc_page_erase                           0x080048e9   Thumb Code   100  gd32e23x_fmc.o(.text.fmc_page_erase)
    fmc_unlock                               0x0800494d   Thumb Code    32  gd32e23x_fmc.o(.text.fmc_unlock)
    fmc_word_program                         0x0800496d   Thumb Code   100  gd32e23x_fmc.o(.text.fmc_word_program)
    fputc                                    0x080049d1   Thumb Code    40  usart.o(.text.fputc)
    fwdgt_counter_reload                     0x080049f9   Thumb Code    16  gd32e23x_fwdgt.o(.text.fwdgt_counter_reload)
    get_device_state                         0x08004a09   Thumb Code     8  motor_drive.o(.text.get_device_state)
    get_execution_schedule                   0x08004a11   Thumb Code     4  motor_ctrl.o(.text.get_execution_schedule)
    get_offset                               0x08004a15   Thumb Code     4  other.o(.text.get_offset)
    gpio_af_set                              0x08004a19   Thumb Code   252  gd32e23x_gpio.o(.text.gpio_af_set)
    gpio_bit_reset                           0x08004b15   Thumb Code     4  gd32e23x_gpio.o(.text.gpio_bit_reset)
    gpio_bit_set                             0x08004b19   Thumb Code     4  gd32e23x_gpio.o(.text.gpio_bit_set)
    gpio_input_bit_get                       0x08004b1d   Thumb Code    10  gd32e23x_gpio.o(.text.gpio_input_bit_get)
    gpio_mode_set                            0x08004b27   Thumb Code    66  gd32e23x_gpio.o(.text.gpio_mode_set)
    gpio_output_options_set                  0x08004b69   Thumb Code    70  gd32e23x_gpio.o(.text.gpio_output_options_set)
    gpio_port_write                          0x08004baf   Thumb Code     4  gd32e23x_gpio.o(.text.gpio_port_write)
    iwdg_feed                                0x08004bb3   Thumb Code     4  systick.o(.text.iwdg_feed)
    load_offset                              0x08004bb9   Thumb Code    84  other.o(.text.load_offset)
    main                                     0x08004c0d   Thumb Code   164  main.o(.text.main)
    motor_Tim_Init                           0x08004cb1   Thumb Code    92  motor_drive.o(.text.motor_Tim_Init)
    motor_handle                             0x08004d0d   Thumb Code   288  motor_ctrl.o(.text.motor_handle)
    motor_set_direction                      0x08004e2d   Thumb Code    28  motor_ctrl.o(.text.motor_set_direction)
    move_to_testPoint                        0x08004e49   Thumb Code   136  motor_ctrl.o(.text.move_to_testPoint)
    nvic_irq_enable                          0x08004ed1   Thumb Code   104  gd32e23x_misc.o(.text.nvic_irq_enable)
    nvic_vector_table_set                    0x08004f39   Thumb Code    20  gd32e23x_misc.o(.text.nvic_vector_table_set)
    other_handle                             0x08004f4d   Thumb Code   112  other.o(.text.other_handle)
    out_beepset                              0x08004fbd   Thumb Code    24  motor_drive.o(.text.out_beepset)
    program_flash                            0x08004fd5   Thumb Code    66  gd32e23x_flash.o(.text.program_flash)
    rcu_clock_freq_get                       0x08005019   Thumb Code   316  gd32e23x_rcu.o(.text.rcu_clock_freq_get)
    rcu_periph_clock_enable                  0x08005155   Thumb Code    20  gd32e23x_rcu.o(.text.rcu_periph_clock_enable)
    rcu_periph_reset_disable                 0x08005169   Thumb Code    20  gd32e23x_rcu.o(.text.rcu_periph_reset_disable)
    rcu_periph_reset_enable                  0x0800517d   Thumb Code    24  gd32e23x_rcu.o(.text.rcu_periph_reset_enable)
    set_offset                               0x08005195   Thumb Code   112  other.o(.text.set_offset)
    set_run_state                            0x08005205   Thumb Code     8  motor_drive.o(.text.set_run_state)
    stop_device                              0x0800520d   Thumb Code    52  other.o(.text.stop_device)
    systick_config                           0x08005241   Thumb Code    76  systick.o(.text.systick_config)
    timer0_update_handle                     0x0800528d   Thumb Code   724  motor_drive.o(.text.timer0_update_handle)
    timer_auto_reload_shadow_enable          0x08005561   Thumb Code    10  gd32e23x_timer.o(.text.timer_auto_reload_shadow_enable)
    timer_deinit                             0x0800556d   Thumb Code   120  gd32e23x_timer.o(.text.timer_deinit)
    timer_enable                             0x080055e5   Thumb Code    10  gd32e23x_timer.o(.text.timer_enable)
    timer_init                               0x080055f1   Thumb Code   176  gd32e23x_timer.o(.text.timer_init)
    timer_interrupt_enable                   0x080056a1   Thumb Code     8  gd32e23x_timer.o(.text.timer_interrupt_enable)
    timer_interrupt_flag_clear               0x080056a9   Thumb Code     8  gd32e23x_timer.o(.text.timer_interrupt_flag_clear)
    timer_interrupt_flag_get                 0x080056b1   Thumb Code    20  gd32e23x_timer.o(.text.timer_interrupt_flag_get)
    timer_primary_output_config              0x080056c5   Thumb Code    22  gd32e23x_timer.o(.text.timer_primary_output_config)
    update_setFlag                           0x080056dd   Thumb Code    44  update.o(.text.update_setFlag)
    usart0_idle_handle                       0x08005709   Thumb Code    96  usart.o(.text.usart0_idle_handle)
    usart0_init                              0x08005769   Thumb Code   308  usart.o(.text.usart0_init)
    usart0_send_data                         0x0800589d   Thumb Code    52  usart.o(.text.usart0_send_data)
    usart_baudrate_set                       0x080058d1   Thumb Code    80  gd32e23x_usart.o(.text.usart_baudrate_set)
    usart_data_receive                       0x08005921   Thumb Code     8  gd32e23x_usart.o(.text.usart_data_receive)
    usart_data_transmit                      0x08005929   Thumb Code    12  gd32e23x_usart.o(.text.usart_data_transmit)
    usart_deinit                             0x08005935   Thumb Code    56  gd32e23x_usart.o(.text.usart_deinit)
    usart_dma_receive_config                 0x0800596d   Thumb Code    16  gd32e23x_usart.o(.text.usart_dma_receive_config)
    usart_enable                             0x0800597d   Thumb Code    10  gd32e23x_usart.o(.text.usart_enable)
    usart_flag_get                           0x08005987   Thumb Code    16  gd32e23x_usart.o(.text.usart_flag_get)
    usart_interrupt_enable                   0x08005997   Thumb Code    18  gd32e23x_usart.o(.text.usart_interrupt_enable)
    usart_interrupt_flag_clear               0x080059a9   Thumb Code    40  gd32e23x_usart.o(.text.usart_interrupt_flag_clear)
    usart_interrupt_flag_get                 0x080059d1   Thumb Code    30  gd32e23x_usart.o(.text.usart_interrupt_flag_get)
    usart_receive_config                     0x080059ef   Thumb Code    16  gd32e23x_usart.o(.text.usart_receive_config)
    usart_transmit_config                    0x080059ff   Thumb Code    16  gd32e23x_usart.o(.text.usart_transmit_config)
    ym_crc16                                 0x08005a11   Thumb Code    40  crc16.o(.text.ym_crc16)
    zero_init                                0x08005a39   Thumb Code    28  motor_drive.o(.text.zero_init)
    __0printf$3                              0x08005a55   Thumb Code    24  printf3.o(i.__0printf$3)
    __1printf$3                              0x08005a55   Thumb Code     0  printf3.o(i.__0printf$3)
    __2printf                                0x08005a55   Thumb Code     0  printf3.o(i.__0printf$3)
    __scatterload_copy                       0x08005a75   Thumb Code    14  handlers.o(i.__scatterload_copy)
    __scatterload_null                       0x08005a83   Thumb Code     2  handlers.o(i.__scatterload_null)
    __scatterload_zeroinit                   0x08005a85   Thumb Code    14  handlers.o(i.__scatterload_zeroinit)
    free                                     0x08005c61   Thumb Code    80  malloc.o(i.free)
    malloc                                   0x08005cb5   Thumb Code    92  malloc.o(i.malloc)
    puts                                     0x08005d21   Thumb Code    28  puts.o(i.puts)
    MedicineOut_1                            0x08005d40   Data         368  constcoor.o(.rodata.MedicineOut_1)
    MedicineOut_10                           0x08005eb0   Data        1696  constcoor.o(.rodata.MedicineOut_10)
    MedicineOut_11                           0x08006550   Data        2272  constcoor.o(.rodata.MedicineOut_11)
    MedicineOut_12                           0x08006e30   Data        2816  constcoor.o(.rodata.MedicineOut_12)
    MedicineOut_13                           0x08007930   Data        1120  constcoor.o(.rodata.MedicineOut_13)
    MedicineOut_14                           0x08007d90   Data        1696  constcoor.o(.rodata.MedicineOut_14)
    MedicineOut_15                           0x08008430   Data        2272  constcoor.o(.rodata.MedicineOut_15)
    MedicineOut_16                           0x08008d10   Data        2848  constcoor.o(.rodata.MedicineOut_16)
    MedicineOut_2                            0x08009830   Data         368  constcoor.o(.rodata.MedicineOut_2)
    MedicineOut_26                           0x080099a0   Data         352  constcoor.o(.rodata.MedicineOut_26)
    MedicineOut_27                           0x08009b00   Data         352  constcoor.o(.rodata.MedicineOut_27)
    MedicineOut_28                           0x08009c60   Data         256  constcoor.o(.rodata.MedicineOut_28)
    MedicineOut_29                           0x08009d60   Data         256  constcoor.o(.rodata.MedicineOut_29)
    MedicineOut_3                            0x08009e60   Data         448  constcoor.o(.rodata.MedicineOut_3)
    MedicineOut_30                           0x0800a020   Data        1088  constcoor.o(.rodata.MedicineOut_30)
    MedicineOut_31                           0x0800a460   Data        1696  constcoor.o(.rodata.MedicineOut_31)
    MedicineOut_32                           0x0800ab00   Data        2272  constcoor.o(.rodata.MedicineOut_32)
    MedicineOut_33                           0x0800b3e0   Data        2816  constcoor.o(.rodata.MedicineOut_33)
    MedicineOut_34                           0x0800bee0   Data        1088  constcoor.o(.rodata.MedicineOut_34)
    MedicineOut_35                           0x0800c320   Data        1696  constcoor.o(.rodata.MedicineOut_35)
    MedicineOut_36                           0x0800c9c0   Data        2272  constcoor.o(.rodata.MedicineOut_36)
    MedicineOut_37                           0x0800d2a0   Data        2816  constcoor.o(.rodata.MedicineOut_37)
    MedicineOut_4                            0x0800dda0   Data         448  constcoor.o(.rodata.MedicineOut_4)
    MedicineOut_9                            0x0800df60   Data        1120  constcoor.o(.rodata.MedicineOut_9)
    basic_data_point                         0x0800e3c0   Data          96  constcoor.o(.rodata.basic_data_point)
    drop_data_point                          0x0800e628   Data         192  constcoor.o(.rodata.drop_data_point)
    empty_point                              0x0800e6e8   Data          14  constcoor.o(.rodata.empty_point)
    testPoint_leftEye                        0x0800e704   Data          24  motor_ctrl.o(.rodata.testPoint_leftEye)
    testPoint_mouth                          0x0800e71c   Data          24  motor_ctrl.o(.rodata.testPoint_mouth)
    testPoint_rigthEye                       0x0800e734   Data          24  motor_ctrl.o(.rodata.testPoint_rigthEye)
    test_point                               0x0800e74c   Data          96  constcoor.o(.rodata.test_point)
    Region$$Table$$Base                      0x0800e7ac   Number         0  anon$$obj.o(Region$$Table)
    Region$$Table$$Limit                     0x0800e7cc   Number         0  anon$$obj.o(Region$$Table)
    __stdout                                 0x20000000   Data           4  stdout.o(.data)
    __microlib_freelist                      0x20000004   Data           4  mvars.o(.data)
    __microlib_freelist_initialised          0x20000008   Data           4  mvars.o(.data)
    SystemCoreClock                          0x2000000c   Data           4  system_gd32e23x.o(.data.SystemCoreClock)
    version                                  0x20000014   Data           4  update.o(.data.version)
    MotorData                                0x20000018   Data         124  motor_drive.o(.bss.MotorData)
    SysTimMs                                 0x200000a0   Data           4  systick.o(.bss.SysTimMs)
    fifo_num                                 0x200000a8   Data           8  fifo.o(.bss.fifo_num)
    usart0_rxbuf                             0x2000015c   Data         256  usart.o(.bss.usart0_rxbuf)
    usart0_txbuf                             0x2000025c   Data          64  usart.o(.bss.usart0_txbuf)
    __heap_base                              0x200002a0   Data           0  startup_gd32e23x.o(HEAP)
    __heap_limit                             0x20000aa0   Data           0  startup_gd32e23x.o(HEAP)
    __initial_sp                             0x200012a0   Data           0  startup_gd32e23x.o(STACK)



==============================================================================

Memory Map of the image

  Image Entry point : 0x08003ccd

  Load Region LR_IROM1 (Base: 0x08003c00, Size: 0x0000abe8, Max: 0x0000bc00, ABSOLUTE)

    Execution Region ER_IROM1 (Exec base: 0x08003c00, Load base: 0x08003c00, Size: 0x0000abcc, Max: 0x0000bc00, ABSOLUTE)

    Exec Addr    Load Addr    Size         Type   Attr      Idx    E Section Name        Object

    0x08003c00   0x08003c00   0x000000cc   Data   RO         1148    RESET               startup_gd32e23x.o
    0x08003ccc   0x08003ccc   0x00000000   Code   RO         1512  * .ARM.Collect$$$$00000000  mc_p.l(entry.o)
    0x08003ccc   0x08003ccc   0x00000004   Code   RO         1816    .ARM.Collect$$$$00000001  mc_p.l(entry2.o)
    0x08003cd0   0x08003cd0   0x00000004   Code   RO         1819    .ARM.Collect$$$$00000004  mc_p.l(entry5.o)
    0x08003cd4   0x08003cd4   0x00000000   Code   RO         1821    .ARM.Collect$$$$00000008  mc_p.l(entry7b.o)
    0x08003cd4   0x08003cd4   0x00000000   Code   RO         1823    .ARM.Collect$$$$0000000A  mc_p.l(entry8b.o)
    0x08003cd4   0x08003cd4   0x00000008   Code   RO         1824    .ARM.Collect$$$$0000000B  mc_p.l(entry9a.o)
    0x08003cdc   0x08003cdc   0x00000000   Code   RO         1826    .ARM.Collect$$$$0000000D  mc_p.l(entry10a.o)
    0x08003cdc   0x08003cdc   0x00000000   Code   RO         1828    .ARM.Collect$$$$0000000F  mc_p.l(entry11a.o)
    0x08003cdc   0x08003cdc   0x00000004   Code   RO         1817    .ARM.Collect$$$$00002712  mc_p.l(entry2.o)
    0x08003ce0   0x08003ce0   0x0000001c   Code   RO         1149    .text               startup_gd32e23x.o
    0x08003cfc   0x08003cfc   0x00000024   Code   RO         1521    .text               mc_p.l(memseta.o)
    0x08003d20   0x08003d20   0x0000001a   Code   RO         1523    .text               mc_p.l(memcmp.o)
    0x08003d3a   0x08003d3a   0x00000002   PAD
    0x08003d3c   0x08003d3c   0x00000024   Code   RO         1852    .text               mc_p.l(init.o)
    0x08003d60   0x08003d60   0x0000003e   Code   RO         1858    .text               mc_p.l(uidiv_div0.o)
    0x08003d9e   0x08003d9e   0x00000002   PAD
    0x08003da0   0x08003da0   0x0000000c   Code   RO         1487    .text.HAL_GetTick   systick.o
    0x08003dac   0x08003dac   0x00000002   Code   RO         1441    .text.HardFault_Handler  gd32e23x_it.o
    0x08003dae   0x08003dae   0x00000002   PAD
    0x08003db0   0x08003db0   0x00000008   Code   RO         1332    .text.INT_key_X     motor_drive.o
    0x08003db8   0x08003db8   0x00000008   Code   RO         1334    .text.INT_key_Y     motor_drive.o
    0x08003dc0   0x08003dc0   0x00000008   Code   RO         1336    .text.INT_key_Z     motor_drive.o
    0x08003dc8   0x08003dc8   0x00000014   Code   RO         1338    .text.INT_normalSalineLow  motor_drive.o
    0x08003ddc   0x08003ddc   0x0000006c   Code   RO         1232    .text.MOTOR_SetDoutIt  motor_ctrl.o
    0x08003e48   0x08003e48   0x00000018   Code   RO         1308    .text.Mote_OutEnable  motor_drive.o
    0x08003e60   0x08003e60   0x00000068   Code   RO         1304    .text.Mote_SetCoor  motor_drive.o
    0x08003ec8   0x08003ec8   0x000000d4   Code   RO         1320    .text.Moter_DriveGotoZero  motor_drive.o
    0x08003f9c   0x08003f9c   0x00000014   Code   RO         1314    .text.Moter_ReadAllStatic  motor_drive.o
    0x08003fb0   0x08003fb0   0x00000014   Code   RO         1322    .text.Moter_ReadZero  motor_drive.o
    0x08003fc4   0x08003fc4   0x00000002   Code   RO         1439    .text.NMI_Handler   gd32e23x_it.o
    0x08003fc6   0x08003fc6   0x00000002   PAD
    0x08003fc8   0x08003fc8   0x00000014   Code   RO         1326    .text.OUT_LED       motor_drive.o
    0x08003fdc   0x08003fdc   0x00000024   Code   RO         1324    .text.OUT_UV        motor_drive.o
    0x08004000   0x08004000   0x00000002   Code   RO         1453    .text.PendSV_Handler  gd32e23x_it.o
    0x08004002   0x08004002   0x00000002   Code   RO         1449    .text.SVC_Handler   gd32e23x_it.o
    0x08004004   0x08004004   0x00000004   Code   RO         1455    .text.SysTick_Handler  gd32e23x_it.o
    0x08004008   0x08004008   0x000000ec   Code   RO            2    .text.SystemInit    system_gd32e23x.o
    0x080040f4   0x080040f4   0x00000004   Code   RO         1459    .text.TIMER0_BRK_UP_TRG_COM_IRQHandler  gd32e23x_it.o
    0x080040f8   0x080040f8   0x00000004   Code   RO         1457    .text.USART0_IRQHandler  gd32e23x_it.o
    0x080040fc   0x080040fc   0x0000001c   Code   RO         1328    .text.WaterPump_Ctrl  motor_drive.o
    0x08004118   0x08004118   0x0000038c   Code   RO         1185    .text.comm_execute  command.o
    0x080044a4   0x080044a4   0x000000d4   Code   RO         1189    .text.comm_handle   command.o
    0x08004578   0x08004578   0x0000005c   Code   RO         1298    .text.con_io_init   motor_drive.o
    0x080045d4   0x080045d4   0x0000001c   Code   RO         1485    .text.delay_decrement  systick.o
    0x080045f0   0x080045f0   0x00000010   Code   RO         1483    .text.delay_ms      systick.o
    0x08004600   0x08004600   0x00000024   Code   RO         1294    .text.device_params_init  motor_drive.o
    0x08004624   0x08004624   0x00000010   Code   RO          177    .text.dma_channel_disable  gd32e23x_dma.o
    0x08004634   0x08004634   0x00000010   Code   RO          187    .text.dma_channel_enable  gd32e23x_dma.o
    0x08004644   0x08004644   0x00000010   Code   RO          181    .text.dma_circulation_disable  gd32e23x_dma.o
    0x08004654   0x08004654   0x00000030   Code   RO          171    .text.dma_deinit    gd32e23x_dma.o
    0x08004684   0x08004684   0x00000070   Code   RO          175    .text.dma_init      gd32e23x_dma.o
    0x080046f4   0x080046f4   0x00000010   Code   RO          191    .text.dma_memory_address_config  gd32e23x_dma.o
    0x08004704   0x08004704   0x00000018   Code   RO          185    .text.dma_memory_to_memory_disable  gd32e23x_dma.o
    0x0800471c   0x0800471c   0x0000000c   Code   RO          193    .text.dma_transfer_number_config  gd32e23x_dma.o
    0x08004728   0x08004728   0x00000010   Code   RO          195    .text.dma_transfer_number_get  gd32e23x_dma.o
    0x08004738   0x08004738   0x00000058   Code   RO         1362    .text.erase_flash_page  gd32e23x_flash.o
    0x08004790   0x08004790   0x00000018   Code   RO         1394    .text.fifo_dynamic_get_occupy_size  fifo.o
    0x080047a8   0x080047a8   0x00000068   Code   RO         1390    .text.fifo_dynamic_read  fifo.o
    0x08004810   0x08004810   0x00000050   Code   RO         1376    .text.fifo_dynamic_register  fifo.o
    0x08004860   0x08004860   0x00000070   Code   RO         1386    .text.fifo_dynamic_write  fifo.o
    0x080048d0   0x080048d0   0x00000008   Code   RO          317    .text.fmc_flag_clear  gd32e23x_fmc.o
    0x080048d8   0x080048d8   0x00000010   Code   RO          267    .text.fmc_lock      gd32e23x_fmc.o
    0x080048e8   0x080048e8   0x00000064   Code   RO          275    .text.fmc_page_erase  gd32e23x_fmc.o
    0x0800494c   0x0800494c   0x00000020   Code   RO          265    .text.fmc_unlock    gd32e23x_fmc.o
    0x0800496c   0x0800496c   0x00000064   Code   RO          283    .text.fmc_word_program  gd32e23x_fmc.o
    0x080049d0   0x080049d0   0x00000028   Code   RO         1427    .text.fputc         usart.o
    0x080049f8   0x080049f8   0x00000010   Code   RO          345    .text.fwdgt_counter_reload  gd32e23x_fwdgt.o
    0x08004a08   0x08004a08   0x00000008   Code   RO         1342    .text.get_device_state  motor_drive.o
    0x08004a10   0x08004a10   0x00000004   Code   RO         1236    .text.get_execution_schedule  motor_ctrl.o
    0x08004a14   0x08004a14   0x00000004   Code   RO         1207    .text.get_offset    other.o
    0x08004a18   0x08004a18   0x000000fc   Code   RO          381    .text.gpio_af_set   gd32e23x_gpio.o
    0x08004b14   0x08004b14   0x00000004   Code   RO          367    .text.gpio_bit_reset  gd32e23x_gpio.o
    0x08004b18   0x08004b18   0x00000004   Code   RO          365    .text.gpio_bit_set  gd32e23x_gpio.o
    0x08004b1c   0x08004b1c   0x0000000a   Code   RO          373    .text.gpio_input_bit_get  gd32e23x_gpio.o
    0x08004b26   0x08004b26   0x00000042   Code   RO          361    .text.gpio_mode_set  gd32e23x_gpio.o
    0x08004b68   0x08004b68   0x00000046   Code   RO          363    .text.gpio_output_options_set  gd32e23x_gpio.o
    0x08004bae   0x08004bae   0x00000004   Code   RO          371    .text.gpio_port_write  gd32e23x_gpio.o
    0x08004bb2   0x08004bb2   0x00000004   Code   RO         1491    .text.iwdg_feed     systick.o
    0x08004bb6   0x08004bb6   0x00000002   PAD
    0x08004bb8   0x08004bb8   0x00000054   Code   RO         1201    .text.load_offset   other.o
    0x08004c0c   0x08004c0c   0x000000a4   Code   RO         1468    .text.main          main.o
    0x08004cb0   0x08004cb0   0x0000005c   Code   RO         1300    .text.motor_Tim_Init  motor_drive.o
    0x08004d0c   0x08004d0c   0x00000120   Code   RO         1238    .text.motor_handle  motor_ctrl.o
    0x08004e2c   0x08004e2c   0x0000001c   Code   RO         1230    .text.motor_set_direction  motor_ctrl.o
    0x08004e48   0x08004e48   0x00000088   Code   RO         1228    .text.move_to_testPoint  motor_ctrl.o
    0x08004ed0   0x08004ed0   0x00000068   Code   RO          475    .text.nvic_irq_enable  gd32e23x_misc.o
    0x08004f38   0x08004f38   0x00000014   Code   RO          481    .text.nvic_vector_table_set  gd32e23x_misc.o
    0x08004f4c   0x08004f4c   0x00000070   Code   RO         1215    .text.other_handle  other.o
    0x08004fbc   0x08004fbc   0x00000018   Code   RO         1340    .text.out_beepset   motor_drive.o
    0x08004fd4   0x08004fd4   0x00000042   Code   RO         1364    .text.program_flash  gd32e23x_flash.o
    0x08005016   0x08005016   0x00000002   PAD
    0x08005018   0x08005018   0x0000013c   Code   RO          610    .text.rcu_clock_freq_get  gd32e23x_rcu.o
    0x08005154   0x08005154   0x00000014   Code   RO          536    .text.rcu_periph_clock_enable  gd32e23x_rcu.o
    0x08005168   0x08005168   0x00000014   Code   RO          546    .text.rcu_periph_reset_disable  gd32e23x_rcu.o
    0x0800517c   0x0800517c   0x00000018   Code   RO          544    .text.rcu_periph_reset_enable  gd32e23x_rcu.o
    0x08005194   0x08005194   0x00000070   Code   RO         1205    .text.set_offset    other.o
    0x08005204   0x08005204   0x00000008   Code   RO         1296    .text.set_run_state  motor_drive.o
    0x0800520c   0x0800520c   0x00000034   Code   RO         1209    .text.stop_device   other.o
    0x08005240   0x08005240   0x0000004c   Code   RO         1479    .text.systick_config  systick.o
    0x0800528c   0x0800528c   0x000002d4   Code   RO         1302    .text.timer0_update_handle  motor_drive.o
    0x08005560   0x08005560   0x0000000a   Code   RO          825    .text.timer_auto_reload_shadow_enable  gd32e23x_timer.o
    0x0800556a   0x0800556a   0x00000002   PAD
    0x0800556c   0x0800556c   0x00000078   Code   RO          815    .text.timer_deinit  gd32e23x_timer.o
    0x080055e4   0x080055e4   0x0000000a   Code   RO          821    .text.timer_enable  gd32e23x_timer.o
    0x080055ee   0x080055ee   0x00000002   PAD
    0x080055f0   0x080055f0   0x000000b0   Code   RO          819    .text.timer_init    gd32e23x_timer.o
    0x080056a0   0x080056a0   0x00000008   Code   RO          857    .text.timer_interrupt_enable  gd32e23x_timer.o
    0x080056a8   0x080056a8   0x00000008   Code   RO          863    .text.timer_interrupt_flag_clear  gd32e23x_timer.o
    0x080056b0   0x080056b0   0x00000014   Code   RO          861    .text.timer_interrupt_flag_get  gd32e23x_timer.o
    0x080056c4   0x080056c4   0x00000016   Code   RO          891    .text.timer_primary_output_config  gd32e23x_timer.o
    0x080056da   0x080056da   0x00000002   PAD
    0x080056dc   0x080056dc   0x0000002c   Code   RO         1166    .text.update_setFlag  update.o
    0x08005708   0x08005708   0x00000060   Code   RO         1425    .text.usart0_idle_handle  usart.o
    0x08005768   0x08005768   0x00000134   Code   RO         1419    .text.usart0_init   usart.o
    0x0800589c   0x0800589c   0x00000034   Code   RO         1421    .text.usart0_send_data  usart.o
    0x080058d0   0x080058d0   0x00000050   Code   RO          971    .text.usart_baudrate_set  gd32e23x_usart.o
    0x08005920   0x08005920   0x00000008   Code   RO         1007    .text.usart_data_receive  gd32e23x_usart.o
    0x08005928   0x08005928   0x0000000c   Code   RO         1005    .text.usart_data_transmit  gd32e23x_usart.o
    0x08005934   0x08005934   0x00000038   Code   RO          969    .text.usart_deinit  gd32e23x_usart.o
    0x0800596c   0x0800596c   0x00000010   Code   RO         1083    .text.usart_dma_receive_config  gd32e23x_usart.o
    0x0800597c   0x0800597c   0x0000000a   Code   RO          979    .text.usart_enable  gd32e23x_usart.o
    0x08005986   0x08005986   0x00000010   Code   RO         1103    .text.usart_flag_get  gd32e23x_usart.o
    0x08005996   0x08005996   0x00000012   Code   RO         1107    .text.usart_interrupt_enable  gd32e23x_usart.o
    0x080059a8   0x080059a8   0x00000028   Code   RO         1115    .text.usart_interrupt_flag_clear  gd32e23x_usart.o
    0x080059d0   0x080059d0   0x0000001e   Code   RO         1113    .text.usart_interrupt_flag_get  gd32e23x_usart.o
    0x080059ee   0x080059ee   0x00000010   Code   RO          985    .text.usart_receive_config  gd32e23x_usart.o
    0x080059fe   0x080059fe   0x00000010   Code   RO          983    .text.usart_transmit_config  gd32e23x_usart.o
    0x08005a0e   0x08005a0e   0x00000002   PAD
    0x08005a10   0x08005a10   0x00000028   Code   RO         1503    .text.ym_crc16      crc16.o
    0x08005a38   0x08005a38   0x0000001c   Code   RO         1318    .text.zero_init     motor_drive.o
    0x08005a54   0x08005a54   0x00000020   Code   RO         1616    i.__0printf$3       mc_p.l(printf3.o)
    0x08005a74   0x08005a74   0x0000000e   Code   RO         1876    i.__scatterload_copy  mc_p.l(handlers.o)
    0x08005a82   0x08005a82   0x00000002   Code   RO         1877    i.__scatterload_null  mc_p.l(handlers.o)
    0x08005a84   0x08005a84   0x0000000e   Code   RO         1878    i.__scatterload_zeroinit  mc_p.l(handlers.o)
    0x08005a92   0x08005a92   0x00000002   PAD
    0x08005a94   0x08005a94   0x000001cc   Code   RO         1623    i._printf_core      mc_p.l(printf3.o)
    0x08005c60   0x08005c60   0x00000054   Code   RO         1788    i.free              mc_p.l(malloc.o)
    0x08005cb4   0x08005cb4   0x0000006c   Code   RO         1789    i.malloc            mc_p.l(malloc.o)
    0x08005d20   0x08005d20   0x00000020   Code   RO         1515    i.puts              mc_p.l(puts.o)
    0x08005d40   0x08005d40   0x00000170   Data   RO         1252    .rodata.MedicineOut_1  constcoor.o
    0x08005eb0   0x08005eb0   0x000006a0   Data   RO         1257    .rodata.MedicineOut_10  constcoor.o
    0x08006550   0x08006550   0x000008e0   Data   RO         1258    .rodata.MedicineOut_11  constcoor.o
    0x08006e30   0x08006e30   0x00000b00   Data   RO         1259    .rodata.MedicineOut_12  constcoor.o
    0x08007930   0x08007930   0x00000460   Data   RO         1260    .rodata.MedicineOut_13  constcoor.o
    0x08007d90   0x08007d90   0x000006a0   Data   RO         1261    .rodata.MedicineOut_14  constcoor.o
    0x08008430   0x08008430   0x000008e0   Data   RO         1262    .rodata.MedicineOut_15  constcoor.o
    0x08008d10   0x08008d10   0x00000b20   Data   RO         1263    .rodata.MedicineOut_16  constcoor.o
    0x08009830   0x08009830   0x00000170   Data   RO         1253    .rodata.MedicineOut_2  constcoor.o
    0x080099a0   0x080099a0   0x00000160   Data   RO         1273    .rodata.MedicineOut_26  constcoor.o
    0x08009b00   0x08009b00   0x00000160   Data   RO         1274    .rodata.MedicineOut_27  constcoor.o
    0x08009c60   0x08009c60   0x00000100   Data   RO         1275    .rodata.MedicineOut_28  constcoor.o
    0x08009d60   0x08009d60   0x00000100   Data   RO         1276    .rodata.MedicineOut_29  constcoor.o
    0x08009e60   0x08009e60   0x000001c0   Data   RO         1254    .rodata.MedicineOut_3  constcoor.o
    0x0800a020   0x0800a020   0x00000440   Data   RO         1277    .rodata.MedicineOut_30  constcoor.o
    0x0800a460   0x0800a460   0x000006a0   Data   RO         1278    .rodata.MedicineOut_31  constcoor.o
    0x0800ab00   0x0800ab00   0x000008e0   Data   RO         1279    .rodata.MedicineOut_32  constcoor.o
    0x0800b3e0   0x0800b3e0   0x00000b00   Data   RO         1280    .rodata.MedicineOut_33  constcoor.o
    0x0800bee0   0x0800bee0   0x00000440   Data   RO         1281    .rodata.MedicineOut_34  constcoor.o
    0x0800c320   0x0800c320   0x000006a0   Data   RO         1282    .rodata.MedicineOut_35  constcoor.o
    0x0800c9c0   0x0800c9c0   0x000008e0   Data   RO         1283    .rodata.MedicineOut_36  constcoor.o
    0x0800d2a0   0x0800d2a0   0x00000b00   Data   RO         1284    .rodata.MedicineOut_37  constcoor.o
    0x0800dda0   0x0800dda0   0x000001c0   Data   RO         1255    .rodata.MedicineOut_4  constcoor.o
    0x0800df60   0x0800df60   0x00000460   Data   RO         1256    .rodata.MedicineOut_9  constcoor.o
    0x0800e3c0   0x0800e3c0   0x00000060   Data   RO         1287    .rodata.basic_data_point  constcoor.o
    0x0800e420   0x0800e420   0x00000200   Data   RO         1505    .rodata.crc_table   crc16.o
    0x0800e620   0x0800e620   0x00000008   Data   RO          612    .rodata.cst8        gd32e23x_rcu.o
    0x0800e628   0x0800e628   0x000000c0   Data   RO         1288    .rodata.drop_data_point  constcoor.o
    0x0800e6e8   0x0800e6e8   0x0000000e   Data   RO         1286    .rodata.empty_point  constcoor.o
    0x0800e6f6   0x0800e6f6   0x00000009   Data   RO         1168    .rodata.str1.1      update.o
    0x0800e6ff   0x0800e6ff   0x00000003   Data   RO         1191    .rodata.str1.1      command.o
    0x0800e702   0x0800e702   0x00000002   PAD
    0x0800e704   0x0800e704   0x00000018   Data   RO         1240    .rodata.testPoint_leftEye  motor_ctrl.o
    0x0800e71c   0x0800e71c   0x00000018   Data   RO         1242    .rodata.testPoint_mouth  motor_ctrl.o
    0x0800e734   0x0800e734   0x00000018   Data   RO         1241    .rodata.testPoint_rigthEye  motor_ctrl.o
    0x0800e74c   0x0800e74c   0x00000060   Data   RO         1285    .rodata.test_point  constcoor.o
    0x0800e7ac   0x0800e7ac   0x00000020   Data   RO         1875    Region$$Table       anon$$obj.o


    Execution Region RW_IRAM1 (Exec base: 0x20000000, Load base: 0x0800e7d0, Size: 0x000012a0, Max: 0x00002000, ABSOLUTE)

    Exec Addr    Load Addr    Size         Type   Attr      Idx    E Section Name        Object

    0x20000000   0x0800e7d0   0x00000004   Data   RW         1830    .data               mc_p.l(stdout.o)
    0x20000004   0x0800e7d4   0x00000004   Data   RW         1839    .data               mc_p.l(mvars.o)
    0x20000008   0x0800e7d8   0x00000004   Data   RW         1840    .data               mc_p.l(mvars.o)
    0x2000000c   0x0800e7dc   0x00000004   Data   RW            6    .data.SystemCoreClock  system_gd32e23x.o
    0x20000010   0x0800e7e0   0x00000004   Data   RW         1243    .data.move_to_testPoint.pBuf  motor_ctrl.o
    0x20000014   0x0800e7e4   0x00000004   Data   RW         1169    .data.version       update.o
    0x20000018        -       0x0000007c   Zero   RW         1352    .bss.MotorData      motor_drive.o
    0x20000094        -       0x0000000b   Zero   RW         1353    .bss.ReturnData     motor_drive.o
    0x2000009f   0x0800e7e8   0x00000001   PAD
    0x200000a0        -       0x00000004   Zero   RW         1493    .bss.SysTimMs       systick.o
    0x200000a4        -       0x00000004   Zero   RW         1494    .bss.delay          systick.o
    0x200000a8        -       0x00000008   Zero   RW         1404    .bss.fifo_num       fifo.o
    0x200000b0        -       0x00000001   Zero   RW         1218    .bss.low_water_alarm.beepToggle  other.o
    0x200000b1   0x0800e7e8   0x00000003   PAD
    0x200000b4        -       0x00000004   Zero   RW         1219    .bss.low_water_alarm.time  other.o
    0x200000b8        -       0x00000014   Zero   RW         1217    .bss.offset_config  other.o
    0x200000cc        -       0x00000090   Zero   RW         1192    .bss.params         command.o
    0x2000015c        -       0x00000100   Zero   RW         1430    .bss.usart0_rxbuf   usart.o
    0x2000025c        -       0x00000040   Zero   RW         1429    .bss.usart0_txbuf   usart.o
    0x2000029c   0x0800e7e8   0x00000004   PAD
    0x200002a0        -       0x00000800   Zero   RW         1147    HEAP                startup_gd32e23x.o
    0x20000aa0        -       0x00000800   Zero   RW         1146    STACK               startup_gd32e23x.o


==============================================================================

Image component sizes


      Code (inc. data)   RO Data    RW Data    ZI Data      Debug   Object Name

      1120         64          3          0        144       8668   command.o
         0          0      34830          0          0       1962   constcoor.o
        40          4        512          0          0        993   crc16.o
       320          4          0          0          8       6504   fifo.o
       276         16          0          0          0       6947   gd32e23x_dma.o
       154          8          0          0          0       2207   gd32e23x_flash.o
       256         24          0          0          0      13075   gd32e23x_fmc.o
        16          8          0          0          0       2927   gd32e23x_fwdgt.o
       410         24          0          0          0       5463   gd32e23x_gpio.o
        20          0          0          0          0       1196   gd32e23x_it.o
       124         20          0          0          0       3981   gd32e23x_misc.o
       380         48          8          0          0      13823   gd32e23x_rcu.o
       374         52          0          0          0      21419   gd32e23x_timer.o
       318         28          0          0          0      14603   gd32e23x_usart.o
       164         44          0          0          0        551   main.o
       564         20         72          4          0       3919   motor_ctrl.o
      1520         80          0          0        135      10508   motor_drive.o
       364         36          0          0         25       3516   other.o
        28          8        204          0       4096        748   startup_gd32e23x.o
       236         24          0          4          0       2075   system_gd32e23x.o
       136         28          0          0          8       4102   systick.o
        44          8          9          4          0       3082   update.o
       496         56          0          0        320       5750   usart.o

    ----------------------------------------------------------------------
      7376        604      35672         12       4744     138019   Object Totals
         0          0         32          0          0          0   (incl. Generated)
        16          0          2          0          8          0   (incl. Padding)

    ----------------------------------------------------------------------

      Code (inc. data)   RO Data    RW Data    ZI Data      Debug   Library Member Name

         0          0          0          0          0          0   entry.o
         0          0          0          0          0          0   entry10a.o
         0          0          0          0          0          0   entry11a.o
         8          4          0          0          0          0   entry2.o
         4          0          0          0          0          0   entry5.o
         0          0          0          0          0          0   entry7b.o
         0          0          0          0          0          0   entry8b.o
         8          4          0          0          0          0   entry9a.o
        30          0          0          0          0          0   handlers.o
        36          8          0          0          0         68   init.o
       192         20          0          0          0        144   malloc.o
        26          0          0          0          0         72   memcmp.o
        36          0          0          0          0        100   memseta.o
         0          0          0          8          0          0   mvars.o
       492         12          0          0          0        168   printf3.o
        32          4          0          0          0         68   puts.o
         0          0          0          4          0          0   stdout.o
        62          0          0          0          0         72   uidiv_div0.o

    ----------------------------------------------------------------------
       932         52          0         12          0        692   Library Totals
         6          0          0          0          0          0   (incl. Padding)

    ----------------------------------------------------------------------

      Code (inc. data)   RO Data    RW Data    ZI Data      Debug   Library Name

       926         52          0         12          0        692   mc_p.l

    ----------------------------------------------------------------------
       932         52          0         12          0        692   Library Totals

    ----------------------------------------------------------------------

==============================================================================


      Code (inc. data)   RO Data    RW Data    ZI Data      Debug   

      8308        656      35672         24       4744     138279   Grand Totals
      8308        656      35672         24       4744     138279   ELF Image Totals
      8308        656      35672         24          0          0   ROM Totals

==============================================================================

    Total RO  Size (Code + RO Data)                43980 (  42.95kB)
    Total RW  Size (RW Data + ZI Data)              4768 (   4.66kB)
    Total ROM Size (Code + RO Data + RW Data)      44004 (  42.97kB)

==============================================================================

