Component: ARM Compiler 6.15 Tool: armlink [5dd79300]

==============================================================================

Section Cross References

    system_gd32e23x.o(.text.SystemInit) refers to system_gd32e23x.o(.text.system_clock_config) for system_clock_config
    system_gd32e23x.o(.text.SystemInit) refers to gd32e23x_misc.o(.text.nvic_vector_table_set) for nvic_vector_table_set
    system_gd32e23x.o(.ARM.exidx.text.SystemInit) refers to system_gd32e23x.o(.text.SystemInit) for [Anonymous Symbol]
    system_gd32e23x.o(.text.system_clock_config) refers to system_gd32e23x.o(.text.system_clock_72m_hxtal) for system_clock_72m_hxtal
    system_gd32e23x.o(.ARM.exidx.text.system_clock_config) refers to system_gd32e23x.o(.text.system_clock_config) for [Anonymous Symbol]
    system_gd32e23x.o(.text.SystemCoreClockUpdate) refers to system_gd32e23x.o(.data.SystemCoreClock) for SystemCoreClock
    system_gd32e23x.o(.ARM.exidx.text.SystemCoreClockUpdate) refers to system_gd32e23x.o(.text.SystemCoreClockUpdate) for [Anonymous Symbol]
    system_gd32e23x.o(.ARM.exidx.text.system_clock_72m_hxtal) refers to system_gd32e23x.o(.text.system_clock_72m_hxtal) for [Anonymous Symbol]
    gd32e23x_adc.o(.text.adc_deinit) refers to gd32e23x_rcu.o(.text.rcu_periph_reset_enable) for rcu_periph_reset_enable
    gd32e23x_adc.o(.text.adc_deinit) refers to gd32e23x_rcu.o(.text.rcu_periph_reset_disable) for rcu_periph_reset_disable
    gd32e23x_adc.o(.ARM.exidx.text.adc_deinit) refers to gd32e23x_adc.o(.text.adc_deinit) for [Anonymous Symbol]
    gd32e23x_adc.o(.ARM.exidx.text.adc_enable) refers to gd32e23x_adc.o(.text.adc_enable) for [Anonymous Symbol]
    gd32e23x_adc.o(.ARM.exidx.text.adc_disable) refers to gd32e23x_adc.o(.text.adc_disable) for [Anonymous Symbol]
    gd32e23x_adc.o(.ARM.exidx.text.adc_calibration_enable) refers to gd32e23x_adc.o(.text.adc_calibration_enable) for [Anonymous Symbol]
    gd32e23x_adc.o(.ARM.exidx.text.adc_dma_mode_enable) refers to gd32e23x_adc.o(.text.adc_dma_mode_enable) for [Anonymous Symbol]
    gd32e23x_adc.o(.ARM.exidx.text.adc_dma_mode_disable) refers to gd32e23x_adc.o(.text.adc_dma_mode_disable) for [Anonymous Symbol]
    gd32e23x_adc.o(.ARM.exidx.text.adc_tempsensor_vrefint_enable) refers to gd32e23x_adc.o(.text.adc_tempsensor_vrefint_enable) for [Anonymous Symbol]
    gd32e23x_adc.o(.ARM.exidx.text.adc_tempsensor_vrefint_disable) refers to gd32e23x_adc.o(.text.adc_tempsensor_vrefint_disable) for [Anonymous Symbol]
    gd32e23x_adc.o(.ARM.exidx.text.adc_discontinuous_mode_config) refers to gd32e23x_adc.o(.text.adc_discontinuous_mode_config) for [Anonymous Symbol]
    gd32e23x_adc.o(.ARM.exidx.text.adc_special_function_config) refers to gd32e23x_adc.o(.text.adc_special_function_config) for [Anonymous Symbol]
    gd32e23x_adc.o(.ARM.exidx.text.adc_data_alignment_config) refers to gd32e23x_adc.o(.text.adc_data_alignment_config) for [Anonymous Symbol]
    gd32e23x_adc.o(.ARM.exidx.text.adc_channel_length_config) refers to gd32e23x_adc.o(.text.adc_channel_length_config) for [Anonymous Symbol]
    gd32e23x_adc.o(.ARM.exidx.text.adc_regular_channel_config) refers to gd32e23x_adc.o(.text.adc_regular_channel_config) for [Anonymous Symbol]
    gd32e23x_adc.o(.ARM.exidx.text.adc_inserted_channel_config) refers to gd32e23x_adc.o(.text.adc_inserted_channel_config) for [Anonymous Symbol]
    gd32e23x_adc.o(.ARM.exidx.text.adc_inserted_channel_offset_config) refers to gd32e23x_adc.o(.text.adc_inserted_channel_offset_config) for [Anonymous Symbol]
    gd32e23x_adc.o(.ARM.exidx.text.adc_external_trigger_config) refers to gd32e23x_adc.o(.text.adc_external_trigger_config) for [Anonymous Symbol]
    gd32e23x_adc.o(.ARM.exidx.text.adc_external_trigger_source_config) refers to gd32e23x_adc.o(.text.adc_external_trigger_source_config) for [Anonymous Symbol]
    gd32e23x_adc.o(.ARM.exidx.text.adc_software_trigger_enable) refers to gd32e23x_adc.o(.text.adc_software_trigger_enable) for [Anonymous Symbol]
    gd32e23x_adc.o(.ARM.exidx.text.adc_regular_data_read) refers to gd32e23x_adc.o(.text.adc_regular_data_read) for [Anonymous Symbol]
    gd32e23x_adc.o(.ARM.exidx.text.adc_inserted_data_read) refers to gd32e23x_adc.o(.text.adc_inserted_data_read) for [Anonymous Symbol]
    gd32e23x_adc.o(.ARM.exidx.text.adc_flag_get) refers to gd32e23x_adc.o(.text.adc_flag_get) for [Anonymous Symbol]
    gd32e23x_adc.o(.ARM.exidx.text.adc_flag_clear) refers to gd32e23x_adc.o(.text.adc_flag_clear) for [Anonymous Symbol]
    gd32e23x_adc.o(.ARM.exidx.text.adc_interrupt_flag_get) refers to gd32e23x_adc.o(.text.adc_interrupt_flag_get) for [Anonymous Symbol]
    gd32e23x_adc.o(.ARM.exidx.text.adc_interrupt_flag_clear) refers to gd32e23x_adc.o(.text.adc_interrupt_flag_clear) for [Anonymous Symbol]
    gd32e23x_adc.o(.ARM.exidx.text.adc_interrupt_enable) refers to gd32e23x_adc.o(.text.adc_interrupt_enable) for [Anonymous Symbol]
[...]
    [Anonymous Symbol]                       0x08004860   Section        0  motor_drive.o(.text.Moter_ReadAllStatic)
    [Anonymous Symbol]                       0x08004898   Section        0  motor_drive.o(.text.Moter_ReadCoor)
    [Anonymous Symbol]                       0x080048c4   Section        0  motor_drive.o(.text.Moter_ReadZero)
    __arm_cp.12_0                            0x080048fc   Number         4  motor_drive.o(.text.Moter_ReadZero)
    [Anonymous Symbol]                       0x08004900   Section        0  gd32e23x_it.o(.text.NMI_Handler)
    [Anonymous Symbol]                       0x08004904   Section        0  motor_drive.o(.text.OUT_LED)
    [Anonymous Symbol]                       0x08004930   Section        0  motor_drive.o(.text.OUT_UV)
    __arm_cp.13_0                            0x08004968   Number         4  motor_drive.o(.text.OUT_UV)
    [Anonymous Symbol]                       0x0800496c   Section        0  gd32e23x_it.o(.text.PendSV_Handler)
    [Anonymous Symbol]                       0x0800496e   Section        0  gd32e23x_it.o(.text.SVC_Handler)
    SysTick_Config                           0x08004971   Thumb Code    84  systick.o(.text.SysTick_Config)
    [Anonymous Symbol]                       0x08004970   Section        0  systick.o(.text.SysTick_Config)
    __arm_cp.2_0                             0x080049b8   Number         4  systick.o(.text.SysTick_Config)
    __arm_cp.2_1                             0x080049bc   Number         4  systick.o(.text.SysTick_Config)
    __arm_cp.2_2                             0x080049c0   Number         4  systick.o(.text.SysTick_Config)
    [Anonymous Symbol]                       0x080049c4   Section        0  gd32e23x_it.o(.text.SysTick_Handler)
    [Anonymous Symbol]                       0x080049cc   Section        0  system_gd32e23x.o(.text.SystemInit)
    __arm_cp.0_0                             0x08004a54   Number         4  system_gd32e23x.o(.text.SystemInit)
    __arm_cp.0_1                             0x08004a58   Number         4  system_gd32e23x.o(.text.SystemInit)
    __arm_cp.0_2                             0x08004a5c   Number         4  system_gd32e23x.o(.text.SystemInit)
    __arm_cp.0_3                             0x08004a60   Number         4  system_gd32e23x.o(.text.SystemInit)
    __arm_cp.0_4                             0x08004a64   Number         4  system_gd32e23x.o(.text.SystemInit)
    __arm_cp.0_5                             0x08004a68   Number         4  system_gd32e23x.o(.text.SystemInit)
    __arm_cp.0_6                             0x08004a6c   Number         4  system_gd32e23x.o(.text.SystemInit)
    __arm_cp.0_7                             0x08004a70   Number         4  system_gd32e23x.o(.text.SystemInit)
    __arm_cp.0_8                             0x08004a74   Number         4  system_gd32e23x.o(.text.SystemInit)
    [Anonymous Symbol]                       0x08004a78   Section        0  gd32e23x_it.o(.text.TIMER0_BRK_UP_TRG_COM_IRQHandler)
    [Anonymous Symbol]                       0x08004a80   Section        0  gd32e23x_it.o(.text.USART0_IRQHandler)
    [Anonymous Symbol]                       0x08004a88   Section        0  motor_drive.o(.text.WaterPump_Ctrl)
    __arm_cp.15_0                            0x08004ab4   Number         4  motor_drive.o(.text.WaterPump_Ctrl)
    __arm_cp.15_1                            0x08004ab8   Number         4  motor_drive.o(.text.WaterPump_Ctrl)
    __NVIC_EnableIRQ                         0x08004abd   Thumb Code    52  gd32e23x_misc.o(.text.__NVIC_EnableIRQ)
    [Anonymous Symbol]                       0x08004abc   Section        0  gd32e23x_misc.o(.text.__NVIC_EnableIRQ)
    __arm_cp.2_0                             0x08004aec   Number         4  gd32e23x_misc.o(.text.__NVIC_EnableIRQ)
    __NVIC_SetPriority                       0x08004af1   Thumb Code   128  gd32e23x_misc.o(.text.__NVIC_SetPriority)
    [Anonymous Symbol]                       0x08004af0   Section        0  gd32e23x_misc.o(.text.__NVIC_SetPriority)
    __NVIC_SetPriority                       0x08004b71   Thumb Code   136  systick.o(.text.__NVIC_SetPriority)
    [Anonymous Symbol]                       0x08004b70   Section        0  systick.o(.text.__NVIC_SetPriority)
    __arm_cp.3_0                             0x08004bf0   Number         4  systick.o(.text.__NVIC_SetPriority)
    __arm_cp.3_1                             0x08004bf4   Number         4  systick.o(.text.__NVIC_SetPriority)
    __NVIC_SystemReset                       0x08004bf9   Thumb Code    28  command.o(.text.__NVIC_SystemReset)
    [Anonymous Symbol]                       0x08004bf8   Section        0  command.o(.text.__NVIC_SystemReset)
    __arm_cp.4_0                             0x08004c0c   Number         4  command.o(.text.__NVIC_SystemReset)
    __arm_cp.4_1                             0x08004c10   Number         4  command.o(.text.__NVIC_SystemReset)
    axle_motor_pwm_handle                    0x08004c15   Thumb Code  1252  motor_drive.o(.text.axle_motor_pwm_handle)
    [Anonymous Symbol]                       0x08004c14   Section        0  motor_drive.o(.text.axle_motor_pwm_handle)
    __arm_cp.27_0                            0x080050f0   Number         4  motor_drive.o(.text.axle_motor_pwm_handle)
    __arm_cp.27_1                            0x080050f4   Number         4  motor_drive.o(.text.axle_motor_pwm_handle)
    [Anonymous Symbol]                       0x080050f8   Section        0  command.o(.text.back_device_status)
    __arm_cp.1_0                             0x08005144   Number         4  command.o(.text.back_device_status)
    [Anonymous Symbol]                       0x08005148   Section        0  command.o(.text.back_offset)
    [Anonymous Symbol]                       0x08005180   Section        0  command.o(.text.comm_check)
    __arm_cp.5_0                             0x08005204   Number         4  command.o(.text.comm_check)
    [Anonymous Symbol]                       0x08005208   Section        0  command.o(.text.comm_execute)
    __arm_cp.3_1                             0x080054d4   Number         4  command.o(.text.comm_execute)
    __arm_cp.3_2                             0x080054d8   Number         4  command.o(.text.comm_execute)
    __arm_cp.3_3                             0x080054dc   Number         4  command.o(.text.comm_execute)
    [Anonymous Symbol]                       0x080054e0   Section        0  command.o(.text.comm_handle)
    __arm_cp.6_0                             0x08005588   Number         4  command.o(.text.comm_handle)
    __arm_cp.6_1                             0x0800558c   Number         4  command.o(.text.comm_handle)
    __arm_cp.6_2                             0x08005590   Number         4  command.o(.text.comm_handle)
    __arm_cp.6_3                             0x08005594   Number         4  command.o(.text.comm_handle)
    __arm_cp.6_4                             0x08005598   Number         4  command.o(.text.comm_handle)
    __arm_cp.6_5                             0x0800559c   Number         4  command.o(.text.comm_handle)
    [Anonymous Symbol]                       0x080055a0   Section        0  motor_drive.o(.text.con_io_init)
    __arm_cp.0_0                             0x080055e8   Number         4  motor_drive.o(.text.con_io_init)
    __arm_cp.0_1                             0x080055ec   Number         4  motor_drive.o(.text.con_io_init)
    __arm_cp.0_2                             0x080055f0   Number         4  motor_drive.o(.text.con_io_init)
    __arm_cp.0_3                             0x080055f4   Number         4  motor_drive.o(.text.con_io_init)
    __arm_cp.0_4                             0x080055f8   Number         4  motor_drive.o(.text.con_io_init)
    [Anonymous Symbol]                       0x080055fc   Section        0  systick.o(.text.delay_1ms)
    [Anonymous Symbol]                       0x08005618   Section        0  systick.o(.text.delay_decrement)
    __arm_cp.6_1                             0x08005638   Number         4  systick.o(.text.delay_decrement)
    [Anonymous Symbol]                       0x0800563c   Section        0  systick.o(.text.delay_ms)
    __arm_cp.5_0                             0x08005658   Number         4  systick.o(.text.delay_ms)
    [Anonymous Symbol]                       0x0800565c   Section        0  other.o(.text.device_state_update)
    [Anonymous Symbol]                       0x08005690   Section        0  gd32e23x_dma.o(.text.dma_channel_disable)
    [Anonymous Symbol]                       0x080056b0   Section        0  gd32e23x_dma.o(.text.dma_channel_enable)
    [Anonymous Symbol]                       0x080056d0   Section        0  gd32e23x_dma.o(.text.dma_circulation_disable)
    [Anonymous Symbol]                       0x080056f0   Section        0  gd32e23x_dma.o(.text.dma_deinit)
    __arm_cp.0_4                             0x08005748   Number         4  gd32e23x_dma.o(.text.dma_deinit)
    [Anonymous Symbol]                       0x0800574c   Section        0  gd32e23x_dma.o(.text.dma_init)
    __arm_cp.2_0                             0x0800585c   Number         4  gd32e23x_dma.o(.text.dma_init)
    [Anonymous Symbol]                       0x08005860   Section        0  gd32e23x_dma.o(.text.dma_memory_address_config)
    __arm_cp.10_0                            0x0800587c   Number         4  gd32e23x_dma.o(.text.dma_memory_address_config)
    [Anonymous Symbol]                       0x08005880   Section        0  gd32e23x_dma.o(.text.dma_memory_to_memory_disable)
    __arm_cp.7_0                             0x080058a0   Number         4  gd32e23x_dma.o(.text.dma_memory_to_memory_disable)
    [Anonymous Symbol]                       0x080058a4   Section        0  gd32e23x_dma.o(.text.dma_transfer_number_config)
    [Anonymous Symbol]                       0x080058c0   Section        0  gd32e23x_dma.o(.text.dma_transfer_number_get)
    __arm_cp.12_0                            0x080058d8   Number         4  gd32e23x_dma.o(.text.dma_transfer_number_get)
    [Anonymous Symbol]                       0x080058dc   Section        0  motor_drive.o(.text.emptying_function)
    __arm_cp.22_0                            0x08005974   Number         4  motor_drive.o(.text.emptying_function)
    __arm_cp.22_1                            0x08005978   Number         4  motor_drive.o(.text.emptying_function)
    [Anonymous Symbol]                       0x0800597c   Section        0  gd32e23x_flash.o(.text.erase_flash_page)
    __arm_cp.0_0                             0x08005a20   Number         4  gd32e23x_flash.o(.text.erase_flash_page)
    fifo_check                               0x08005a25   Thumb Code    84  fifo.o(.text.fifo_check)
    [Anonymous Symbol]                       0x08005a24   Section        0  fifo.o(.text.fifo_check)
    [Anonymous Symbol]                       0x08005a78   Section        0  fifo.o(.text.fifo_dynamic_get_occupy_size)
    [Anonymous Symbol]                       0x08005ab4   Section        0  fifo.o(.text.fifo_dynamic_read)
    [Anonymous Symbol]                       0x08005af8   Section        0  fifo.o(.text.fifo_dynamic_register)
    [Anonymous Symbol]                       0x08005b88   Section        0  fifo.o(.text.fifo_dynamic_write)
    __arm_cp.6_0                             0x08005bcc   Number         4  fifo.o(.text.fifo_dynamic_write)
    [Anonymous Symbol]                       0x08005bd0   Section        0  fifo.o(.text.fifo_get_free_size)
    [Anonymous Symbol]                       0x08005c00   Section        0  fifo.o(.text.fifo_get_occupy_size)
    [Anonymous Symbol]                       0x08005c20   Section        0  fifo.o(.text.fifo_read)
    [Anonymous Symbol]                       0x08005cea   Section        0  fifo.o(.text.fifo_register)
    [Anonymous Symbol]                       0x08005d26   Section        0  fifo.o(.text.fifo_write)
    [Anonymous Symbol]                       0x08005df0   Section        0  gd32e23x_fmc.o(.text.fmc_flag_clear)
    [Anonymous Symbol]                       0x08005e00   Section        0  gd32e23x_fmc.o(.text.fmc_lock)
    [Anonymous Symbol]                       0x08005e0c   Section        0  gd32e23x_fmc.o(.text.fmc_page_erase)
    __arm_cp.5_1                             0x08005e64   Number         4  gd32e23x_fmc.o(.text.fmc_page_erase)
    [Anonymous Symbol]                       0x08005e68   Section        0  gd32e23x_fmc.o(.text.fmc_ready_wait)
    [Anonymous Symbol]                       0x08005ec4   Section        0  gd32e23x_fmc.o(.text.fmc_state_get)
    __arm_cp.29_0                            0x08005f14   Number         4  gd32e23x_fmc.o(.text.fmc_state_get)
    [Anonymous Symbol]                       0x08005f18   Section        0  gd32e23x_fmc.o(.text.fmc_unlock)
    __arm_cp.0_1                             0x08005f34   Number         4  gd32e23x_fmc.o(.text.fmc_unlock)
    __arm_cp.0_2                             0x08005f38   Number         4  gd32e23x_fmc.o(.text.fmc_unlock)
    __arm_cp.0_3                             0x08005f3c   Number         4  gd32e23x_fmc.o(.text.fmc_unlock)
    [Anonymous Symbol]                       0x08005f40   Section        0  gd32e23x_fmc.o(.text.fmc_word_program)
    __arm_cp.9_0                             0x08005f94   Number         4  gd32e23x_fmc.o(.text.fmc_word_program)
    [Anonymous Symbol]                       0x08005f98   Section        0  usart.o(.text.fputc)
    __arm_cp.7_0                             0x08005fc4   Number         4  usart.o(.text.fputc)
    __arm_cp.7_1                             0x08005fc8   Number         4  usart.o(.text.fputc)
    [Anonymous Symbol]                       0x08005fcc   Section        0  gd32e23x_fwdgt.o(.text.fwdgt_counter_reload)
    __arm_cp.6_0                             0x08005fd4   Number         4  gd32e23x_fwdgt.o(.text.fwdgt_counter_reload)
    __arm_cp.6_1                             0x08005fd8   Number         4  gd32e23x_fwdgt.o(.text.fwdgt_counter_reload)
    [Anonymous Symbol]                       0x08005fdc   Section        0  motor_drive.o(.text.get_device_state)
    __arm_cp.24_0                            0x08005fe0   Number         4  motor_drive.o(.text.get_device_state)
    [Anonymous Symbol]                       0x08005fe4   Section        0  motor_ctrl.o(.text.get_execution_schedule)
    __arm_cp.3_0                             0x0800601c   Number         4  motor_ctrl.o(.text.get_execution_schedule)
    __arm_cp.3_1                             0x08006020   Number         4  motor_ctrl.o(.text.get_execution_schedule)
    [Anonymous Symbol]                       0x08006024   Section        0  other.o(.text.get_offset)
    get_page_start_addr                      0x08006029   Thumb Code    24  gd32e23x_flash.o(.text.get_page_start_addr)
    [Anonymous Symbol]                       0x08006028   Section        0  gd32e23x_flash.o(.text.get_page_start_addr)
    __arm_cp.1_0                             0x0800603c   Number         4  gd32e23x_flash.o(.text.get_page_start_addr)
    [Anonymous Symbol]                       0x08006040   Section        0  gd32e23x_gpio.o(.text.gpio_af_set)
    [Anonymous Symbol]                       0x08006104   Section        0  gd32e23x_gpio.o(.text.gpio_bit_reset)
    [Anonymous Symbol]                       0x08006114   Section        0  gd32e23x_gpio.o(.text.gpio_bit_set)
    [Anonymous Symbol]                       0x08006124   Section        0  gd32e23x_gpio.o(.text.gpio_input_bit_get)
    [Anonymous Symbol]                       0x0800614e   Section        0  gd32e23x_gpio.o(.text.gpio_mode_set)
    [Anonymous Symbol]                       0x080061de   Section        0  gd32e23x_gpio.o(.text.gpio_output_options_set)
    [Anonymous Symbol]                       0x0800626c   Section        0  gd32e23x_gpio.o(.text.gpio_port_write)
    [Anonymous Symbol]                       0x08006280   Section        0  systick.o(.text.iwdg_feed)
    [Anonymous Symbol]                       0x08006288   Section        0  other.o(.text.load_offset)
    __arm_cp.0_0                             0x08006320   Number         4  other.o(.text.load_offset)
    __arm_cp.0_1                             0x08006324   Number         4  other.o(.text.load_offset)
    __arm_cp.0_2                             0x08006328   Number         4  other.o(.text.load_offset)
    [Anonymous Symbol]                       0x0800632c   Section        0  motor_drive.o(.text.low_water_alarm)
    __arm_cp.21_0                            0x08006384   Number         4  motor_drive.o(.text.low_water_alarm)
    __arm_cp.21_1                            0x08006388   Number         4  motor_drive.o(.text.low_water_alarm)
    __arm_cp.21_2                            0x0800638c   Number         4  motor_drive.o(.text.low_water_alarm)
    [Anonymous Symbol]                       0x08006390   Section        0  main.o(.text.main)
    __arm_cp.0_0                             0x08006404   Number         4  main.o(.text.main)
    __arm_cp.0_2                             0x08006408   Number         4  main.o(.text.main)
    [Anonymous Symbol]                       0x0800640c   Section        0  motor_drive.o(.text.motor_Tim_Init)
    __arm_cp.1_0                             0x0800646c   Number         4  motor_drive.o(.text.motor_Tim_Init)
    __arm_cp.1_1                             0x08006470   Number         4  motor_drive.o(.text.motor_Tim_Init)
    [Anonymous Symbol]                       0x08006474   Section        0  motor_ctrl.o(.text.motor_handle)
    __arm_cp.4_2                             0x0800660c   Number         4  motor_ctrl.o(.text.motor_handle)
    [Anonymous Symbol]                       0x08006610   Section        0  motor_ctrl.o(.text.motor_set_direction)
    __arm_cp.1_0                             0x08006634   Number         4  motor_ctrl.o(.text.motor_set_direction)
    [Anonymous Symbol]                       0x08006638   Section        0  motor_ctrl.o(.text.move_to_testPoint)
    __arm_cp.0_0                             0x080066f8   Number         4  motor_ctrl.o(.text.move_to_testPoint)
    __arm_cp.0_1                             0x080066fc   Number         4  motor_ctrl.o(.text.move_to_testPoint)
    __arm_cp.0_2                             0x08006700   Number         4  motor_ctrl.o(.text.move_to_testPoint)
    __arm_cp.0_3                             0x08006704   Number         4  motor_ctrl.o(.text.move_to_testPoint)
    [Anonymous Symbol]                       0x08006708   Section        0  gd32e23x_misc.o(.text.nvic_irq_enable)
    [Anonymous Symbol]                       0x0800673c   Section        0  gd32e23x_misc.o(.text.nvic_vector_table_set)
    __arm_cp.7_0                             0x08006754   Number         4  gd32e23x_misc.o(.text.nvic_vector_table_set)
    __arm_cp.7_1                             0x08006758   Number         4  gd32e23x_misc.o(.text.nvic_vector_table_set)
    [Anonymous Symbol]                       0x0800675c   Section        0  other.o(.text.other_handle)
    __arm_cp.5_0                             0x08006770   Number         4  other.o(.text.other_handle)
    [Anonymous Symbol]                       0x08006774   Section        0  motor_drive.o(.text.out_beepset)
    __arm_cp.11_0                            0x080067a0   Number         4  motor_drive.o(.text.out_beepset)
    [Anonymous Symbol]                       0x080067a4   Section        0  gd32e23x_flash.o(.text.program_flash)
    [Anonymous Symbol]                       0x08006810   Section        0  gd32e23x_rcu.o(.text.rcu_clock_freq_get)
    __arm_cp.38_0                            0x08006a70   Number         4  gd32e23x_rcu.o(.text.rcu_clock_freq_get)
    __arm_cp.38_1                            0x08006a74   Number         4  gd32e23x_rcu.o(.text.rcu_clock_freq_get)
    __arm_cp.38_2                            0x08006a78   Number         4  gd32e23x_rcu.o(.text.rcu_clock_freq_get)
    __arm_cp.38_3                            0x08006a7c   Number         4  gd32e23x_rcu.o(.text.rcu_clock_freq_get)
    __arm_cp.38_4                            0x08006a80   Number         4  gd32e23x_rcu.o(.text.rcu_clock_freq_get)
    __arm_cp.38_5                            0x08006a84   Number         4  gd32e23x_rcu.o(.text.rcu_clock_freq_get)
    __arm_cp.38_6                            0x08006a88   Number         4  gd32e23x_rcu.o(.text.rcu_clock_freq_get)
    __arm_cp.38_7                            0x08006a8c   Number         4  gd32e23x_rcu.o(.text.rcu_clock_freq_get)
    __arm_cp.38_8                            0x08006a90   Number         4  gd32e23x_rcu.o(.text.rcu_clock_freq_get)
    __arm_cp.38_9                            0x08006a94   Number         4  gd32e23x_rcu.o(.text.rcu_clock_freq_get)
    [Anonymous Symbol]                       0x08006a98   Section        0  gd32e23x_rcu.o(.text.rcu_periph_clock_enable)
    [Anonymous Symbol]                       0x08006abc   Section        0  gd32e23x_rcu.o(.text.rcu_periph_reset_disable)
    [Anonymous Symbol]                       0x08006ae0   Section        0  gd32e23x_rcu.o(.text.rcu_periph_reset_enable)
    [Anonymous Symbol]                       0x08006b04   Section        0  other.o(.text.save_offset)
    __arm_cp.1_0                             0x08006b68   Number         4  other.o(.text.save_offset)
    __arm_cp.1_1                             0x08006b6c   Number         4  other.o(.text.save_offset)
    [Anonymous Symbol]                       0x08006b70   Section        0  other.o(.text.set_offset)
    __arm_cp.2_0                             0x08006bd8   Number         4  other.o(.text.set_offset)
    __arm_cp.2_1                             0x08006bdc   Number         4  other.o(.text.set_offset)
    [Anonymous Symbol]                       0x08006be0   Section        0  motor_drive.o(.text.stop_key_handle)
    __arm_cp.23_0                            0x08006ca0   Number         4  motor_drive.o(.text.stop_key_handle)
    __arm_cp.23_1                            0x08006ca4   Number         4  motor_drive.o(.text.stop_key_handle)
    system_clock_72m_hxtal                   0x08006ca9   Thumb Code   236  system_gd32e23x.o(.text.system_clock_72m_hxtal)
    [Anonymous Symbol]                       0x08006ca8   Section        0  system_gd32e23x.o(.text.system_clock_72m_hxtal)
    __arm_cp.3_0                             0x08006d80   Number         4  system_gd32e23x.o(.text.system_clock_72m_hxtal)
    __arm_cp.3_1                             0x08006d84   Number         4  system_gd32e23x.o(.text.system_clock_72m_hxtal)
    __arm_cp.3_2                             0x08006d88   Number         4  system_gd32e23x.o(.text.system_clock_72m_hxtal)
    __arm_cp.3_3                             0x08006d8c   Number         4  system_gd32e23x.o(.text.system_clock_72m_hxtal)
    __arm_cp.3_4                             0x08006d90   Number         4  system_gd32e23x.o(.text.system_clock_72m_hxtal)
    system_clock_config                      0x08006d95   Thumb Code     8  system_gd32e23x.o(.text.system_clock_config)
    [Anonymous Symbol]                       0x08006d94   Section        0  system_gd32e23x.o(.text.system_clock_config)
    [Anonymous Symbol]                       0x08006d9c   Section        0  systick.o(.text.systick_config)
    __arm_cp.1_0                             0x08006dcc   Number         4  systick.o(.text.systick_config)
    [Anonymous Symbol]                       0x08006dd0   Section        0  motor_drive.o(.text.timer0_update_handle)
    [Anonymous Symbol]                       0x08006e04   Section        0  gd32e23x_timer.o(.text.timer_auto_reload_shadow_enable)
    [Anonymous Symbol]                       0x08006e18   Section        0  gd32e23x_timer.o(.text.timer_deinit)
    __arm_cp.0_1                             0x08006ee0   Number         4  gd32e23x_timer.o(.text.timer_deinit)
    __arm_cp.0_7                             0x08006ee4   Number         4  gd32e23x_timer.o(.text.timer_deinit)
    __arm_cp.0_8                             0x08006ee8   Number         4  gd32e23x_timer.o(.text.timer_deinit)
    __arm_cp.0_9                             0x08006eec   Number         4  gd32e23x_timer.o(.text.timer_deinit)
    __arm_cp.0_10                            0x08006ef0   Number         4  gd32e23x_timer.o(.text.timer_deinit)
    __arm_cp.0_11                            0x08006ef4   Number         4  gd32e23x_timer.o(.text.timer_deinit)
    [Anonymous Symbol]                       0x08006ef8   Section        0  gd32e23x_timer.o(.text.timer_enable)
    [Anonymous Symbol]                       0x08006f0c   Section        0  gd32e23x_timer.o(.text.timer_init)
    __arm_cp.2_0                             0x08006ff0   Number         4  gd32e23x_timer.o(.text.timer_init)
    __arm_cp.2_1                             0x08006ff4   Number         4  gd32e23x_timer.o(.text.timer_init)
    __arm_cp.2_2                             0x08006ff8   Number         4  gd32e23x_timer.o(.text.timer_init)
    __arm_cp.2_3                             0x08006ffc   Number         4  gd32e23x_timer.o(.text.timer_init)
    __arm_cp.2_4                             0x08007000   Number         4  gd32e23x_timer.o(.text.timer_init)
    __arm_cp.2_5                             0x08007004   Number         4  gd32e23x_timer.o(.text.timer_init)
    [Anonymous Symbol]                       0x08007008   Section        0  gd32e23x_timer.o(.text.timer_interrupt_enable)
    [Anonymous Symbol]                       0x0800701c   Section        0  gd32e23x_timer.o(.text.timer_interrupt_flag_clear)
    [Anonymous Symbol]                       0x08007030   Section        0  gd32e23x_timer.o(.text.timer_interrupt_flag_get)
    [Anonymous Symbol]                       0x0800706c   Section        0  gd32e23x_timer.o(.text.timer_primary_output_config)
    [Anonymous Symbol]                       0x080070a0   Section        0  update.o(.text.update_setFlag)
    __arm_cp.6_0                             0x080070b4   Number         4  update.o(.text.update_setFlag)
    [Anonymous Symbol]                       0x080070b8   Section        0  update.o(.text.update_writeMessage)
    __arm_cp.3_0                             0x080070f0   Number         4  update.o(.text.update_writeMessage)
    __arm_cp.3_1                             0x080070f4   Number         4  update.o(.text.update_writeMessage)
    [Anonymous Symbol]                       0x080070f8   Section        0  usart.o(.text.usart0_gpio_init)
    __arm_cp.0_0                             0x08007168   Number         4  usart.o(.text.usart0_gpio_init)
    [Anonymous Symbol]                       0x0800716c   Section        0  usart.o(.text.usart0_idle_handle)
    __arm_cp.6_1                             0x080071dc   Number         4  usart.o(.text.usart0_idle_handle)
    [Anonymous Symbol]                       0x080071e0   Section        0  usart.o(.text.usart0_init)
    __arm_cp.3_0                             0x08007250   Number         4  usart.o(.text.usart0_init)
    __arm_cp.3_2                             0x08007254   Number         4  usart.o(.text.usart0_init)
    [Anonymous Symbol]                       0x08007258   Section        0  usart.o(.text.usart0_rx_dma_init)
    __arm_cp.2_0                             0x080072bc   Number         4  usart.o(.text.usart0_rx_dma_init)
    __arm_cp.2_1                             0x080072c0   Number         4  usart.o(.text.usart0_rx_dma_init)
    [Anonymous Symbol]                       0x080072c4   Section        0  usart.o(.text.usart0_send_data)
    __arm_cp.4_1                             0x08007308   Number         4  usart.o(.text.usart0_send_data)
    [Anonymous Symbol]                       0x0800730c   Section        0  gd32e23x_usart.o(.text.usart_baudrate_set)
    __arm_cp.1_2                             0x080073b8   Number         4  gd32e23x_usart.o(.text.usart_baudrate_set)
    [Anonymous Symbol]                       0x080073bc   Section        0  gd32e23x_usart.o(.text.usart_data_receive)
    [Anonymous Symbol]                       0x080073cc   Section        0  gd32e23x_usart.o(.text.usart_data_transmit)
    __arm_cp.18_0                            0x080073e0   Number         4  gd32e23x_usart.o(.text.usart_data_transmit)
    [Anonymous Symbol]                       0x080073e4   Section        0  gd32e23x_usart.o(.text.usart_deinit)
    __arm_cp.0_0                             0x08007428   Number         4  gd32e23x_usart.o(.text.usart_deinit)
    __arm_cp.0_1                             0x0800742c   Number         4  gd32e23x_usart.o(.text.usart_deinit)
    __arm_cp.0_2                             0x08007430   Number         4  gd32e23x_usart.o(.text.usart_deinit)
    __arm_cp.0_3                             0x08007434   Number         4  gd32e23x_usart.o(.text.usart_deinit)
    [Anonymous Symbol]                       0x08007438   Section        0  gd32e23x_usart.o(.text.usart_dma_receive_config)
    [Anonymous Symbol]                       0x08007456   Section        0  gd32e23x_usart.o(.text.usart_enable)
    [Anonymous Symbol]                       0x08007468   Section        0  gd32e23x_usart.o(.text.usart_flag_get)
    [Anonymous Symbol]                       0x080074a2   Section        0  gd32e23x_usart.o(.text.usart_interrupt_enable)
    [Anonymous Symbol]                       0x080074c8   Section        0  gd32e23x_usart.o(.text.usart_interrupt_flag_clear)
    __arm_cp.73_0                            0x08007504   Number         4  gd32e23x_usart.o(.text.usart_interrupt_flag_clear)
    [Anonymous Symbol]                       0x08007508   Section        0  gd32e23x_usart.o(.text.usart_interrupt_flag_get)
    [Anonymous Symbol]                       0x0800756e   Section        0  gd32e23x_usart.o(.text.usart_receive_config)
    [Anonymous Symbol]                       0x0800758c   Section        0  gd32e23x_usart.o(.text.usart_transmit_config)
    water_pump_pwm_handle                    0x080075ad   Thumb Code   316  motor_drive.o(.text.water_pump_pwm_handle)
    [Anonymous Symbol]                       0x080075ac   Section        0  motor_drive.o(.text.water_pump_pwm_handle)
    __arm_cp.26_0                            0x080076e0   Number         4  motor_drive.o(.text.water_pump_pwm_handle)
    __arm_cp.26_1                            0x080076e4   Number         4  motor_drive.o(.text.water_pump_pwm_handle)
    [Anonymous Symbol]                       0x080076e8   Section        0  crc16.o(.text.ym_crc16)
    __arm_cp.0_0                             0x0800773c   Number         4  crc16.o(.text.ym_crc16)
    i.__0printf                              0x08007740   Section        0  printfa.o(i.__0printf)
    i.__ARM_clz                              0x08007760   Section        0  depilogue.o(i.__ARM_clz)
    i.__scatterload_copy                     0x0800778e   Section       14  handlers.o(i.__scatterload_copy)
    i.__scatterload_null                     0x0800779c   Section        2  handlers.o(i.__scatterload_null)
    i.__scatterload_zeroinit                 0x0800779e   Section       14  handlers.o(i.__scatterload_zeroinit)
    _fp_digits                               0x080077ad   Thumb Code   344  printfa.o(i._fp_digits)
    i._fp_digits                             0x080077ac   Section        0  printfa.o(i._fp_digits)
    _printf_core                             0x08007921   Thumb Code  1754  printfa.o(i._printf_core)
    i._printf_core                           0x08007920   Section        0  printfa.o(i._printf_core)
    _printf_post_padding                     0x0800800d   Thumb Code    32  printfa.o(i._printf_post_padding)
    i._printf_post_padding                   0x0800800c   Section        0  printfa.o(i._printf_post_padding)
    _printf_pre_padding                      0x0800802d   Thumb Code    44  printfa.o(i._printf_pre_padding)
    i._printf_pre_padding                    0x0800802c   Section        0  printfa.o(i._printf_pre_padding)
    i.free                                   0x08008058   Section        0  malloc.o(i.free)
    i.malloc                                 0x080080ac   Section        0  malloc.o(i.malloc)
    crc_table                                0x0800c64c   Data         512  crc16.o(.rodata.crc_table)
    [Anonymous Symbol]                       0x0800c64c   Section        0  crc16.o(.rodata.crc_table)
    .L.str                                   0x0800c84c   Data           9  update.o(.rodata.str1.1)
    [Anonymous Symbol]                       0x0800c84c   Section        0  update.o(.rodata.str1.1)
    .L.str                                   0x0800c855   Data           3  command.o(.rodata.str1.1)
    [Anonymous Symbol]                       0x0800c855   Section        0  command.o(.rodata.str1.1)
    .L.str.1                                 0x0800c858   Data           8  command.o(.rodata.str1.1)
    .L.str.2                                 0x0800c860   Data           8  command.o(.rodata.str1.1)
    .L.str.3                                 0x0800c868   Data           3  command.o(.rodata.str1.1)
    .L.str                                   0x0800c86b   Data          29  usart.o(.rodata.str1.1)
    [Anonymous Symbol]                       0x0800c86b   Section        0  usart.o(.rodata.str1.1)
    .L.str                                   0x0800c888   Data          12  main.o(.rodata.str1.1)
    [Anonymous Symbol]                       0x0800c888   Section        0  main.o(.rodata.str1.1)
    .L.str.1                                 0x0800c894   Data          14  main.o(.rodata.str1.1)
    .data                                    0x20000000   Section        4  stdout.o(.data)
    .data                                    0x20000004   Section        4  mvars.o(.data)
    .data                                    0x20000008   Section        4  mvars.o(.data)
    move_to_testPoint.pBuf                   0x20000010   Data           4  motor_ctrl.o(.data.move_to_testPoint.pBuf)
    [Anonymous Symbol]                       0x20000010   Section        0  motor_ctrl.o(.data.move_to_testPoint.pBuf)
    delay                                    0x200000a4   Data           4  systick.o(.bss.delay)
    [Anonymous Symbol]                       0x200000a4   Section        0  systick.o(.bss.delay)
    low_water_alarm.beepToggle               0x200000b0   Data           1  motor_drive.o(.bss.low_water_alarm.beepToggle)
    [Anonymous Symbol]                       0x200000b0   Section        0  motor_drive.o(.bss.low_water_alarm.beepToggle)
    low_water_alarm.time                     0x200000b4   Data           4  motor_drive.o(.bss.low_water_alarm.time)
    [Anonymous Symbol]                       0x200000b4   Section        0  motor_drive.o(.bss.low_water_alarm.time)
    offset_config                            0x200000b8   Data          20  other.o(.bss.offset_config)
    [Anonymous Symbol]                       0x200000b8   Section        0  other.o(.bss.offset_config)
    params                                   0x200000cc   Data         144  command.o(.bss.params)
    [Anonymous Symbol]                       0x200000cc   Section        0  command.o(.bss.params)
    stop_key_handle.key_flag                 0x2000015c   Data           1  motor_drive.o(.bss.stop_key_handle.key_flag)
    [Anonymous Symbol]                       0x2000015c   Section        0  motor_drive.o(.bss.stop_key_handle.key_flag)
    HEAP                                     0x200002a0   Section     2048  startup_gd32e23x.o(HEAP)
    STACK                                    0x20000aa0   Section     2048  startup_gd32e23x.o(STACK)

    Global Symbols

    Symbol Name                              Value     Ov Type        Size  Object(Section)

    BuildAttributes$$THM_ISAv3M$S$8M$PE$A:L22$X:L11$S22$IEEE1$IW$~IW$USESV6$~STKCKD$USESV7$~SHL$OTIME$ROPI$EBA8$MICROLIB$REQ8$PRES8$EABIv2 0x00000000   Number         0  anon$$obj.o ABSOLUTE
    __cpp_initialize__aeabi_                  - Undefined Weak Reference
    __cxa_finalize                            - Undefined Weak Reference
    __decompress                              - Undefined Weak Reference
    _clock_init                               - Undefined Weak Reference
    _microlib_exit                            - Undefined Weak Reference
    __Vectors_Size                           0x000000cc   Number         0  startup_gd32e23x.o ABSOLUTE
    __Vectors                                0x08003c00   Data           4  startup_gd32e23x.o(RESET)
    __Vectors_End                            0x08003ccc   Data           0  startup_gd32e23x.o(RESET)
    __main                                   0x08003ccd   Thumb Code     0  entry.o(.ARM.Collect$$$$00000000)
    _main_stk                                0x08003ccd   Thumb Code     0  entry2.o(.ARM.Collect$$$$00000001)
    _main_scatterload                        0x08003cd1   Thumb Code     0  entry5.o(.ARM.Collect$$$$00000004)
    __main_after_scatterload                 0x08003cd5   Thumb Code     0  entry5.o(.ARM.Collect$$$$00000004)
    _main_clock                              0x08003cd5   Thumb Code     0  entry7b.o(.ARM.Collect$$$$00000008)
    _main_cpp_init                           0x08003cd5   Thumb Code     0  entry8b.o(.ARM.Collect$$$$0000000A)
    _main_init                               0x08003cd5   Thumb Code     0  entry9a.o(.ARM.Collect$$$$0000000B)
    __rt_final_cpp                           0x08003cdd   Thumb Code     0  entry10a.o(.ARM.Collect$$$$0000000D)
    __rt_final_exit                          0x08003cdd   Thumb Code     0  entry11a.o(.ARM.Collect$$$$0000000F)
    Reset_Handler                            0x08003ce1   Thumb Code     8  startup_gd32e23x.o(.text)
    ADC_CMP_IRQHandler                       0x08003cf3   Thumb Code     0  startup_gd32e23x.o(.text)
    DMA_Channel0_IRQHandler                  0x08003cf3   Thumb Code     0  startup_gd32e23x.o(.text)
    DMA_Channel1_2_IRQHandler                0x08003cf3   Thumb Code     0  startup_gd32e23x.o(.text)
    DMA_Channel3_4_IRQHandler                0x08003cf3   Thumb Code     0  startup_gd32e23x.o(.text)
    EXTI0_1_IRQHandler                       0x08003cf3   Thumb Code     0  startup_gd32e23x.o(.text)
    EXTI2_3_IRQHandler                       0x08003cf3   Thumb Code     0  startup_gd32e23x.o(.text)
    EXTI4_15_IRQHandler                      0x08003cf3   Thumb Code     0  startup_gd32e23x.o(.text)
    FMC_IRQHandler                           0x08003cf3   Thumb Code     0  startup_gd32e23x.o(.text)
    I2C0_ER_IRQHandler                       0x08003cf3   Thumb Code     0  startup_gd32e23x.o(.text)
    I2C0_EV_IRQHandler                       0x08003cf3   Thumb Code     0  startup_gd32e23x.o(.text)
    I2C1_ER_IRQHandler                       0x08003cf3   Thumb Code     0  startup_gd32e23x.o(.text)
    I2C1_EV_IRQHandler                       0x08003cf3   Thumb Code     0  startup_gd32e23x.o(.text)
    LVD_IRQHandler                           0x08003cf3   Thumb Code     0  startup_gd32e23x.o(.text)
    RCU_IRQHandler                           0x08003cf3   Thumb Code     0  startup_gd32e23x.o(.text)
    RTC_IRQHandler                           0x08003cf3   Thumb Code     0  startup_gd32e23x.o(.text)
    SPI0_IRQHandler                          0x08003cf3   Thumb Code     0  startup_gd32e23x.o(.text)
    SPI1_IRQHandler                          0x08003cf3   Thumb Code     0  startup_gd32e23x.o(.text)
    TIMER0_Channel_IRQHandler                0x08003cf3   Thumb Code     0  startup_gd32e23x.o(.text)
    TIMER13_IRQHandler                       0x08003cf3   Thumb Code     0  startup_gd32e23x.o(.text)
    TIMER14_IRQHandler                       0x08003cf3   Thumb Code     0  startup_gd32e23x.o(.text)
    TIMER15_IRQHandler                       0x08003cf3   Thumb Code     0  startup_gd32e23x.o(.text)
    TIMER16_IRQHandler                       0x08003cf3   Thumb Code     0  startup_gd32e23x.o(.text)
    TIMER2_IRQHandler                        0x08003cf3   Thumb Code     0  startup_gd32e23x.o(.text)
    TIMER5_IRQHandler                        0x08003cf3   Thumb Code     0  startup_gd32e23x.o(.text)
    USART1_IRQHandler                        0x08003cf3   Thumb Code     0  startup_gd32e23x.o(.text)
    WWDGT_IRQHandler                         0x08003cf3   Thumb Code     0  startup_gd32e23x.o(.text)
    __aeabi_memcpy                           0x08003cfd   Thumb Code    36  memcpya.o(.text)
    __aeabi_memcpy4                          0x08003cfd   Thumb Code     0  memcpya.o(.text)
    __aeabi_memcpy8                          0x08003cfd   Thumb Code     0  memcpya.o(.text)
    __aeabi_memset                           0x08003d21   Thumb Code    14  memseta.o(.text)
    __aeabi_memset4                          0x08003d21   Thumb Code     0  memseta.o(.text)
    __aeabi_memset8                          0x08003d21   Thumb Code     0  memseta.o(.text)
    __aeabi_memclr                           0x08003d2f   Thumb Code     4  memseta.o(.text)
    __aeabi_memclr4                          0x08003d2f   Thumb Code     0  memseta.o(.text)
    __aeabi_memclr8                          0x08003d2f   Thumb Code     0  memseta.o(.text)
    _memset$wrapper                          0x08003d33   Thumb Code    18  memseta.o(.text)
    memcmp                                   0x08003d45   Thumb Code    26  memcmp.o(.text)
    __aeabi_fmul                             0x08003d5f   Thumb Code   122  fmul.o(.text)
    __aeabi_fdiv                             0x08003dd9   Thumb Code   124  fdiv.o(.text)
    __aeabi_ui2f                             0x08003e55   Thumb Code    14  ffltui.o(.text)
    __aeabi_f2iz                             0x08003e63   Thumb Code    50  ffixi.o(.text)
    __aeabi_uldivmod                         0x08003e95   Thumb Code    96  uldiv.o(.text)
    __I$use$fp                               0x08003ef5   Thumb Code     0  iusefp.o(.text)
    _float_round                             0x08003ef5   Thumb Code    16  fepilogue.o(.text)
    _float_epilogue                          0x08003f05   Thumb Code   114  fepilogue.o(.text)
    __aeabi_dadd                             0x08003f79   Thumb Code   328  dadd.o(.text)
    __aeabi_dsub                             0x080040c1   Thumb Code    12  dadd.o(.text)
    __aeabi_drsub                            0x080040cd   Thumb Code    12  dadd.o(.text)
    __aeabi_dmul                             0x080040dd   Thumb Code   202  dmul.o(.text)
    __aeabi_ddiv                             0x080041ad   Thumb Code   234  ddiv.o(.text)
    __aeabi_d2ulz                            0x0800429d   Thumb Code    54  dfixul.o(.text)
    __aeabi_cdrcmple                         0x080042dd   Thumb Code    38  cdrcmple.o(.text)
    __scatterload                            0x08004305   Thumb Code    28  init.o(.text)
    __scatterload_rt2                        0x08004305   Thumb Code     0  init.o(.text)
    __aeabi_uidiv$div0                       0x08004329   Thumb Code     0  uidiv_div0.o(.text)
    __aeabi_uidivmod                         0x08004329   Thumb Code    62  uidiv_div0.o(.text)
    __aeabi_llsl                             0x08004367   Thumb Code    32  llshl.o(.text)
    _ll_shift_l                              0x08004367   Thumb Code     0  llshl.o(.text)
    __aeabi_llsr                             0x08004387   Thumb Code    34  llushr.o(.text)
    _ll_ushift_r                             0x08004387   Thumb Code     0  llushr.o(.text)
    __aeabi_lasr                             0x080043a9   Thumb Code    38  llsshr.o(.text)
    _ll_sshift_r                             0x080043a9   Thumb Code     0  llsshr.o(.text)
    _double_round                            0x080043cf   Thumb Code    26  depilogue.o(.text)
    _double_epilogue                         0x080043e9   Thumb Code   164  depilogue.o(.text)
    CommSend                                 0x0800448d   Thumb Code   140  command.o(.text.CommSend)
    HAL_GetTick                              0x08004519   Thumb Code    12  systick.o(.text.HAL_GetTick)
    HardFault_Handler                        0x08004525   Thumb Code     4  gd32e23x_it.o(.text.HardFault_Handler)
    INT_key_X                                0x08004529   Thumb Code     8  motor_drive.o(.text.INT_key_X)
    INT_key_Y                                0x08004531   Thumb Code     8  motor_drive.o(.text.INT_key_Y)
    INT_key_Z                                0x08004539   Thumb Code     8  motor_drive.o(.text.INT_key_Z)
    INT_normalSalineLow                      0x08004541   Thumb Code    46  motor_drive.o(.text.INT_normalSalineLow)
    MOTOR_SetDoutIt                          0x0800456f   Thumb Code   174  motor_ctrl.o(.text.MOTOR_SetDoutIt)
    Mote_SetCoor                             0x0800461d   Thumb Code   200  motor_drive.o(.text.Mote_SetCoor)
    Mote_SetGotoZero                         0x080046e5   Thumb Code   168  motor_drive.o(.text.Mote_SetGotoZero)
    Moter_DriveGotoZero                      0x0800478d   Thumb Code   212  motor_drive.o(.text.Moter_DriveGotoZero)
    Moter_ReadAllStatic                      0x08004861   Thumb Code    56  motor_drive.o(.text.Moter_ReadAllStatic)
    Moter_ReadCoor                           0x08004899   Thumb Code    44  motor_drive.o(.text.Moter_ReadCoor)
    Moter_ReadZero                           0x080048c5   Thumb Code    60  motor_drive.o(.text.Moter_ReadZero)
    NMI_Handler                              0x08004901   Thumb Code     2  gd32e23x_it.o(.text.NMI_Handler)
    OUT_LED                                  0x08004905   Thumb Code    44  motor_drive.o(.text.OUT_LED)
    OUT_UV                                   0x08004931   Thumb Code    60  motor_drive.o(.text.OUT_UV)
    PendSV_Handler                           0x0800496d   Thumb Code     2  gd32e23x_it.o(.text.PendSV_Handler)
    SVC_Handler                              0x0800496f   Thumb Code     2  gd32e23x_it.o(.text.SVC_Handler)
    SysTick_Handler                          0x080049c5   Thumb Code     8  gd32e23x_it.o(.text.SysTick_Handler)
    SystemInit                               0x080049cd   Thumb Code   172  system_gd32e23x.o(.text.SystemInit)
    TIMER0_BRK_UP_TRG_COM_IRQHandler         0x08004a79   Thumb Code     8  gd32e23x_it.o(.text.TIMER0_BRK_UP_TRG_COM_IRQHandler)
    USART0_IRQHandler                        0x08004a81   Thumb Code     8  gd32e23x_it.o(.text.USART0_IRQHandler)
    WaterPump_Ctrl                           0x08004a89   Thumb Code    52  motor_drive.o(.text.WaterPump_Ctrl)
    back_device_status                       0x080050f9   Thumb Code    80  command.o(.text.back_device_status)
    back_offset                              0x08005149   Thumb Code    54  command.o(.text.back_offset)
    comm_check                               0x08005181   Thumb Code   136  command.o(.text.comm_check)
    comm_execute                             0x08005209   Thumb Code   728  command.o(.text.comm_execute)
    comm_handle                              0x080054e1   Thumb Code   192  command.o(.text.comm_handle)
    con_io_init                              0x080055a1   Thumb Code    92  motor_drive.o(.text.con_io_init)
    delay_1ms                                0x080055fd   Thumb Code    28  systick.o(.text.delay_1ms)
    delay_decrement                          0x08005619   Thumb Code    36  systick.o(.text.delay_decrement)
    delay_ms                                 0x0800563d   Thumb Code    32  systick.o(.text.delay_ms)
    device_state_update                      0x0800565d   Thumb Code    50  other.o(.text.device_state_update)
    dma_channel_disable                      0x08005691   Thumb Code    32  gd32e23x_dma.o(.text.dma_channel_disable)
    dma_channel_enable                       0x080056b1   Thumb Code    32  gd32e23x_dma.o(.text.dma_channel_enable)
    dma_circulation_disable                  0x080056d1   Thumb Code    32  gd32e23x_dma.o(.text.dma_circulation_disable)
    dma_deinit                               0x080056f1   Thumb Code    92  gd32e23x_dma.o(.text.dma_deinit)
    dma_init                                 0x0800574d   Thumb Code   276  gd32e23x_dma.o(.text.dma_init)
    dma_memory_address_config                0x08005861   Thumb Code    32  gd32e23x_dma.o(.text.dma_memory_address_config)
    dma_memory_to_memory_disable             0x08005881   Thumb Code    36  gd32e23x_dma.o(.text.dma_memory_to_memory_disable)
    dma_transfer_number_config               0x080058a5   Thumb Code    28  gd32e23x_dma.o(.text.dma_transfer_number_config)
    dma_transfer_number_get                  0x080058c1   Thumb Code    28  gd32e23x_dma.o(.text.dma_transfer_number_get)
    emptying_function                        0x080058dd   Thumb Code   160  motor_drive.o(.text.emptying_function)
    erase_flash_page                         0x0800597d   Thumb Code   168  gd32e23x_flash.o(.text.erase_flash_page)
    fifo_dynamic_get_occupy_size             0x08005a79   Thumb Code    60  fifo.o(.text.fifo_dynamic_get_occupy_size)
    fifo_dynamic_read                        0x08005ab5   Thumb Code    68  fifo.o(.text.fifo_dynamic_read)
    fifo_dynamic_register                    0x08005af9   Thumb Code   144  fifo.o(.text.fifo_dynamic_register)
    fifo_dynamic_write                       0x08005b89   Thumb Code    72  fifo.o(.text.fifo_dynamic_write)
    fifo_get_free_size                       0x08005bd1   Thumb Code    48  fifo.o(.text.fifo_get_free_size)
    fifo_get_occupy_size                     0x08005c01   Thumb Code    32  fifo.o(.text.fifo_get_occupy_size)
    fifo_read                                0x08005c21   Thumb Code   202  fifo.o(.text.fifo_read)
    fifo_register                            0x08005ceb   Thumb Code    60  fifo.o(.text.fifo_register)
    fifo_write                               0x08005d27   Thumb Code   202  fifo.o(.text.fifo_write)
    fmc_flag_clear                           0x08005df1   Thumb Code    16  gd32e23x_fmc.o(.text.fmc_flag_clear)
    fmc_lock                                 0x08005e01   Thumb Code    12  gd32e23x_fmc.o(.text.fmc_lock)
    fmc_page_erase                           0x08005e0d   Thumb Code    92  gd32e23x_fmc.o(.text.fmc_page_erase)
    fmc_ready_wait                           0x08005e69   Thumb Code    90  gd32e23x_fmc.o(.text.fmc_ready_wait)
    fmc_state_get                            0x08005ec5   Thumb Code    84  gd32e23x_fmc.o(.text.fmc_state_get)
    fmc_unlock                               0x08005f19   Thumb Code    40  gd32e23x_fmc.o(.text.fmc_unlock)
    fmc_word_program                         0x08005f41   Thumb Code    88  gd32e23x_fmc.o(.text.fmc_word_program)
    fputc                                    0x08005f99   Thumb Code    52  usart.o(.text.fputc)
    fwdgt_counter_reload                     0x08005fcd   Thumb Code    16  gd32e23x_fwdgt.o(.text.fwdgt_counter_reload)
    get_device_state                         0x08005fdd   Thumb Code     8  motor_drive.o(.text.get_device_state)
    get_execution_schedule                   0x08005fe5   Thumb Code    64  motor_ctrl.o(.text.get_execution_schedule)
    get_offset                               0x08006025   Thumb Code     4  other.o(.text.get_offset)
    gpio_af_set                              0x08006041   Thumb Code   196  gd32e23x_gpio.o(.text.gpio_af_set)
    gpio_bit_reset                           0x08006105   Thumb Code    16  gd32e23x_gpio.o(.text.gpio_bit_reset)
    gpio_bit_set                             0x08006115   Thumb Code    16  gd32e23x_gpio.o(.text.gpio_bit_set)
    gpio_input_bit_get                       0x08006125   Thumb Code    42  gd32e23x_gpio.o(.text.gpio_input_bit_get)
    gpio_mode_set                            0x0800614f   Thumb Code   144  gd32e23x_gpio.o(.text.gpio_mode_set)
    gpio_output_options_set                  0x080061df   Thumb Code   142  gd32e23x_gpio.o(.text.gpio_output_options_set)
    gpio_port_write                          0x0800626d   Thumb Code    20  gd32e23x_gpio.o(.text.gpio_port_write)
    iwdg_feed                                0x08006281   Thumb Code     8  systick.o(.text.iwdg_feed)
    load_offset                              0x08006289   Thumb Code   164  other.o(.text.load_offset)
    low_water_alarm                          0x0800632d   Thumb Code   100  motor_drive.o(.text.low_water_alarm)
    main                                     0x08006391   Thumb Code   124  main.o(.text.main)
    motor_Tim_Init                           0x0800640d   Thumb Code   104  motor_drive.o(.text.motor_Tim_Init)
    motor_handle                             0x08006475   Thumb Code   412  motor_ctrl.o(.text.motor_handle)
    motor_set_direction                      0x08006611   Thumb Code    40  motor_ctrl.o(.text.motor_set_direction)
    move_to_testPoint                        0x08006639   Thumb Code   208  motor_ctrl.o(.text.move_to_testPoint)
    nvic_irq_enable                          0x08006709   Thumb Code    52  gd32e23x_misc.o(.text.nvic_irq_enable)
    nvic_vector_table_set                    0x0800673d   Thumb Code    32  gd32e23x_misc.o(.text.nvic_vector_table_set)
    other_handle                             0x0800675d   Thumb Code    24  other.o(.text.other_handle)
    out_beepset                              0x08006775   Thumb Code    48  motor_drive.o(.text.out_beepset)
    program_flash                            0x080067a5   Thumb Code   108  gd32e23x_flash.o(.text.program_flash)
    rcu_clock_freq_get                       0x08006811   Thumb Code   648  gd32e23x_rcu.o(.text.rcu_clock_freq_get)
    rcu_periph_clock_enable                  0x08006a99   Thumb Code    36  gd32e23x_rcu.o(.text.rcu_periph_clock_enable)
    rcu_periph_reset_disable                 0x08006abd   Thumb Code    36  gd32e23x_rcu.o(.text.rcu_periph_reset_disable)
    rcu_periph_reset_enable                  0x08006ae1   Thumb Code    36  gd32e23x_rcu.o(.text.rcu_periph_reset_enable)
    save_offset                              0x08006b05   Thumb Code   108  other.o(.text.save_offset)
    set_offset                               0x08006b71   Thumb Code   112  other.o(.text.set_offset)
    stop_key_handle                          0x08006be1   Thumb Code   200  motor_drive.o(.text.stop_key_handle)
    systick_config                           0x08006d9d   Thumb Code    52  systick.o(.text.systick_config)
    timer0_update_handle                     0x08006dd1   Thumb Code    52  motor_drive.o(.text.timer0_update_handle)
    timer_auto_reload_shadow_enable          0x08006e05   Thumb Code    18  gd32e23x_timer.o(.text.timer_auto_reload_shadow_enable)
    timer_deinit                             0x08006e19   Thumb Code   224  gd32e23x_timer.o(.text.timer_deinit)
    timer_enable                             0x08006ef9   Thumb Code    18  gd32e23x_timer.o(.text.timer_enable)
    timer_init                               0x08006f0d   Thumb Code   252  gd32e23x_timer.o(.text.timer_init)
    timer_interrupt_enable                   0x08007009   Thumb Code    20  gd32e23x_timer.o(.text.timer_interrupt_enable)
    timer_interrupt_flag_clear               0x0800701d   Thumb Code    20  gd32e23x_timer.o(.text.timer_interrupt_flag_clear)
    timer_interrupt_flag_get                 0x08007031   Thumb Code    60  gd32e23x_timer.o(.text.timer_interrupt_flag_get)
    timer_primary_output_config              0x0800706d   Thumb Code    50  gd32e23x_timer.o(.text.timer_primary_output_config)
    update_setFlag                           0x080070a1   Thumb Code    24  update.o(.text.update_setFlag)
    update_writeMessage                      0x080070b9   Thumb Code    64  update.o(.text.update_writeMessage)
    usart0_gpio_init                         0x080070f9   Thumb Code   116  usart.o(.text.usart0_gpio_init)
    usart0_idle_handle                       0x0800716d   Thumb Code   116  usart.o(.text.usart0_idle_handle)
    usart0_init                              0x080071e1   Thumb Code   120  usart.o(.text.usart0_init)
    usart0_rx_dma_init                       0x08007259   Thumb Code   108  usart.o(.text.usart0_rx_dma_init)
    usart0_send_data                         0x080072c5   Thumb Code    72  usart.o(.text.usart0_send_data)
    usart_baudrate_set                       0x0800730d   Thumb Code   176  gd32e23x_usart.o(.text.usart_baudrate_set)
    usart_data_receive                       0x080073bd   Thumb Code    16  gd32e23x_usart.o(.text.usart_data_receive)
    usart_data_transmit                      0x080073cd   Thumb Code    24  gd32e23x_usart.o(.text.usart_data_transmit)
    usart_deinit                             0x080073e5   Thumb Code    84  gd32e23x_usart.o(.text.usart_deinit)
    usart_dma_receive_config                 0x08007439   Thumb Code    30  gd32e23x_usart.o(.text.usart_dma_receive_config)
    usart_enable                             0x08007457   Thumb Code    18  gd32e23x_usart.o(.text.usart_enable)
    usart_flag_get                           0x08007469   Thumb Code    58  gd32e23x_usart.o(.text.usart_flag_get)
    usart_interrupt_enable                   0x080074a3   Thumb Code    38  gd32e23x_usart.o(.text.usart_interrupt_enable)
    usart_interrupt_flag_clear               0x080074c9   Thumb Code    64  gd32e23x_usart.o(.text.usart_interrupt_flag_clear)
    usart_interrupt_flag_get                 0x08007509   Thumb Code   102  gd32e23x_usart.o(.text.usart_interrupt_flag_get)
    usart_receive_config                     0x0800756f   Thumb Code    30  gd32e23x_usart.o(.text.usart_receive_config)
    usart_transmit_config                    0x0800758d   Thumb Code    30  gd32e23x_usart.o(.text.usart_transmit_config)
    ym_crc16                                 0x080076e9   Thumb Code    88  crc16.o(.text.ym_crc16)
    __0printf                                0x08007741   Thumb Code    24  printfa.o(i.__0printf)
    __1printf                                0x08007741   Thumb Code     0  printfa.o(i.__0printf)
    __2printf                                0x08007741   Thumb Code     0  printfa.o(i.__0printf)
    __c89printf                              0x08007741   Thumb Code     0  printfa.o(i.__0printf)
    printf                                   0x08007741   Thumb Code     0  printfa.o(i.__0printf)
    __ARM_clz                                0x08007761   Thumb Code    46  depilogue.o(i.__ARM_clz)
    __scatterload_copy                       0x0800778f   Thumb Code    14  handlers.o(i.__scatterload_copy)
    __scatterload_null                       0x0800779d   Thumb Code     2  handlers.o(i.__scatterload_null)
    __scatterload_zeroinit                   0x0800779f   Thumb Code    14  handlers.o(i.__scatterload_zeroinit)
    free                                     0x08008059   Thumb Code    80  malloc.o(i.free)
    malloc                                   0x080080ad   Thumb Code    92  malloc.o(i.malloc)
    MedicineOut_1                            0x08008118   Data         368  constcoor.o(.rodata.MedicineOut_1)
    MedicineOut_10                           0x08008288   Data        1696  constcoor.o(.rodata.MedicineOut_10)
    MedicineOut_11                           0x08008928   Data        2272  constcoor.o(.rodata.MedicineOut_11)
    MedicineOut_12                           0x08009208   Data        2816  constcoor.o(.rodata.MedicineOut_12)
    MedicineOut_13                           0x08009d08   Data        1120  constcoor.o(.rodata.MedicineOut_13)
    MedicineOut_14                           0x0800a168   Data        1696  constcoor.o(.rodata.MedicineOut_14)
    MedicineOut_15                           0x0800a808   Data        2272  constcoor.o(.rodata.MedicineOut_15)
    MedicineOut_16                           0x0800b0e8   Data        2848  constcoor.o(.rodata.MedicineOut_16)
    MedicineOut_17                           0x0800bc08   Data           2  constcoor.o(.rodata.MedicineOut_17)
    MedicineOut_2                            0x0800bc0a   Data         368  constcoor.o(.rodata.MedicineOut_2)
    MedicineOut_3                            0x0800bd7a   Data         448  constcoor.o(.rodata.MedicineOut_3)
    MedicineOut_4                            0x0800bf3a   Data         448  constcoor.o(.rodata.MedicineOut_4)
    MedicineOut_5                            0x0800c0fa   Data           2  constcoor.o(.rodata.MedicineOut_5)
    MedicineOut_6                            0x0800c0fc   Data           2  constcoor.o(.rodata.MedicineOut_6)
    MedicineOut_7                            0x0800c0fe   Data           2  constcoor.o(.rodata.MedicineOut_7)
    MedicineOut_8                            0x0800c100   Data           2  constcoor.o(.rodata.MedicineOut_8)
    MedicineOut_9                            0x0800c102   Data        1120  constcoor.o(.rodata.MedicineOut_9)
    MedicineOut_99                           0x0800c562   Data          96  constcoor.o(.rodata.MedicineOut_99)
    TrackData                                0x0800c5c4   Data         136  constcoor.o(.rodata.TrackData)
    testPoint_leftEye                        0x0800c8a4   Data          24  motor_ctrl.o(.rodata.testPoint_leftEye)
    testPoint_mouth                          0x0800c8bc   Data          24  motor_ctrl.o(.rodata.testPoint_mouth)
    testPoint_rigthEye                       0x0800c8d4   Data          24  motor_ctrl.o(.rodata.testPoint_rigthEye)
    Region$$Table$$Base                      0x0800c8ec   Number         0  anon$$obj.o(Region$$Table)
    Region$$Table$$Limit                     0x0800c90c   Number         0  anon$$obj.o(Region$$Table)
    __stdout                                 0x20000000   Data           4  stdout.o(.data)
    __microlib_freelist                      0x20000004   Data           4  mvars.o(.data)
    __microlib_freelist_initialised          0x20000008   Data           4  mvars.o(.data)
    SystemCoreClock                          0x2000000c   Data           4  system_gd32e23x.o(.data.SystemCoreClock)
    version                                  0x20000014   Data           4  update.o(.data.version)
    MotorData                                0x20000018   Data         124  motor_drive.o(.bss.MotorData)
    ReturnData                               0x20000094   Data          10  command.o(.bss.ReturnData)
    SysTimMs                                 0x200000a0   Data           4  systick.o(.bss.SysTimMs)
    fifo_num                                 0x200000a8   Data           8  fifo.o(.bss.fifo_num)
    usart0_rxbuf                             0x2000015d   Data         256  usart.o(.bss.usart0_rxbuf)
    usart0_txbuf                             0x2000025d   Data          64  usart.o(.bss.usart0_txbuf)
    __heap_base                              0x200002a0   Data           0  startup_gd32e23x.o(HEAP)
    __heap_limit                             0x20000aa0   Data           0  startup_gd32e23x.o(HEAP)
    __initial_sp                             0x200012a0   Data           0  startup_gd32e23x.o(STACK)



==============================================================================

Memory Map of the image

  Image Entry point : 0x08003ccd

  Load Region LR_IROM1 (Base: 0x08003c00, Size: 0x00008d28, Max: 0x0000b400, ABSOLUTE)

    Execution Region ER_IROM1 (Exec base: 0x08003c00, Load base: 0x08003c00, Size: 0x00008d0c, Max: 0x0000b400, ABSOLUTE)

    Exec Addr    Load Addr    Size         Type   Attr      Idx    E Section Name        Object

    0x08003c00   0x08003c00   0x000000cc   Data   RO         1140    RESET               startup_gd32e23x.o
    0x08003ccc   0x08003ccc   0x00000000   Code   RO         1492  * .ARM.Collect$$$$00000000  mc_p.l(entry.o)
    0x08003ccc   0x08003ccc   0x00000004   Code   RO         1567    .ARM.Collect$$$$00000001  mc_p.l(entry2.o)
    0x08003cd0   0x08003cd0   0x00000004   Code   RO         1570    .ARM.Collect$$$$00000004  mc_p.l(entry5.o)
    0x08003cd4   0x08003cd4   0x00000000   Code   RO         1572    .ARM.Collect$$$$00000008  mc_p.l(entry7b.o)
    0x08003cd4   0x08003cd4   0x00000000   Code   RO         1574    .ARM.Collect$$$$0000000A  mc_p.l(entry8b.o)
    0x08003cd4   0x08003cd4   0x00000008   Code   RO         1575    .ARM.Collect$$$$0000000B  mc_p.l(entry9a.o)
    0x08003cdc   0x08003cdc   0x00000000   Code   RO         1577    .ARM.Collect$$$$0000000D  mc_p.l(entry10a.o)
    0x08003cdc   0x08003cdc   0x00000000   Code   RO         1579    .ARM.Collect$$$$0000000F  mc_p.l(entry11a.o)
    0x08003cdc   0x08003cdc   0x00000004   Code   RO         1568    .ARM.Collect$$$$00002712  mc_p.l(entry2.o)
    0x08003ce0   0x08003ce0   0x0000001c   Code   RO         1141    .text               startup_gd32e23x.o
    0x08003cfc   0x08003cfc   0x00000024   Code   RO         1495    .text               mc_p.l(memcpya.o)
    0x08003d20   0x08003d20   0x00000024   Code   RO         1497    .text               mc_p.l(memseta.o)
    0x08003d44   0x08003d44   0x0000001a   Code   RO         1499    .text               mc_p.l(memcmp.o)
    0x08003d5e   0x08003d5e   0x0000007a   Code   RO         1559    .text               mf_p.l(fmul.o)
    0x08003dd8   0x08003dd8   0x0000007c   Code   RO         1561    .text               mf_p.l(fdiv.o)
    0x08003e54   0x08003e54   0x0000000e   Code   RO         1563    .text               mf_p.l(ffltui.o)
    0x08003e62   0x08003e62   0x00000032   Code   RO         1565    .text               mf_p.l(ffixi.o)
    0x08003e94   0x08003e94   0x00000060   Code   RO         1586    .text               mc_p.l(uldiv.o)
    0x08003ef4   0x08003ef4   0x00000000   Code   RO         1590    .text               mc_p.l(iusefp.o)
    0x08003ef4   0x08003ef4   0x00000082   Code   RO         1591    .text               mf_p.l(fepilogue.o)
    0x08003f76   0x08003f76   0x00000002   PAD
    0x08003f78   0x08003f78   0x00000164   Code   RO         1593    .text               mf_p.l(dadd.o)
    0x080040dc   0x080040dc   0x000000d0   Code   RO         1595    .text               mf_p.l(dmul.o)
    0x080041ac   0x080041ac   0x000000f0   Code   RO         1597    .text               mf_p.l(ddiv.o)
    0x0800429c   0x0800429c   0x00000040   Code   RO         1599    .text               mf_p.l(dfixul.o)
    0x080042dc   0x080042dc   0x00000028   Code   RO         1601    .text               mf_p.l(cdrcmple.o)
    0x08004304   0x08004304   0x00000024   Code   RO         1603    .text               mc_p.l(init.o)
    0x08004328   0x08004328   0x0000003e   Code   RO         1607    .text               mc_p.l(uidiv_div0.o)
    0x08004366   0x08004366   0x00000020   Code   RO         1613    .text               mc_p.l(llshl.o)
    0x08004386   0x08004386   0x00000022   Code   RO         1615    .text               mc_p.l(llushr.o)
    0x080043a8   0x080043a8   0x00000026   Code   RO         1617    .text               mc_p.l(llsshr.o)
    0x080043ce   0x080043ce   0x000000be   Code   RO         1619    .text               mf_p.l(depilogue.o)
    0x0800448c   0x0800448c   0x0000008c   Code   RO         1173    .text.CommSend      command.o
    0x08004518   0x08004518   0x0000000c   Code   RO         1469    .text.HAL_GetTick   systick.o
    0x08004524   0x08004524   0x00000004   Code   RO         1418    .text.HardFault_Handler  gd32e23x_it.o
    0x08004528   0x08004528   0x00000008   Code   RO         1272    .text.INT_key_X     motor_drive.o
    0x08004530   0x08004530   0x00000008   Code   RO         1274    .text.INT_key_Y     motor_drive.o
    0x08004538   0x08004538   0x00000008   Code   RO         1276    .text.INT_key_Z     motor_drive.o
    0x08004540   0x08004540   0x0000002e   Code   RO         1278    .text.INT_normalSalineLow  motor_drive.o
    0x0800456e   0x0800456e   0x000000ae   Code   RO         1221    .text.MOTOR_SetDoutIt  motor_ctrl.o
    0x0800461c   0x0800461c   0x000000c8   Code   RO         1244    .text.Mote_SetCoor  motor_drive.o
    0x080046e4   0x080046e4   0x000000a8   Code   RO         1256    .text.Mote_SetGotoZero  motor_drive.o
    0x0800478c   0x0800478c   0x000000d4   Code   RO         1258    .text.Moter_DriveGotoZero  motor_drive.o
    0x08004860   0x08004860   0x00000038   Code   RO         1254    .text.Moter_ReadAllStatic  motor_drive.o
    0x08004898   0x08004898   0x0000002c   Code   RO         1250    .text.Moter_ReadCoor  motor_drive.o
    0x080048c4   0x080048c4   0x0000003c   Code   RO         1262    .text.Moter_ReadZero  motor_drive.o
    0x08004900   0x08004900   0x00000002   Code   RO         1416    .text.NMI_Handler   gd32e23x_it.o
    0x08004902   0x08004902   0x00000002   PAD
    0x08004904   0x08004904   0x0000002c   Code   RO         1266    .text.OUT_LED       motor_drive.o
    0x08004930   0x08004930   0x0000003c   Code   RO         1264    .text.OUT_UV        motor_drive.o
    0x0800496c   0x0800496c   0x00000002   Code   RO         1430    .text.PendSV_Handler  gd32e23x_it.o
    0x0800496e   0x0800496e   0x00000002   Code   RO         1426    .text.SVC_Handler   gd32e23x_it.o
    0x08004970   0x08004970   0x00000054   Code   RO         1459    .text.SysTick_Config  systick.o
    0x080049c4   0x080049c4   0x00000008   Code   RO         1432    .text.SysTick_Handler  gd32e23x_it.o
    0x080049cc   0x080049cc   0x000000ac   Code   RO            2    .text.SystemInit    system_gd32e23x.o
    0x08004a78   0x08004a78   0x00000008   Code   RO         1436    .text.TIMER0_BRK_UP_TRG_COM_IRQHandler  gd32e23x_it.o
    0x08004a80   0x08004a80   0x00000008   Code   RO         1434    .text.USART0_IRQHandler  gd32e23x_it.o
    0x08004a88   0x08004a88   0x00000034   Code   RO         1268    .text.WaterPump_Ctrl  motor_drive.o
    0x08004abc   0x08004abc   0x00000034   Code   RO          473    .text.__NVIC_EnableIRQ  gd32e23x_misc.o
    0x08004af0   0x08004af0   0x00000080   Code   RO          471    .text.__NVIC_SetPriority  gd32e23x_misc.o
    0x08004b70   0x08004b70   0x00000088   Code   RO         1461    .text.__NVIC_SetPriority  systick.o
    0x08004bf8   0x08004bf8   0x0000001c   Code   RO         1181    .text.__NVIC_SystemReset  command.o
    0x08004c14   0x08004c14   0x000004e4   Code   RO         1292    .text.axle_motor_pwm_handle  motor_drive.o
    0x080050f8   0x080050f8   0x00000050   Code   RO         1175    .text.back_device_status  command.o
    0x08005148   0x08005148   0x00000036   Code   RO         1177    .text.back_offset   command.o
    0x0800517e   0x0800517e   0x00000002   PAD
    0x08005180   0x08005180   0x00000088   Code   RO         1183    .text.comm_check    command.o
    0x08005208   0x08005208   0x000002d8   Code   RO         1179    .text.comm_execute  command.o
    0x080054e0   0x080054e0   0x000000c0   Code   RO         1185    .text.comm_handle   command.o
    0x080055a0   0x080055a0   0x0000005c   Code   RO         1238    .text.con_io_init   motor_drive.o
    0x080055fc   0x080055fc   0x0000001c   Code   RO         1463    .text.delay_1ms     systick.o
    0x08005618   0x08005618   0x00000024   Code   RO         1467    .text.delay_decrement  systick.o
    0x0800563c   0x0800563c   0x00000020   Code   RO         1465    .text.delay_ms      systick.o
    0x0800565c   0x0800565c   0x00000032   Code   RO         1205    .text.device_state_update  other.o
    0x0800568e   0x0800568e   0x00000002   PAD
    0x08005690   0x08005690   0x00000020   Code   RO          177    .text.dma_channel_disable  gd32e23x_dma.o
    0x080056b0   0x080056b0   0x00000020   Code   RO          187    .text.dma_channel_enable  gd32e23x_dma.o
    0x080056d0   0x080056d0   0x00000020   Code   RO          181    .text.dma_circulation_disable  gd32e23x_dma.o
    0x080056f0   0x080056f0   0x0000005c   Code   RO          171    .text.dma_deinit    gd32e23x_dma.o
    0x0800574c   0x0800574c   0x00000114   Code   RO          175    .text.dma_init      gd32e23x_dma.o
    0x08005860   0x08005860   0x00000020   Code   RO          191    .text.dma_memory_address_config  gd32e23x_dma.o
    0x08005880   0x08005880   0x00000024   Code   RO          185    .text.dma_memory_to_memory_disable  gd32e23x_dma.o
    0x080058a4   0x080058a4   0x0000001c   Code   RO          193    .text.dma_transfer_number_config  gd32e23x_dma.o
    0x080058c0   0x080058c0   0x0000001c   Code   RO          195    .text.dma_transfer_number_get  gd32e23x_dma.o
    0x080058dc   0x080058dc   0x000000a0   Code   RO         1282    .text.emptying_function  motor_drive.o
    0x0800597c   0x0800597c   0x000000a8   Code   RO         1337    .text.erase_flash_page  gd32e23x_flash.o
    0x08005a24   0x08005a24   0x00000054   Code   RO         1358    .text.fifo_check    fifo.o
    0x08005a78   0x08005a78   0x0000003c   Code   RO         1372    .text.fifo_dynamic_get_occupy_size  fifo.o
    0x08005ab4   0x08005ab4   0x00000044   Code   RO         1368    .text.fifo_dynamic_read  fifo.o
    0x08005af8   0x08005af8   0x00000090   Code   RO         1352    .text.fifo_dynamic_register  fifo.o
    0x08005b88   0x08005b88   0x00000048   Code   RO         1364    .text.fifo_dynamic_write  fifo.o
    0x08005bd0   0x08005bd0   0x00000030   Code   RO         1378    .text.fifo_get_free_size  fifo.o
    0x08005c00   0x08005c00   0x00000020   Code   RO         1374    .text.fifo_get_occupy_size  fifo.o
    0x08005c20   0x08005c20   0x000000ca   Code   RO         1370    .text.fifo_read     fifo.o
    0x08005cea   0x08005cea   0x0000003c   Code   RO         1354    .text.fifo_register  fifo.o
    0x08005d26   0x08005d26   0x000000ca   Code   RO         1366    .text.fifo_write    fifo.o
    0x08005df0   0x08005df0   0x00000010   Code   RO          315    .text.fmc_flag_clear  gd32e23x_fmc.o
    0x08005e00   0x08005e00   0x0000000c   Code   RO          265    .text.fmc_lock      gd32e23x_fmc.o
    0x08005e0c   0x08005e0c   0x0000005c   Code   RO          273    .text.fmc_page_erase  gd32e23x_fmc.o
    0x08005e68   0x08005e68   0x0000005a   Code   RO          275    .text.fmc_ready_wait  gd32e23x_fmc.o
    0x08005ec2   0x08005ec2   0x00000002   PAD
    0x08005ec4   0x08005ec4   0x00000054   Code   RO          321    .text.fmc_state_get  gd32e23x_fmc.o
    0x08005f18   0x08005f18   0x00000028   Code   RO          263    .text.fmc_unlock    gd32e23x_fmc.o
    0x08005f40   0x08005f40   0x00000058   Code   RO          281    .text.fmc_word_program  gd32e23x_fmc.o
    0x08005f98   0x08005f98   0x00000034   Code   RO         1404    .text.fputc         usart.o
    0x08005fcc   0x08005fcc   0x00000010   Code   RO          342    .text.fwdgt_counter_reload  gd32e23x_fwdgt.o
    0x08005fdc   0x08005fdc   0x00000008   Code   RO         1286    .text.get_device_state  motor_drive.o
    0x08005fe4   0x08005fe4   0x00000040   Code   RO         1223    .text.get_execution_schedule  motor_ctrl.o
    0x08006024   0x08006024   0x00000004   Code   RO         1203    .text.get_offset    other.o
    0x08006028   0x08006028   0x00000018   Code   RO         1339    .text.get_page_start_addr  gd32e23x_flash.o
    0x08006040   0x08006040   0x000000c4   Code   RO          377    .text.gpio_af_set   gd32e23x_gpio.o
    0x08006104   0x08006104   0x00000010   Code   RO          363    .text.gpio_bit_reset  gd32e23x_gpio.o
    0x08006114   0x08006114   0x00000010   Code   RO          361    .text.gpio_bit_set  gd32e23x_gpio.o
    0x08006124   0x08006124   0x0000002a   Code   RO          369    .text.gpio_input_bit_get  gd32e23x_gpio.o
    0x0800614e   0x0800614e   0x00000090   Code   RO          357    .text.gpio_mode_set  gd32e23x_gpio.o
    0x080061de   0x080061de   0x0000008e   Code   RO          359    .text.gpio_output_options_set  gd32e23x_gpio.o
    0x0800626c   0x0800626c   0x00000014   Code   RO          367    .text.gpio_port_write  gd32e23x_gpio.o
    0x08006280   0x08006280   0x00000008   Code   RO         1473    .text.iwdg_feed     systick.o
    0x08006288   0x08006288   0x000000a4   Code   RO         1197    .text.load_offset   other.o
    0x0800632c   0x0800632c   0x00000064   Code   RO         1280    .text.low_water_alarm  motor_drive.o
    0x08006390   0x08006390   0x0000007c   Code   RO         1445    .text.main          main.o
    0x0800640c   0x0800640c   0x00000068   Code   RO         1240    .text.motor_Tim_Init  motor_drive.o
    0x08006474   0x08006474   0x0000019c   Code   RO         1225    .text.motor_handle  motor_ctrl.o
    0x08006610   0x08006610   0x00000028   Code   RO         1219    .text.motor_set_direction  motor_ctrl.o
    0x08006638   0x08006638   0x000000d0   Code   RO         1217    .text.move_to_testPoint  motor_ctrl.o
    0x08006708   0x08006708   0x00000034   Code   RO          469    .text.nvic_irq_enable  gd32e23x_misc.o
    0x0800673c   0x0800673c   0x00000020   Code   RO          483    .text.nvic_vector_table_set  gd32e23x_misc.o
    0x0800675c   0x0800675c   0x00000018   Code   RO         1207    .text.other_handle  other.o
    0x08006774   0x08006774   0x00000030   Code   RO         1260    .text.out_beepset   motor_drive.o
    0x080067a4   0x080067a4   0x0000006c   Code   RO         1341    .text.program_flash  gd32e23x_flash.o
    0x08006810   0x08006810   0x00000288   Code   RO          608    .text.rcu_clock_freq_get  gd32e23x_rcu.o
    0x08006a98   0x08006a98   0x00000024   Code   RO          534    .text.rcu_periph_clock_enable  gd32e23x_rcu.o
    0x08006abc   0x08006abc   0x00000024   Code   RO          544    .text.rcu_periph_reset_disable  gd32e23x_rcu.o
    0x08006ae0   0x08006ae0   0x00000024   Code   RO          542    .text.rcu_periph_reset_enable  gd32e23x_rcu.o
    0x08006b04   0x08006b04   0x0000006c   Code   RO         1199    .text.save_offset   other.o
    0x08006b70   0x08006b70   0x00000070   Code   RO         1201    .text.set_offset    other.o
    0x08006be0   0x08006be0   0x000000c8   Code   RO         1284    .text.stop_key_handle  motor_drive.o
    0x08006ca8   0x08006ca8   0x000000ec   Code   RO            8    .text.system_clock_72m_hxtal  system_gd32e23x.o
    0x08006d94   0x08006d94   0x00000008   Code   RO            4    .text.system_clock_config  system_gd32e23x.o
    0x08006d9c   0x08006d9c   0x00000034   Code   RO         1457    .text.systick_config  systick.o
    0x08006dd0   0x08006dd0   0x00000034   Code   RO         1242    .text.timer0_update_handle  motor_drive.o
    0x08006e04   0x08006e04   0x00000012   Code   RO          820    .text.timer_auto_reload_shadow_enable  gd32e23x_timer.o
    0x08006e16   0x08006e16   0x00000002   PAD
    0x08006e18   0x08006e18   0x000000e0   Code   RO          810    .text.timer_deinit  gd32e23x_timer.o
    0x08006ef8   0x08006ef8   0x00000012   Code   RO          816    .text.timer_enable  gd32e23x_timer.o
    0x08006f0a   0x08006f0a   0x00000002   PAD
    0x08006f0c   0x08006f0c   0x000000fc   Code   RO          814    .text.timer_init    gd32e23x_timer.o
    0x08007008   0x08007008   0x00000014   Code   RO          852    .text.timer_interrupt_enable  gd32e23x_timer.o
    0x0800701c   0x0800701c   0x00000014   Code   RO          858    .text.timer_interrupt_flag_clear  gd32e23x_timer.o
    0x08007030   0x08007030   0x0000003c   Code   RO          856    .text.timer_interrupt_flag_get  gd32e23x_timer.o
    0x0800706c   0x0800706c   0x00000032   Code   RO          886    .text.timer_primary_output_config  gd32e23x_timer.o
    0x0800709e   0x0800709e   0x00000002   PAD
    0x080070a0   0x080070a0   0x00000018   Code   RO         1160    .text.update_setFlag  update.o
    0x080070b8   0x080070b8   0x00000040   Code   RO         1154    .text.update_writeMessage  update.o
    0x080070f8   0x080070f8   0x00000074   Code   RO         1390    .text.usart0_gpio_init  usart.o
    0x0800716c   0x0800716c   0x00000074   Code   RO         1402    .text.usart0_idle_handle  usart.o
    0x080071e0   0x080071e0   0x00000078   Code   RO         1396    .text.usart0_init   usart.o
    0x08007258   0x08007258   0x0000006c   Code   RO         1394    .text.usart0_rx_dma_init  usart.o
    0x080072c4   0x080072c4   0x00000048   Code   RO         1398    .text.usart0_send_data  usart.o
    0x0800730c   0x0800730c   0x000000b0   Code   RO          965    .text.usart_baudrate_set  gd32e23x_usart.o
    0x080073bc   0x080073bc   0x00000010   Code   RO         1001    .text.usart_data_receive  gd32e23x_usart.o
    0x080073cc   0x080073cc   0x00000018   Code   RO          999    .text.usart_data_transmit  gd32e23x_usart.o
    0x080073e4   0x080073e4   0x00000054   Code   RO          963    .text.usart_deinit  gd32e23x_usart.o
    0x08007438   0x08007438   0x0000001e   Code   RO         1077    .text.usart_dma_receive_config  gd32e23x_usart.o
    0x08007456   0x08007456   0x00000012   Code   RO          973    .text.usart_enable  gd32e23x_usart.o
    0x08007468   0x08007468   0x0000003a   Code   RO         1097    .text.usart_flag_get  gd32e23x_usart.o
    0x080074a2   0x080074a2   0x00000026   Code   RO         1101    .text.usart_interrupt_enable  gd32e23x_usart.o
    0x080074c8   0x080074c8   0x00000040   Code   RO         1109    .text.usart_interrupt_flag_clear  gd32e23x_usart.o
    0x08007508   0x08007508   0x00000066   Code   RO         1107    .text.usart_interrupt_flag_get  gd32e23x_usart.o
    0x0800756e   0x0800756e   0x0000001e   Code   RO          979    .text.usart_receive_config  gd32e23x_usart.o
    0x0800758c   0x0800758c   0x0000001e   Code   RO          977    .text.usart_transmit_config  gd32e23x_usart.o
    0x080075aa   0x080075aa   0x00000002   PAD
    0x080075ac   0x080075ac   0x0000013c   Code   RO         1290    .text.water_pump_pwm_handle  motor_drive.o
    0x080076e8   0x080076e8   0x00000058   Code   RO         1484    .text.ym_crc16      crc16.o
    0x08007740   0x08007740   0x00000020   Code   RO         1504    i.__0printf         mc_p.l(printfa.o)
    0x08007760   0x08007760   0x0000002e   Code   RO         1621    i.__ARM_clz         mf_p.l(depilogue.o)
    0x0800778e   0x0800778e   0x0000000e   Code   RO         1625    i.__scatterload_copy  mc_p.l(handlers.o)
    0x0800779c   0x0800779c   0x00000002   Code   RO         1626    i.__scatterload_null  mc_p.l(handlers.o)
    0x0800779e   0x0800779e   0x0000000e   Code   RO         1627    i.__scatterload_zeroinit  mc_p.l(handlers.o)
    0x080077ac   0x080077ac   0x00000174   Code   RO         1511    i._fp_digits        mc_p.l(printfa.o)
    0x08007920   0x08007920   0x000006ec   Code   RO         1512    i._printf_core      mc_p.l(printfa.o)
    0x0800800c   0x0800800c   0x00000020   Code   RO         1513    i._printf_post_padding  mc_p.l(printfa.o)
    0x0800802c   0x0800802c   0x0000002c   Code   RO         1514    i._printf_pre_padding  mc_p.l(printfa.o)
    0x08008058   0x08008058   0x00000054   Code   RO         1531    i.free              mc_p.l(malloc.o)
    0x080080ac   0x080080ac   0x0000006c   Code   RO         1532    i.malloc            mc_p.l(malloc.o)
    0x08008118   0x08008118   0x00000170   Data   RO         1306    .rodata.MedicineOut_1  constcoor.o
    0x08008288   0x08008288   0x000006a0   Data   RO         1315    .rodata.MedicineOut_10  constcoor.o
    0x08008928   0x08008928   0x000008e0   Data   RO         1316    .rodata.MedicineOut_11  constcoor.o
    0x08009208   0x08009208   0x00000b00   Data   RO         1317    .rodata.MedicineOut_12  constcoor.o
    0x08009d08   0x08009d08   0x00000460   Data   RO         1318    .rodata.MedicineOut_13  constcoor.o
    0x0800a168   0x0800a168   0x000006a0   Data   RO         1319    .rodata.MedicineOut_14  constcoor.o
    0x0800a808   0x0800a808   0x000008e0   Data   RO         1320    .rodata.MedicineOut_15  constcoor.o
    0x0800b0e8   0x0800b0e8   0x00000b20   Data   RO         1321    .rodata.MedicineOut_16  constcoor.o
    0x0800bc08   0x0800bc08   0x00000002   Data   RO         1322    .rodata.MedicineOut_17  constcoor.o
    0x0800bc0a   0x0800bc0a   0x00000170   Data   RO         1307    .rodata.MedicineOut_2  constcoor.o
    0x0800bd7a   0x0800bd7a   0x000001c0   Data   RO         1308    .rodata.MedicineOut_3  constcoor.o
    0x0800bf3a   0x0800bf3a   0x000001c0   Data   RO         1309    .rodata.MedicineOut_4  constcoor.o
    0x0800c0fa   0x0800c0fa   0x00000002   Data   RO         1310    .rodata.MedicineOut_5  constcoor.o
    0x0800c0fc   0x0800c0fc   0x00000002   Data   RO         1311    .rodata.MedicineOut_6  constcoor.o
    0x0800c0fe   0x0800c0fe   0x00000002   Data   RO         1312    .rodata.MedicineOut_7  constcoor.o
    0x0800c100   0x0800c100   0x00000002   Data   RO         1313    .rodata.MedicineOut_8  constcoor.o
    0x0800c102   0x0800c102   0x00000460   Data   RO         1314    .rodata.MedicineOut_9  constcoor.o
    0x0800c562   0x0800c562   0x00000060   Data   RO         1331    .rodata.MedicineOut_99  constcoor.o
    0x0800c5c2   0x0800c5c2   0x00000002   PAD
    0x0800c5c4   0x0800c5c4   0x00000088   Data   RO         1330    .rodata.TrackData   constcoor.o
    0x0800c64c   0x0800c64c   0x00000200   Data   RO         1486    .rodata.crc_table   crc16.o
    0x0800c84c   0x0800c84c   0x00000009   Data   RO         1162    .rodata.str1.1      update.o
    0x0800c855   0x0800c855   0x00000016   Data   RO         1188    .rodata.str1.1      command.o
    0x0800c86b   0x0800c86b   0x0000001d   Data   RO         1408    .rodata.str1.1      usart.o
    0x0800c888   0x0800c888   0x0000001a   Data   RO         1447    .rodata.str1.1      main.o
    0x0800c8a2   0x0800c8a2   0x00000002   PAD
    0x0800c8a4   0x0800c8a4   0x00000018   Data   RO         1227    .rodata.testPoint_leftEye  motor_ctrl.o
    0x0800c8bc   0x0800c8bc   0x00000018   Data   RO         1229    .rodata.testPoint_mouth  motor_ctrl.o
    0x0800c8d4   0x0800c8d4   0x00000018   Data   RO         1228    .rodata.testPoint_rigthEye  motor_ctrl.o
    0x0800c8ec   0x0800c8ec   0x00000020   Data   RO         1624    Region$$Table       anon$$obj.o


    Execution Region RW_IRAM1 (Exec base: 0x20000000, Load base: 0x0800c910, Size: 0x000012a0, Max: 0x00002000, ABSOLUTE)

    Exec Addr    Load Addr    Size         Type   Attr      Idx    E Section Name        Object

    0x20000000   0x0800c910   0x00000004   Data   RW         1581    .data               mc_p.l(stdout.o)
    0x20000004   0x0800c914   0x00000004   Data   RW         1588    .data               mc_p.l(mvars.o)
    0x20000008   0x0800c918   0x00000004   Data   RW         1589    .data               mc_p.l(mvars.o)
    0x2000000c   0x0800c91c   0x00000004   Data   RW           10    .data.SystemCoreClock  system_gd32e23x.o
    0x20000010   0x0800c920   0x00000004   Data   RW         1230    .data.move_to_testPoint.pBuf  motor_ctrl.o
    0x20000014   0x0800c924   0x00000004   Data   RW         1163    .data.version       update.o
    0x20000018        -       0x0000007c   Zero   RW         1294    .bss.MotorData      motor_drive.o
    0x20000094        -       0x0000000a   Zero   RW         1187    .bss.ReturnData     command.o
    0x2000009e   0x0800c928   0x00000002   PAD
    0x200000a0        -       0x00000004   Zero   RW         1475    .bss.SysTimMs       systick.o
    0x200000a4        -       0x00000004   Zero   RW         1476    .bss.delay          systick.o
    0x200000a8        -       0x00000008   Zero   RW         1382    .bss.fifo_num       fifo.o
    0x200000b0        -       0x00000001   Zero   RW         1295    .bss.low_water_alarm.beepToggle  motor_drive.o
    0x200000b1   0x0800c928   0x00000003   PAD
    0x200000b4        -       0x00000004   Zero   RW         1296    .bss.low_water_alarm.time  motor_drive.o
    0x200000b8        -       0x00000014   Zero   RW         1209    .bss.offset_config  other.o
    0x200000cc        -       0x00000090   Zero   RW         1189    .bss.params         command.o
    0x2000015c        -       0x00000001   Zero   RW         1297    .bss.stop_key_handle.key_flag  motor_drive.o
    0x2000015d        -       0x00000100   Zero   RW         1407    .bss.usart0_rxbuf   usart.o
    0x2000025d        -       0x00000040   Zero   RW         1406    .bss.usart0_txbuf   usart.o
    0x2000029d   0x0800c928   0x00000003   PAD
    0x200002a0        -       0x00000800   Zero   RW         1139    HEAP                startup_gd32e23x.o
    0x20000aa0        -       0x00000800   Zero   RW         1138    STACK               startup_gd32e23x.o


==============================================================================

Image component sizes


      Code (inc. data)   RO Data    RW Data    ZI Data      Debug   Object Name

      1358         56         22          0        154       4577   command.o
         0          0      17714          0          0       1483   constcoor.o
        88          4        512          0          0        856   crc16.o
       972          4          0          0          8       4153   fifo.o
       588         20          0          0          0       5775   gd32e23x_dma.o
       300          8          0          0          0       1790   gd32e23x_flash.o
       422         24          0          0          0       6582   gd32e23x_fmc.o
        16          8          0          0          0       2603   gd32e23x_fwdgt.o
       576          0          0          0          0       4309   gd32e23x_gpio.o
        34          0          0          0          0       1202   gd32e23x_it.o
       264         12          0          0          0       3906   gd32e23x_misc.o
       756         40          0          0          0      11446   gd32e23x_rcu.o
       662         48          0          0          0      17161   gd32e23x_timer.o
       670         28          0          0          0      14317   gd32e23x_usart.o
       124          8         26          0          0        502   main.o
       898         32         72          4          0       3095   motor_ctrl.o
      3298        116          0          0        130       9489   motor_drive.o
       462         32          0          0         20       2373   other.o
        28          8        204          0       4096        720   startup_gd32e23x.o
       416         56          0          4          0       1865   system_gd32e23x.o
       388         36          0          0          8       4034   systick.o
        88         12          9          4          0       2672   update.o
       584         36         29          0        320       5214   usart.o

    ----------------------------------------------------------------------
     13008        588      18624         12       4744     110124   Object Totals
         0          0         32          0          0          0   (incl. Generated)
        16          0          4          0          8          0   (incl. Padding)

    ----------------------------------------------------------------------

      Code (inc. data)   RO Data    RW Data    ZI Data      Debug   Library Member Name

         0          0          0          0          0          0   entry.o
         0          0          0          0          0          0   entry10a.o
         0          0          0          0          0          0   entry11a.o
         8          4          0          0          0          0   entry2.o
         4          0          0          0          0          0   entry5.o
         0          0          0          0          0          0   entry7b.o
         0          0          0          0          0          0   entry8b.o
         8          4          0          0          0          0   entry9a.o
        30          0          0          0          0          0   handlers.o
        36          8          0          0          0         68   init.o
         0          0          0          0          0          0   iusefp.o
        32          0          0          0          0         68   llshl.o
        38          0          0          0          0         68   llsshr.o
        34          0          0          0          0         68   llushr.o
       192         20          0          0          0        144   malloc.o
        26          0          0          0          0         72   memcmp.o
        36          0          0          0          0         60   memcpya.o
        36          0          0          0          0        100   memseta.o
         0          0          0          8          0          0   mvars.o
      2252         98          0          0          0        412   printfa.o
         0          0          0          4          0          0   stdout.o
        62          0          0          0          0         72   uidiv_div0.o
        96          0          0          0          0         84   uldiv.o
        40          2          0          0          0         68   cdrcmple.o
       356          4          0          0          0        140   dadd.o
       240          6          0          0          0         84   ddiv.o
       236          0          0          0          0        216   depilogue.o
        64         10          0          0          0         68   dfixul.o
       208          6          0          0          0         88   dmul.o
       124          0          0          0          0         72   fdiv.o
       130          0          0          0          0        144   fepilogue.o
        50          0          0          0          0         60   ffixi.o
        14          0          0          0          0         68   ffltui.o
       122          0          0          0          0         72   fmul.o

    ----------------------------------------------------------------------
      4476        162          0         12          0       2296   Library Totals
         2          0          0          0          0          0   (incl. Padding)

    ----------------------------------------------------------------------

      Code (inc. data)   RO Data    RW Data    ZI Data      Debug   Library Name

      2890        134          0         12          0       1216   mc_p.l
      1584         28          0          0          0       1080   mf_p.l

    ----------------------------------------------------------------------
      4476        162          0         12          0       2296   Library Totals

    ----------------------------------------------------------------------

==============================================================================


      Code (inc. data)   RO Data    RW Data    ZI Data      Debug   

     17484        750      18624         24       4744     111100   Grand Totals
     17484        750      18624         24       4744     111100   ELF Image Totals
     17484        750      18624         24          0          0   ROM Totals

==============================================================================

    Total RO  Size (Code + RO Data)                36108 (  35.26kB)
    Total RW  Size (RW Data + ZI Data)              4768 (   4.66kB)
    Total ROM Size (Code + RO Data + RW Data)      36132 (  35.29kB)

==============================================================================

