<html>
<body>
<pre>
<h1>µVision Build Log</h1>
<h2>Tool Versions:</h2>
IDE-Version: ¦ÌVision V5.33.0.0
Copyright (C) 2020 ARM Ltd and ARM Germany GmbH. All rights reserved.
License Information: ster mon, 123, LIC=GE7DL-0IEFF-VJE6J-UPM12-ATN5U-Y434Y
 
Tool Versions:
Toolchain:       MDK-ARM Professional  Version: 5.33.0.0
Toolchain Path:  D:\software\Keil_v5\UV4\ARM\ARMCLANG\Bin
C Compiler:      ArmClang.exe V6.15
Assembler:       Armasm.exe V6.15
Linker/Locator:  ArmLink.exe V6.15
Library Manager: ArmAr.exe V6.15
Hex Converter:   FromElf.exe V6.15
CPU DLL:         
Dialog DLL:      
Target DLL:      Segger\JL2CM3.dll V2.99.38.0
Dialog DLL:      TCM.DLL V1.48.0.0
 
<h2>Project:</h2>
D:\items\vs_code\DripBox\2.Firmware\RelayCtrl-slave-fw\app\GD32E230C_APP\MDK-ARM\Project.uvprojx
Project File Date:  04/12/2023

<h2>Output:</h2>
*** Using Compiler 'V6.15', folder: 'D:\software\Keil_v5\UV4\ARM\ARMCLANG\Bin'
Rebuild target 'GD32E230C_START'
compiling gd32e23x_misc.c...
compiling gd32e23x_dma.c...
compiling gd32e23x_cmp.c...
compiling gd32e23x_fwdgt.c...
compiling gd32e23x_exti.c...
compiling gd32e23x_crc.c...
compiling gd32e23x_dbg.c...
compiling system_gd32e23x.c...
compiling gd32e23x_pmu.c...
compiling gd32e23x_fmc.c...
compiling gd32e23x_gpio.c...
compiling gd32e23x_adc.c...
compiling gd32e23x_rtc.c...
compiling gd32e23x_i2c.c...
compiling gd32e23x_rcu.c...
compiling gd32e23x_syscfg.c...
compiling gd32e23x_spi.c...
compiling gd32e23x_wwdgt.c...
compiling gd32e23x_usart.c...
assembling startup_gd32e23x.s...
compiling gd32e23x_timer.c...
compiling update.c...
compiling command.c...
compiling gd32e23x_flash.c...
compiling other.c...
compiling ConstCoor.c...
compiling motor_ctrl.c...
compiling fifo.c...
compiling motor_drive.c...
compiling usart.c...
compiling crc16.c...
compiling gd32e23x_it.c...
compiling main.c...
compiling systick.c...
linking...
Program Size: Code=17084 RO-data=30664 RW-data=24 ZI-data=4744  
FromELF: creating hex file...
After Build - User command #1: fromelf.exe --bin -o  ./mainboard.bin  ./output/app.axf
".\output\app.axf" - 0 Error(s), 0 Warning(s).

<h2>Software Packages used:</h2>

Package Vendor: ARM
                http://www.keil.com/pack/ARM.CMSIS.5.9.0.pack
                ARM.CMSIS.5.9.0
                CMSIS (Common Microcontroller Software Interface Standard)
   * Component: CORE Version: 5.6.0

Package Vendor: GigaDevice
                http://gd32mcu.21ic.com/data/documents/yingyongruanjian/GigaDevice.GD32E23x_DFP.1.0.0.pack
                GigaDevice.GD32E23x_DFP.1.0.0
                GigaDevice GD32E23x Series Device Support and Examples

<h2>Collection of Component include folders:</h2>
  .\RTE\_GD32E230C_START
  D:\software\Keil_v5\Packs\ARM\CMSIS\5.9.0\CMSIS\Core\Include
  D:\software\Keil_v5\Packs\GigaDevice\GD32E23x_DFP\1.0.0\Device\Include

<h2>Collection of Component Files used:</h2>

   * Component: ARM::CMSIS:CORE:5.6.0
Build Time Elapsed:  00:00:01
</pre>
</body>
</html>
