<html>
<body>
<pre>
<h1>µVision Build Log</h1>
<h2>Tool Versions:</h2>
IDE-Version: ¦ÌVision V5.33.0.0
Copyright (C) 2020 ARM Ltd and ARM Germany GmbH. All rights reserved.
License Information: mon Admin, ster, LIC=JDA0P-MQQ5W-PH189-4XBCH-NM03N-K09A7
 
Tool Versions:
Toolchain:       MDK-ARM Professional  Version: 5.33.0.0
Toolchain Path:  C:\Keil_v5\ARM\ARMCLANG\Bin
C Compiler:      ArmClang.exe V6.15
Assembler:       Armasm.exe V6.15
Linker/Locator:  ArmLink.exe V6.15
Library Manager: ArmAr.exe V6.15
Hex Converter:   FromElf.exe V6.15
CPU DLL:         
Dialog DLL:      
Target DLL:      Segger\JL2CM3.dll V2.99.38.0
Dialog DLL:      TCM.DLL V1.48.0.0
 
<h2>Project:</h2>
C:\Users\Admin\Desktop\APP_V3.0\GD32E230C_APP\MDK-ARM\Project.uvprojx
Project File Date:  01/13/2023

<h2>Output:</h2>
*** Using Compiler 'V6.15', folder: 'C:\Keil_v5\ARM\ARMCLANG\Bin'
Build target 'GD32E230C_START'
compiling gd32e23x_fmc.c...
compiling gd32e23x_gpio.c...
compiling gd32e23x_dma.c...
compiling gd32e23x_exti.c...
compiling gd32e23x_crc.c...
compiling system_gd32e23x.c...
compiling gd32e23x_dbg.c...
compiling gd32e23x_adc.c...
compiling gd32e23x_fwdgt.c...
compiling gd32e23x_cmp.c...
compiling gd32e23x_i2c.c...
compiling gd32e23x_misc.c...
compiling gd32e23x_rcu.c...
compiling gd32e23x_pmu.c...
compiling gd32e23x_spi.c...
compiling gd32e23x_wwdgt.c...
compiling gd32e23x_rtc.c...
compiling gd32e23x_usart.c...
compiling gd32e23x_syscfg.c...
compiling command.c...
compiling update.c...
compiling gd32e23x_timer.c...
compiling other.c...
compiling motor_ctrl.c...
compiling ConstCoor.c...
compiling main.c...
compiling gd32e23x_flash.c...
compiling fifo.c...
compiling crc16.c...
compiling systick.c...
compiling gd32e23x_it.c...
compiling usart.c...
compiling motor_drive.c...
linking...
Program Size: Code=17388 RO-data=18604 RW-data=20 ZI-data=4748  
FromELF: creating hex file...
".\output\Z003_APP.axf" - 0 Error(s), 0 Warning(s).

<h2>Software Packages used:</h2>

Package Vendor: ARM
                http://www.keil.com/pack/ARM.CMSIS.5.7.0.pack
                ARM.CMSIS.5.7.0
                CMSIS (Cortex Microcontroller Software Interface Standard)
   * Component: CORE Version: 5.4.0

Package Vendor: GigaDevice
                http://gd32mcu.21ic.com/data/documents/yingyongruanjian/GigaDevice.GD32E23x_DFP.1.0.0.pack
                GigaDevice.GD32E23x_DFP.1.0.0
                GigaDevice GD32E23x Series Device Support and Examples

<h2>Collection of Component include folders:</h2>
  .\RTE\_GD32E230C_START
  C:\Users\Admin\AppData\Local\Arm\Packs\ARM\CMSIS\5.7.0\CMSIS\Core\Include
  C:\Users\Admin\AppData\Local\Arm\Packs\GigaDevice\GD32E23x_DFP\1.0.0\Device\Include

<h2>Collection of Component Files used:</h2>

   * Component: ARM::CMSIS:CORE:5.4.0
Build Time Elapsed:  00:00:03
</pre>
</body>
</html>
