Component: ARM Compiler 6.15 Tool: armlink [5dd79300]

==============================================================================

Section Cross References

    usart.o(.text.usart0_gpio_init) refers to gd32e23x_rcu.o(.text.rcu_periph_clock_enable) for rcu_periph_clock_enable
    usart.o(.text.usart0_gpio_init) refers to gd32e23x_gpio.o(.text.gpio_af_set) for gpio_af_set
    usart.o(.text.usart0_gpio_init) refers to gd32e23x_gpio.o(.text.gpio_mode_set) for gpio_mode_set
    usart.o(.text.usart0_gpio_init) refers to gd32e23x_gpio.o(.text.gpio_output_options_set) for gpio_output_options_set
    usart.o(.ARM.exidx.text.usart0_gpio_init) refers to usart.o(.text.usart0_gpio_init) for [Anonymous Symbol]
    usart.o(.text.usart0_tx_dma_init) refers to gd32e23x_rcu.o(.text.rcu_periph_clock_enable) for rcu_periph_clock_enable
    usart.o(.text.usart0_tx_dma_init) refers to gd32e23x_dma.o(.text.dma_deinit) for dma_deinit
    usart.o(.text.usart0_tx_dma_init) refers to gd32e23x_dma.o(.text.dma_init) for dma_init
    usart.o(.text.usart0_tx_dma_init) refers to gd32e23x_dma.o(.text.dma_circulation_disable) for dma_circulation_disable
    usart.o(.text.usart0_tx_dma_init) refers to gd32e23x_dma.o(.text.dma_memory_to_memory_disable) for dma_memory_to_memory_disable
    usart.o(.text.usart0_tx_dma_init) refers to gd32e23x_dma.o(.text.dma_channel_enable) for dma_channel_enable
    usart.o(.text.usart0_tx_dma_init) refers to gd32e23x_usart.o(.text.usart_dma_transmit_config) for usart_dma_transmit_config
    usart.o(.text.usart0_tx_dma_init) refers to usart.o(.bss.usart0_txbuf) for usart0_txbuf
    usart.o(.ARM.exidx.text.usart0_tx_dma_init) refers to usart.o(.text.usart0_tx_dma_init) for [Anonymous Symbol]
    usart.o(.text.usart0_rx_dma_init) refers to gd32e23x_rcu.o(.text.rcu_periph_clock_enable) for rcu_periph_clock_enable
    usart.o(.text.usart0_rx_dma_init) refers to gd32e23x_dma.o(.text.dma_deinit) for dma_deinit
    usart.o(.text.usart0_rx_dma_init) refers to gd32e23x_dma.o(.text.dma_init) for dma_init
    usart.o(.text.usart0_rx_dma_init) refers to gd32e23x_dma.o(.text.dma_circulation_disable) for dma_circulation_disable
    usart.o(.text.usart0_rx_dma_init) refers to gd32e23x_dma.o(.text.dma_memory_to_memory_disable) for dma_memory_to_memory_disable
    usart.o(.text.usart0_rx_dma_init) refers to gd32e23x_dma.o(.text.dma_channel_enable) for dma_channel_enable
    usart.o(.text.usart0_rx_dma_init) refers to gd32e23x_usart.o(.text.usart_dma_receive_config) for usart_dma_receive_config
    usart.o(.text.usart0_rx_dma_init) refers to usart.o(.bss.usart0_rxbuf) for usart0_rxbuf
    usart.o(.ARM.exidx.text.usart0_rx_dma_init) refers to usart.o(.text.usart0_rx_dma_init) for [Anonymous Symbol]
    usart.o(.text.usart0_init) refers to usart.o(.text.usart0_gpio_init) for usart0_gpio_init
    usart.o(.text.usart0_init) refers to gd32e23x_rcu.o(.text.rcu_periph_clock_enable) for rcu_periph_clock_enable
    usart.o(.text.usart0_init) refers to gd32e23x_usart.o(.text.usart_deinit) for usart_deinit
    usart.o(.text.usart0_init) refers to gd32e23x_usart.o(.text.usart_baudrate_set) for usart_baudrate_set
    usart.o(.text.usart0_init) refers to gd32e23x_usart.o(.text.usart_receive_config) for usart_receive_config
    usart.o(.text.usart0_init) refers to gd32e23x_usart.o(.text.usart_transmit_config) for usart_transmit_config
    usart.o(.text.usart0_init) refers to gd32e23x_usart.o(.text.usart_enable) for usart_enable
    usart.o(.text.usart0_init) refers to usart.o(.text.usart0_rx_dma_init) for usart0_rx_dma_init
    usart.o(.text.usart0_init) refers to gd32e23x_misc.o(.text.nvic_irq_enable) for nvic_irq_enable
    usart.o(.text.usart0_init) refers to gd32e23x_usart.o(.text.usart_interrupt_enable) for usart_interrupt_enable
    usart.o(.text.usart0_init) refers to fifo.o(.text.fifo_dynamic_register) for fifo_dynamic_register
    usart.o(.text.usart0_init) refers to printfa.o(i.__0printf) for printf
    usart.o(.text.usart0_init) refers to usart.o(.rodata.str1.1) for .L.str
    usart.o(.ARM.exidx.text.usart0_init) refers to usart.o(.text.usart0_init) for [Anonymous Symbol]
    usart.o(.text.usart0_send_data) refers to gd32e23x_usart.o(.text.usart_flag_get) for usart_flag_get
    usart.o(.text.usart0_send_data) refers to gd32e23x_usart.o(.text.usart_data_transmit) for usart_data_transmit
    usart.o(.ARM.exidx.text.usart0_send_data) refers to usart.o(.text.usart0_send_data) for [Anonymous Symbol]
    usart.o(.text.usart0_dma_send_data) refers to gd32e23x_dma.o(.text.dma_channel_disable) for dma_channel_disable
    usart.o(.text.usart0_dma_send_data) refers to gd32e23x_dma.o(.text.dma_memory_address_config) for dma_memory_address_config
    usart.o(.text.usart0_dma_send_data) refers to gd32e23x_dma.o(.text.dma_transfer_number_config) for dma_transfer_number_config
    usart.o(.text.usart0_dma_send_data) refers to gd32e23x_dma.o(.text.dma_channel_enable) for dma_channel_enable
[...]
    Removing gd32e23x_usart.o(.text.usart_smartcard_mode_nack_disable), (28 bytes).
    Removing gd32e23x_usart.o(.ARM.exidx.text.usart_smartcard_mode_nack_disable), (8 bytes).
    Removing gd32e23x_usart.o(.text.usart_smartcard_mode_early_nack_enable), (20 bytes).
    Removing gd32e23x_usart.o(.ARM.exidx.text.usart_smartcard_mode_early_nack_enable), (8 bytes).
    Removing gd32e23x_usart.o(.text.usart_smartcard_mode_early_nack_disable), (20 bytes).
    Removing gd32e23x_usart.o(.ARM.exidx.text.usart_smartcard_mode_early_nack_disable), (8 bytes).
    Removing gd32e23x_usart.o(.text.usart_smartcard_autoretry_config), (46 bytes).
    Removing gd32e23x_usart.o(.ARM.exidx.text.usart_smartcard_autoretry_config), (8 bytes).
    Removing gd32e23x_usart.o(.text.usart_block_length_config), (34 bytes).
    Removing gd32e23x_usart.o(.ARM.exidx.text.usart_block_length_config), (8 bytes).
    Removing gd32e23x_usart.o(.text.usart_irda_mode_enable), (28 bytes).
    Removing gd32e23x_usart.o(.ARM.exidx.text.usart_irda_mode_enable), (8 bytes).
    Removing gd32e23x_usart.o(.text.usart_irda_mode_disable), (28 bytes).
    Removing gd32e23x_usart.o(.ARM.exidx.text.usart_irda_mode_disable), (8 bytes).
    Removing gd32e23x_usart.o(.text.usart_prescaler_config), (40 bytes).
    Removing gd32e23x_usart.o(.ARM.exidx.text.usart_prescaler_config), (8 bytes).
    Removing gd32e23x_usart.o(.text.usart_irda_lowpower_config), (42 bytes).
    Removing gd32e23x_usart.o(.ARM.exidx.text.usart_irda_lowpower_config), (8 bytes).
    Removing gd32e23x_usart.o(.text.usart_hardware_flow_rts_config), (42 bytes).
    Removing gd32e23x_usart.o(.ARM.exidx.text.usart_hardware_flow_rts_config), (8 bytes).
    Removing gd32e23x_usart.o(.text.usart_hardware_flow_cts_config), (42 bytes).
    Removing gd32e23x_usart.o(.ARM.exidx.text.usart_hardware_flow_cts_config), (8 bytes).
    Removing gd32e23x_usart.o(.text.usart_hardware_flow_coherence_config), (34 bytes).
    Removing gd32e23x_usart.o(.ARM.exidx.text.usart_hardware_flow_coherence_config), (8 bytes).
    Removing gd32e23x_usart.o(.text.usart_rs485_driver_enable), (30 bytes).
    Removing gd32e23x_usart.o(.ARM.exidx.text.usart_rs485_driver_enable), (8 bytes).
    Removing gd32e23x_usart.o(.text.usart_rs485_driver_disable), (30 bytes).
    Removing gd32e23x_usart.o(.ARM.exidx.text.usart_rs485_driver_disable), (8 bytes).
    Removing gd32e23x_usart.o(.text.usart_driver_assertime_config), (46 bytes).
    Removing gd32e23x_usart.o(.ARM.exidx.text.usart_driver_assertime_config), (8 bytes).
    Removing gd32e23x_usart.o(.text.usart_driver_deassertime_config), (46 bytes).
    Removing gd32e23x_usart.o(.ARM.exidx.text.usart_driver_deassertime_config), (8 bytes).
    Removing gd32e23x_usart.o(.text.usart_depolarity_config), (44 bytes).
    Removing gd32e23x_usart.o(.ARM.exidx.text.usart_depolarity_config), (8 bytes).
    Removing gd32e23x_usart.o(.ARM.exidx.text.usart_dma_receive_config), (8 bytes).
    Removing gd32e23x_usart.o(.text.usart_dma_transmit_config), (30 bytes).
    Removing gd32e23x_usart.o(.ARM.exidx.text.usart_dma_transmit_config), (8 bytes).
    Removing gd32e23x_usart.o(.text.usart_reception_error_dma_disable), (30 bytes).
    Removing gd32e23x_usart.o(.ARM.exidx.text.usart_reception_error_dma_disable), (8 bytes).
    Removing gd32e23x_usart.o(.text.usart_reception_error_dma_enable), (30 bytes).
    Removing gd32e23x_usart.o(.ARM.exidx.text.usart_reception_error_dma_enable), (8 bytes).
    Removing gd32e23x_usart.o(.text.usart_wakeup_enable), (18 bytes).
    Removing gd32e23x_usart.o(.ARM.exidx.text.usart_wakeup_enable), (8 bytes).
    Removing gd32e23x_usart.o(.text.usart_wakeup_disable), (18 bytes).
    Removing gd32e23x_usart.o(.ARM.exidx.text.usart_wakeup_disable), (8 bytes).
    Removing gd32e23x_usart.o(.text.usart_wakeup_mode_config), (44 bytes).
    Removing gd32e23x_usart.o(.ARM.exidx.text.usart_wakeup_mode_config), (8 bytes).
    Removing gd32e23x_usart.o(.text.usart_receive_fifo_enable), (22 bytes).
    Removing gd32e23x_usart.o(.ARM.exidx.text.usart_receive_fifo_enable), (8 bytes).
    Removing gd32e23x_usart.o(.text.usart_receive_fifo_disable), (22 bytes).
    Removing gd32e23x_usart.o(.ARM.exidx.text.usart_receive_fifo_disable), (8 bytes).
    Removing gd32e23x_usart.o(.text.usart_receive_fifo_counter_number), (22 bytes).
    Removing gd32e23x_usart.o(.ARM.exidx.text.usart_receive_fifo_counter_number), (8 bytes).
    Removing gd32e23x_usart.o(.ARM.exidx.text.usart_flag_get), (8 bytes).
    Removing gd32e23x_usart.o(.text.usart_flag_clear), (32 bytes).
    Removing gd32e23x_usart.o(.ARM.exidx.text.usart_flag_clear), (8 bytes).
    Removing gd32e23x_usart.o(.ARM.exidx.text.usart_interrupt_enable), (8 bytes).
    Removing gd32e23x_usart.o(.text.usart_interrupt_disable), (38 bytes).
    Removing gd32e23x_usart.o(.ARM.exidx.text.usart_interrupt_disable), (8 bytes).
    Removing gd32e23x_usart.o(.text.usart_command_enable), (20 bytes).
    Removing gd32e23x_usart.o(.ARM.exidx.text.usart_command_enable), (8 bytes).
    Removing gd32e23x_usart.o(.ARM.exidx.text.usart_interrupt_flag_get), (8 bytes).
    Removing gd32e23x_usart.o(.ARM.exidx.text.usart_interrupt_flag_clear), (8 bytes).
    Removing gd32e23x_wwdgt.o(.text), (0 bytes).
    Removing gd32e23x_wwdgt.o(.text.wwdgt_deinit), (28 bytes).
    Removing gd32e23x_wwdgt.o(.ARM.exidx.text.wwdgt_deinit), (8 bytes).
    Removing gd32e23x_wwdgt.o(.text.wwdgt_enable), (16 bytes).
    Removing gd32e23x_wwdgt.o(.ARM.exidx.text.wwdgt_enable), (8 bytes).
    Removing gd32e23x_wwdgt.o(.text.wwdgt_counter_update), (48 bytes).
    Removing gd32e23x_wwdgt.o(.ARM.exidx.text.wwdgt_counter_update), (8 bytes).
    Removing gd32e23x_wwdgt.o(.text.wwdgt_config), (96 bytes).
    Removing gd32e23x_wwdgt.o(.ARM.exidx.text.wwdgt_config), (8 bytes).
    Removing gd32e23x_wwdgt.o(.text.wwdgt_interrupt_enable), (20 bytes).
    Removing gd32e23x_wwdgt.o(.ARM.exidx.text.wwdgt_interrupt_enable), (8 bytes).
    Removing gd32e23x_wwdgt.o(.text.wwdgt_flag_get), (44 bytes).
    Removing gd32e23x_wwdgt.o(.ARM.exidx.text.wwdgt_flag_get), (8 bytes).
    Removing gd32e23x_wwdgt.o(.text.wwdgt_flag_clear), (16 bytes).
    Removing gd32e23x_wwdgt.o(.ARM.exidx.text.wwdgt_flag_clear), (8 bytes).

1083 unused section(s) (total 33188 bytes) removed from the image.

==============================================================================

Image Symbol Table

    Local Symbols

    Symbol Name                              Value     Ov Type        Size  Object(Section)

    ../clib/division.s                       0x00000000   Number         0  aeabi_sdiv.o ABSOLUTE
    ../clib/division.s                       0x00000000   Number         0  aeabi_sdiv_div0.o ABSOLUTE
    ../clib/microlib/ctype/ctype.c           0x00000000   Number         0  ctype_o.o ABSOLUTE
    ../clib/microlib/ctype/ctype.c           0x00000000   Number         0  isalnum_o.o ABSOLUTE
    ../clib/microlib/ctype/ctype.c           0x00000000   Number         0  isalpha_o.o ABSOLUTE
    ../clib/microlib/ctype/ctype.c           0x00000000   Number         0  isblank_o.o ABSOLUTE
    ../clib/microlib/ctype/ctype.c           0x00000000   Number         0  iscntrl_o.o ABSOLUTE
    ../clib/microlib/ctype/ctype.c           0x00000000   Number         0  isdigit_o.o ABSOLUTE
    ../clib/microlib/ctype/ctype.c           0x00000000   Number         0  isgraph_o.o ABSOLUTE
    ../clib/microlib/ctype/ctype.c           0x00000000   Number         0  islower_o.o ABSOLUTE
    ../clib/microlib/ctype/ctype.c           0x00000000   Number         0  isprint_o.o ABSOLUTE
    ../clib/microlib/ctype/ctype.c           0x00000000   Number         0  ispunct_o.o ABSOLUTE
    ../clib/microlib/ctype/ctype.c           0x00000000   Number         0  isspace_o.o ABSOLUTE
    ../clib/microlib/ctype/ctype.c           0x00000000   Number         0  isupper_o.o ABSOLUTE
    ../clib/microlib/ctype/ctype.c           0x00000000   Number         0  isxdigit_o.o ABSOLUTE
    ../clib/microlib/division.c              0x00000000   Number         0  uidiv.o ABSOLUTE
    ../clib/microlib/division.c              0x00000000   Number         0  uldiv.o ABSOLUTE
    ../clib/microlib/division.c              0x00000000   Number         0  uidiv_div0.o ABSOLUTE
    ../clib/microlib/division.c              0x00000000   Number         0  idiv_div0.o ABSOLUTE
    ../clib/microlib/division.c              0x00000000   Number         0  idiv0.o ABSOLUTE
    ../clib/microlib/errno.c                 0x00000000   Number         0  errno.o ABSOLUTE
    ../clib/microlib/init/entry.s            0x00000000   Number         0  entry.o ABSOLUTE
    ../clib/microlib/init/entry.s            0x00000000   Number         0  entry2.o ABSOLUTE
    ../clib/microlib/init/entry.s            0x00000000   Number         0  entry5.o ABSOLUTE
    ../clib/microlib/init/entry.s            0x00000000   Number         0  entry7a.o ABSOLUTE
    ../clib/microlib/init/entry.s            0x00000000   Number         0  entry7b.o ABSOLUTE
    ../clib/microlib/init/entry.s            0x00000000   Number         0  entry8a.o ABSOLUTE
    ../clib/microlib/init/entry.s            0x00000000   Number         0  entry8b.o ABSOLUTE
    ../clib/microlib/init/entry.s            0x00000000   Number         0  entry9a.o ABSOLUTE
    ../clib/microlib/init/entry.s            0x00000000   Number         0  entry9b.o ABSOLUTE
    ../clib/microlib/init/entry.s            0x00000000   Number         0  entry10a.o ABSOLUTE
    ../clib/microlib/init/entry.s            0x00000000   Number         0  entry10b.o ABSOLUTE
    ../clib/microlib/init/entry.s            0x00000000   Number         0  entry11a.o ABSOLUTE
    ../clib/microlib/init/entry.s            0x00000000   Number         0  entry11b.o ABSOLUTE
    ../clib/microlib/longlong.c              0x00000000   Number         0  llshl.o ABSOLUTE
    ../clib/microlib/longlong.c              0x00000000   Number         0  llushr.o ABSOLUTE
    ../clib/microlib/longlong.c              0x00000000   Number         0  llsshr.o ABSOLUTE
    ../clib/microlib/malloc/malloc.c         0x00000000   Number         0  malloc.o ABSOLUTE
    ../clib/microlib/malloc/malloc.c         0x00000000   Number         0  mallocr.o ABSOLUTE
    ../clib/microlib/malloc/malloc.c         0x00000000   Number         0  malloca.o ABSOLUTE
    ../clib/microlib/malloc/malloc.c         0x00000000   Number         0  mallocra.o ABSOLUTE
    ../clib/microlib/malloc/mvars.c          0x00000000   Number         0  mvars.o ABSOLUTE
    ../clib/microlib/printf/printf.c         0x00000000   Number         0  printfa.o ABSOLUTE
    ../clib/microlib/stdio/streams.c         0x00000000   Number         0  stdout.o ABSOLUTE
    ../clib/microlib/string/memcpy.c         0x00000000   Number         0  memcpya.o ABSOLUTE
    ../clib/microlib/string/memcpy.c         0x00000000   Number         0  memcpyb.o ABSOLUTE
    ../clib/microlib/string/memset.c         0x00000000   Number         0  memseta.o ABSOLUTE
    ../clib/microlib/string/strlen.c         0x00000000   Number         0  strlen.o ABSOLUTE
    ../clib/microlib/string/strstr.c         0x00000000   Number         0  strstr.o ABSOLUTE
    ../clib/microlib/stubs.s                 0x00000000   Number         0  iusefp.o ABSOLUTE
    ../clib/scanf.c                          0x00000000   Number         0  strtoul.o ABSOLUTE
    ../clib/scanf.c                          0x00000000   Number         0  _strtoul.o ABSOLUTE
    ../clib/scanf.c                          0x00000000   Number         0  _chval.o ABSOLUTE
    ../fplib/microlib/fpadd.c                0x00000000   Number         0  dadd.o ABSOLUTE
    ../fplib/microlib/fpdiv.c                0x00000000   Number         0  ddiv.o ABSOLUTE
    ../fplib/microlib/fpepilogue.c           0x00000000   Number         0  depilogue.o ABSOLUTE
    ../fplib/microlib/fpfix.c                0x00000000   Number         0  dfixul.o ABSOLUTE
    ../fplib/microlib/fpmul.c                0x00000000   Number         0  dmul.o ABSOLUTE
    ..\..\GD32E23x_Firmware_Library\CMSIS\GD\GD32E23x\Source\ARM\startup_gd32e23x.s 0x00000000   Number         0  startup_gd32e23x.o ABSOLUTE
    USART1.c                                 0x00000000   Number         0  usart1.o ABSOLUTE
    cdrcmple.s                               0x00000000   Number         0  cdrcmple.o ABSOLUTE
    crc16.c                                  0x00000000   Number         0  crc16.o ABSOLUTE
    dc.s                                     0x00000000   Number         0  dc.o ABSOLUTE
    fifo.c                                   0x00000000   Number         0  fifo.o ABSOLUTE
    gd32e23x_adc.c                           0x00000000   Number         0  gd32e23x_adc.o ABSOLUTE
    gd32e23x_cmp.c                           0x00000000   Number         0  gd32e23x_cmp.o ABSOLUTE
    gd32e23x_crc.c                           0x00000000   Number         0  gd32e23x_crc.o ABSOLUTE
    gd32e23x_dbg.c                           0x00000000   Number         0  gd32e23x_dbg.o ABSOLUTE
    gd32e23x_dma.c                           0x00000000   Number         0  gd32e23x_dma.o ABSOLUTE
    gd32e23x_exti.c                          0x00000000   Number         0  gd32e23x_exti.o ABSOLUTE
    gd32e23x_flash.c                         0x00000000   Number         0  gd32e23x_flash.o ABSOLUTE
    gd32e23x_fmc.c                           0x00000000   Number         0  gd32e23x_fmc.o ABSOLUTE
    gd32e23x_fwdgt.c                         0x00000000   Number         0  gd32e23x_fwdgt.o ABSOLUTE
    gd32e23x_gpio.c                          0x00000000   Number         0  gd32e23x_gpio.o ABSOLUTE
    gd32e23x_i2c.c                           0x00000000   Number         0  gd32e23x_i2c.o ABSOLUTE
    gd32e23x_it.c                            0x00000000   Number         0  gd32e23x_it.o ABSOLUTE
    gd32e23x_misc.c                          0x00000000   Number         0  gd32e23x_misc.o ABSOLUTE
    gd32e23x_pmu.c                           0x00000000   Number         0  gd32e23x_pmu.o ABSOLUTE
    gd32e23x_rcu.c                           0x00000000   Number         0  gd32e23x_rcu.o ABSOLUTE
    gd32e23x_rtc.c                           0x00000000   Number         0  gd32e23x_rtc.o ABSOLUTE
    gd32e23x_spi.c                           0x00000000   Number         0  gd32e23x_spi.o ABSOLUTE
    gd32e23x_syscfg.c                        0x00000000   Number         0  gd32e23x_syscfg.o ABSOLUTE
    gd32e23x_timer.c                         0x00000000   Number         0  gd32e23x_timer.o ABSOLUTE
    gd32e23x_usart.c                         0x00000000   Number         0  gd32e23x_usart.o ABSOLUTE
    gd32e23x_wwdgt.c                         0x00000000   Number         0  gd32e23x_wwdgt.o ABSOLUTE
    handlers.s                               0x00000000   Number         0  handlers.o ABSOLUTE
    init.s                                   0x00000000   Number         0  init.o ABSOLUTE
    main.c                                   0x00000000   Number         0  main.o ABSOLUTE
    system_gd32e23x.c                        0x00000000   Number         0  system_gd32e23x.o ABSOLUTE
    systick.c                                0x00000000   Number         0  systick.o ABSOLUTE
    update.c                                 0x00000000   Number         0  update.o ABSOLUTE
    usart.c                                  0x00000000   Number         0  usart.o ABSOLUTE
    ymodem_slave.c                           0x00000000   Number         0  ymodem_slave.o ABSOLUTE
    RESET                                    0x08000000   Section      204  startup_gd32e23x.o(RESET)
    .ARM.Collect$$$$00000000                 0x080000cc   Section        0  entry.o(.ARM.Collect$$$$00000000)
    .ARM.Collect$$$$00000001                 0x080000cc   Section        4  entry2.o(.ARM.Collect$$$$00000001)
    .ARM.Collect$$$$00000004                 0x080000d0   Section        4  entry5.o(.ARM.Collect$$$$00000004)
    .ARM.Collect$$$$00000008                 0x080000d4   Section        0  entry7b.o(.ARM.Collect$$$$00000008)
    .ARM.Collect$$$$0000000A                 0x080000d4   Section        0  entry8b.o(.ARM.Collect$$$$0000000A)
    .ARM.Collect$$$$0000000B                 0x080000d4   Section        8  entry9a.o(.ARM.Collect$$$$0000000B)
    __lit__00000000                          0x080000dc   Data           4  entry2.o(.ARM.Collect$$$$00002712)
    .ARM.Collect$$$$0000000D                 0x080000dc   Section        0  entry10a.o(.ARM.Collect$$$$0000000D)
    .ARM.Collect$$$$0000000F                 0x080000dc   Section        0  entry11a.o(.ARM.Collect$$$$0000000F)
    .ARM.Collect$$$$00002712                 0x080000dc   Section        4  entry2.o(.ARM.Collect$$$$00002712)
    .text                                    0x080000e0   Section       28  startup_gd32e23x.o(.text)
    .text                                    0x080000fc   Section        0  memcpya.o(.text)
    .text                                    0x08000120   Section        0  memseta.o(.text)
    .text                                    0x08000144   Section        0  strstr.o(.text)
    .text                                    0x0800016c   Section        0  strlen.o(.text)
    .text                                    0x0800017a   Section        0  strtoul.o(.text)
    .text                                    0x080001f0   Section        0  uldiv.o(.text)
    .text                                    0x08000250   Section        0  ctype_o.o(.text)
    .text                                    0x08000258   Section        0  _strtoul.o(.text)
    .text                                    0x080002fe   Section        0  iusefp.o(.text)
    .text                                    0x08000300   Section        0  dadd.o(.text)
    .text                                    0x08000464   Section        0  dmul.o(.text)
    .text                                    0x08000534   Section        0  ddiv.o(.text)
    .text                                    0x08000624   Section        0  dfixul.o(.text)
    .text                                    0x08000664   Section       40  cdrcmple.o(.text)
    .text                                    0x0800068c   Section       36  init.o(.text)
    .text                                    0x080006b0   Section        0  uidiv_div0.o(.text)
    .text                                    0x080006ee   Section        0  llshl.o(.text)
    .text                                    0x0800070e   Section        0  llushr.o(.text)
    .text                                    0x08000730   Section        0  llsshr.o(.text)
    .text                                    0x08000756   Section        0  _chval.o(.text)
    .text                                    0x08000774   Section        0  depilogue.o(.text)
    [Anonymous Symbol]                       0x08000834   Section        0  systick.o(.text.HAL_GetTick)
    __arm_cp.6_0                             0x0800083c   Number         4  systick.o(.text.HAL_GetTick)
    [Anonymous Symbol]                       0x08000840   Section        0  gd32e23x_it.o(.text.HardFault_Handler)
    [Anonymous Symbol]                       0x08000844   Section        0  gd32e23x_it.o(.text.NMI_Handler)
    [Anonymous Symbol]                       0x08000846   Section        0  gd32e23x_it.o(.text.PendSV_Handler)
    [Anonymous Symbol]                       0x08000848   Section        0  gd32e23x_it.o(.text.SVC_Handler)
    SysTick_Config                           0x0800084d   Thumb Code    84  systick.o(.text.SysTick_Config)
    [Anonymous Symbol]                       0x0800084c   Section        0  systick.o(.text.SysTick_Config)
    __arm_cp.1_0                             0x08000894   Number         4  systick.o(.text.SysTick_Config)
    __arm_cp.1_1                             0x08000898   Number         4  systick.o(.text.SysTick_Config)
    __arm_cp.1_2                             0x0800089c   Number         4  systick.o(.text.SysTick_Config)
    [Anonymous Symbol]                       0x080008a0   Section        0  gd32e23x_it.o(.text.SysTick_Handler)
    [Anonymous Symbol]                       0x080008a8   Section        0  system_gd32e23x.o(.text.SystemInit)
    __arm_cp.0_0                             0x08000930   Number         4  system_gd32e23x.o(.text.SystemInit)
    __arm_cp.0_1                             0x08000934   Number         4  system_gd32e23x.o(.text.SystemInit)
    __arm_cp.0_2                             0x08000938   Number         4  system_gd32e23x.o(.text.SystemInit)
    __arm_cp.0_3                             0x0800093c   Number         4  system_gd32e23x.o(.text.SystemInit)
    __arm_cp.0_4                             0x08000940   Number         4  system_gd32e23x.o(.text.SystemInit)
    __arm_cp.0_5                             0x08000944   Number         4  system_gd32e23x.o(.text.SystemInit)
    __arm_cp.0_6                             0x08000948   Number         4  system_gd32e23x.o(.text.SystemInit)
    __arm_cp.0_7                             0x0800094c   Number         4  system_gd32e23x.o(.text.SystemInit)
    __arm_cp.0_8                             0x08000950   Number         4  system_gd32e23x.o(.text.SystemInit)
    [Anonymous Symbol]                       0x08000954   Section        0  gd32e23x_it.o(.text.USART0_IRQHandler)
    __NVIC_EnableIRQ                         0x0800095d   Thumb Code    52  gd32e23x_misc.o(.text.__NVIC_EnableIRQ)
    [Anonymous Symbol]                       0x0800095c   Section        0  gd32e23x_misc.o(.text.__NVIC_EnableIRQ)
    __arm_cp.2_0                             0x0800098c   Number         4  gd32e23x_misc.o(.text.__NVIC_EnableIRQ)
    __NVIC_SetPriority                       0x08000991   Thumb Code   128  systick.o(.text.__NVIC_SetPriority)
    [Anonymous Symbol]                       0x08000990   Section        0  systick.o(.text.__NVIC_SetPriority)
    __NVIC_SetPriority                       0x08000a11   Thumb Code   136  gd32e23x_misc.o(.text.__NVIC_SetPriority)
    [Anonymous Symbol]                       0x08000a10   Section        0  gd32e23x_misc.o(.text.__NVIC_SetPriority)
    __arm_cp.1_0                             0x08000a90   Number         4  gd32e23x_misc.o(.text.__NVIC_SetPriority)
    __arm_cp.1_1                             0x08000a94   Number         4  gd32e23x_misc.o(.text.__NVIC_SetPriority)
    __NVIC_SystemReset                       0x08000a99   Thumb Code    28  update.o(.text.__NVIC_SystemReset)
    [Anonymous Symbol]                       0x08000a98   Section        0  update.o(.text.__NVIC_SystemReset)
    __arm_cp.1_0                             0x08000aac   Number         4  update.o(.text.__NVIC_SystemReset)
    __arm_cp.1_1                             0x08000ab0   Number         4  update.o(.text.__NVIC_SystemReset)
    checkACK                                 0x08000ab5   Thumb Code    68  ymodem_slave.o(.text.checkACK)
    [Anonymous Symbol]                       0x08000ab4   Section        0  ymodem_slave.o(.text.checkACK)
    [Anonymous Symbol]                       0x08000af8   Section        0  ymodem_slave.o(.text.checkCRC)
    [Anonymous Symbol]                       0x08000b54   Section        0  ymodem_slave.o(.text.check_end_package)
    [Anonymous Symbol]                       0x08000c1c   Section        0  ymodem_slave.o(.text.check_first_package)
    __arm_cp.8_3                             0x08000d38   Number         4  ymodem_slave.o(.text.check_first_package)
    __arm_cp.8_4                             0x08000d3c   Number         4  ymodem_slave.o(.text.check_first_package)
    [Anonymous Symbol]                       0x08000d40   Section        0  ymodem_slave.o(.text.check_mid_package)
    __arm_cp.10_0                            0x08000dd4   Number         4  ymodem_slave.o(.text.check_mid_package)
    __arm_cp.10_1                            0x08000dd8   Number         4  ymodem_slave.o(.text.check_mid_package)
    __arm_cp.10_2                            0x08000ddc   Number         4  ymodem_slave.o(.text.check_mid_package)
    __arm_cp.10_3                            0x08000de0   Number         4  ymodem_slave.o(.text.check_mid_package)
    __arm_cp.10_4                            0x08000de4   Number         4  ymodem_slave.o(.text.check_mid_package)
    [Anonymous Symbol]                       0x08000de8   Section        0  systick.o(.text.delay_decrement)
    __arm_cp.5_1                             0x08000e08   Number         4  systick.o(.text.delay_decrement)
    [Anonymous Symbol]                       0x08000e0c   Section        0  systick.o(.text.delay_ms)
    __arm_cp.4_0                             0x08000e28   Number         4  systick.o(.text.delay_ms)
    [Anonymous Symbol]                       0x08000e2c   Section        0  gd32e23x_dma.o(.text.dma_channel_disable)
    [Anonymous Symbol]                       0x08000e4c   Section        0  gd32e23x_dma.o(.text.dma_channel_enable)
    [Anonymous Symbol]                       0x08000e6c   Section        0  gd32e23x_dma.o(.text.dma_circulation_disable)
    [Anonymous Symbol]                       0x08000e8c   Section        0  gd32e23x_dma.o(.text.dma_deinit)
    __arm_cp.0_4                             0x08000ee4   Number         4  gd32e23x_dma.o(.text.dma_deinit)
    [Anonymous Symbol]                       0x08000ee8   Section        0  gd32e23x_dma.o(.text.dma_init)
    __arm_cp.2_0                             0x08000ff8   Number         4  gd32e23x_dma.o(.text.dma_init)
    [Anonymous Symbol]                       0x08000ffc   Section        0  gd32e23x_dma.o(.text.dma_memory_address_config)
    __arm_cp.10_0                            0x08001018   Number         4  gd32e23x_dma.o(.text.dma_memory_address_config)
    [Anonymous Symbol]                       0x0800101c   Section        0  gd32e23x_dma.o(.text.dma_memory_to_memory_disable)
    __arm_cp.7_0                             0x0800103c   Number         4  gd32e23x_dma.o(.text.dma_memory_to_memory_disable)
    [Anonymous Symbol]                       0x08001040   Section        0  gd32e23x_dma.o(.text.dma_transfer_number_config)
    [Anonymous Symbol]                       0x0800105c   Section        0  gd32e23x_dma.o(.text.dma_transfer_number_get)
    __arm_cp.12_0                            0x08001074   Number         4  gd32e23x_dma.o(.text.dma_transfer_number_get)
    [Anonymous Symbol]                       0x08001078   Section        0  ymodem_slave.o(.text.end)
    __arm_cp.14_0                            0x080010c4   Number         4  ymodem_slave.o(.text.end)
    __arm_cp.14_1                            0x080010c8   Number         4  ymodem_slave.o(.text.end)
    __arm_cp.14_2                            0x080010cc   Number         4  ymodem_slave.o(.text.end)
    [Anonymous Symbol]                       0x080010d0   Section        0  gd32e23x_flash.o(.text.erase_flash_page)
    __arm_cp.0_0                             0x08001174   Number         4  gd32e23x_flash.o(.text.erase_flash_page)
    fifo_check                               0x08001179   Thumb Code    84  fifo.o(.text.fifo_check)
    [Anonymous Symbol]                       0x08001178   Section        0  fifo.o(.text.fifo_check)
    [Anonymous Symbol]                       0x080011cc   Section        0  fifo.o(.text.fifo_dynamic_get_occupy_size)
    [Anonymous Symbol]                       0x08001208   Section        0  fifo.o(.text.fifo_dynamic_read)
    [Anonymous Symbol]                       0x0800124c   Section        0  fifo.o(.text.fifo_dynamic_register)
    [Anonymous Symbol]                       0x080012dc   Section        0  fifo.o(.text.fifo_dynamic_write)
    __arm_cp.6_0                             0x08001320   Number         4  fifo.o(.text.fifo_dynamic_write)
    [Anonymous Symbol]                       0x08001324   Section        0  fifo.o(.text.fifo_get_free_size)
    [Anonymous Symbol]                       0x08001354   Section        0  fifo.o(.text.fifo_get_occupy_size)
    [Anonymous Symbol]                       0x08001374   Section        0  fifo.o(.text.fifo_read)
    [Anonymous Symbol]                       0x0800143e   Section        0  fifo.o(.text.fifo_register)
    [Anonymous Symbol]                       0x0800147a   Section        0  fifo.o(.text.fifo_write)
    [Anonymous Symbol]                       0x08001544   Section        0  gd32e23x_fmc.o(.text.fmc_flag_clear)
    [Anonymous Symbol]                       0x08001554   Section        0  gd32e23x_fmc.o(.text.fmc_lock)
    [Anonymous Symbol]                       0x08001560   Section        0  gd32e23x_fmc.o(.text.fmc_page_erase)
    __arm_cp.5_1                             0x080015b8   Number         4  gd32e23x_fmc.o(.text.fmc_page_erase)
    [Anonymous Symbol]                       0x080015bc   Section        0  gd32e23x_fmc.o(.text.fmc_ready_wait)
    [Anonymous Symbol]                       0x08001618   Section        0  gd32e23x_fmc.o(.text.fmc_state_get)
    __arm_cp.29_0                            0x08001668   Number         4  gd32e23x_fmc.o(.text.fmc_state_get)
    [Anonymous Symbol]                       0x0800166c   Section        0  gd32e23x_fmc.o(.text.fmc_unlock)
    __arm_cp.0_1                             0x08001688   Number         4  gd32e23x_fmc.o(.text.fmc_unlock)
    __arm_cp.0_2                             0x0800168c   Number         4  gd32e23x_fmc.o(.text.fmc_unlock)
    __arm_cp.0_3                             0x08001690   Number         4  gd32e23x_fmc.o(.text.fmc_unlock)
    [Anonymous Symbol]                       0x08001694   Section        0  gd32e23x_fmc.o(.text.fmc_word_program)
    __arm_cp.9_0                             0x080016e8   Number         4  gd32e23x_fmc.o(.text.fmc_word_program)
    [Anonymous Symbol]                       0x080016ec   Section        0  usart.o(.text.fputc)
    __arm_cp.7_0                             0x08001718   Number         4  usart.o(.text.fputc)
    __arm_cp.7_1                             0x0800171c   Number         4  usart.o(.text.fputc)
    get_page_start_addr                      0x08001721   Thumb Code    24  gd32e23x_flash.o(.text.get_page_start_addr)
    [Anonymous Symbol]                       0x08001720   Section        0  gd32e23x_flash.o(.text.get_page_start_addr)
    __arm_cp.1_0                             0x08001734   Number         4  gd32e23x_flash.o(.text.get_page_start_addr)
    getstrpos                                0x08001739   Thumb Code    66  ymodem_slave.o(.text.getstrpos)
    [Anonymous Symbol]                       0x08001738   Section        0  ymodem_slave.o(.text.getstrpos)
    [Anonymous Symbol]                       0x0800177a   Section        0  gd32e23x_gpio.o(.text.gpio_af_set)
    [Anonymous Symbol]                       0x0800183e   Section        0  gd32e23x_gpio.o(.text.gpio_mode_set)
    [Anonymous Symbol]                       0x080018ce   Section        0  gd32e23x_gpio.o(.text.gpio_output_options_set)
    [Anonymous Symbol]                       0x0800195c   Section        0  update.o(.text.iap_load_app)
    __arm_cp.0_0                             0x08001998   Number         4  update.o(.text.iap_load_app)
    __arm_cp.0_1                             0x0800199c   Number         4  update.o(.text.iap_load_app)
    [Anonymous Symbol]                       0x080019a0   Section        0  main.o(.text.main)
    __arm_cp.0_0                             0x080019d4   Number         4  main.o(.text.main)
    [Anonymous Symbol]                       0x080019d8   Section        0  gd32e23x_misc.o(.text.nvic_irq_enable)
    [Anonymous Symbol]                       0x08001a0c   Section        0  gd32e23x_misc.o(.text.nvic_vector_table_set)
    __arm_cp.7_0                             0x08001a24   Number         4  gd32e23x_misc.o(.text.nvic_vector_table_set)
    __arm_cp.7_1                             0x08001a28   Number         4  gd32e23x_misc.o(.text.nvic_vector_table_set)
    [Anonymous Symbol]                       0x08001a2c   Section        0  gd32e23x_flash.o(.text.program_flash)
    [Anonymous Symbol]                       0x08001a98   Section        0  gd32e23x_rcu.o(.text.rcu_clock_freq_get)
    __arm_cp.38_0                            0x08001cf8   Number         4  gd32e23x_rcu.o(.text.rcu_clock_freq_get)
    __arm_cp.38_1                            0x08001cfc   Number         4  gd32e23x_rcu.o(.text.rcu_clock_freq_get)
    __arm_cp.38_2                            0x08001d00   Number         4  gd32e23x_rcu.o(.text.rcu_clock_freq_get)
    __arm_cp.38_3                            0x08001d04   Number         4  gd32e23x_rcu.o(.text.rcu_clock_freq_get)
    __arm_cp.38_4                            0x08001d08   Number         4  gd32e23x_rcu.o(.text.rcu_clock_freq_get)
    __arm_cp.38_5                            0x08001d0c   Number         4  gd32e23x_rcu.o(.text.rcu_clock_freq_get)
    __arm_cp.38_6                            0x08001d10   Number         4  gd32e23x_rcu.o(.text.rcu_clock_freq_get)
    __arm_cp.38_7                            0x08001d14   Number         4  gd32e23x_rcu.o(.text.rcu_clock_freq_get)
    __arm_cp.38_8                            0x08001d18   Number         4  gd32e23x_rcu.o(.text.rcu_clock_freq_get)
    __arm_cp.38_9                            0x08001d1c   Number         4  gd32e23x_rcu.o(.text.rcu_clock_freq_get)
    [Anonymous Symbol]                       0x08001d20   Section        0  gd32e23x_rcu.o(.text.rcu_periph_clock_enable)
    [Anonymous Symbol]                       0x08001d44   Section        0  gd32e23x_rcu.o(.text.rcu_periph_reset_disable)
    [Anonymous Symbol]                       0x08001d68   Section        0  gd32e23x_rcu.o(.text.rcu_periph_reset_enable)
    __arm_cp.5_0                             0x08001d8c   Number         4  gd32e23x_rcu.o(.text.rcu_periph_reset_enable)
    [Anonymous Symbol]                       0x08001d90   Section        0  update.o(.text.read_data_cb)
    [Anonymous Symbol]                       0x08001e08   Section        0  gd32e23x_flash.o(.text.read_flash)
    __arm_cp.3_0                             0x08001e64   Number         4  gd32e23x_flash.o(.text.read_flash)
    [Anonymous Symbol]                       0x08001e68   Section        0  ymodem_slave.o(.text.run)
    __arm_cp.13_0                            0x08001fb8   Number         4  ymodem_slave.o(.text.run)
    __arm_cp.13_1                            0x08001fbc   Number         4  ymodem_slave.o(.text.run)
    __arm_cp.13_2                            0x08001fc0   Number         4  ymodem_slave.o(.text.run)
    __arm_cp.13_3                            0x08001fc4   Number         4  ymodem_slave.o(.text.run)
    [Anonymous Symbol]                       0x08001fc8   Section        0  update.o(.text.send_data_cb)
    [Anonymous Symbol]                       0x08001fea   Section        0  ymodem_slave.o(.text.start)
    [Anonymous Symbol]                       0x08002020   Section        0  update.o(.text.store_cb)
    system_clock_72m_hxtal                   0x08002061   Thumb Code   236  system_gd32e23x.o(.text.system_clock_72m_hxtal)
    [Anonymous Symbol]                       0x08002060   Section        0  system_gd32e23x.o(.text.system_clock_72m_hxtal)
    __arm_cp.3_0                             0x08002138   Number         4  system_gd32e23x.o(.text.system_clock_72m_hxtal)
    __arm_cp.3_1                             0x0800213c   Number         4  system_gd32e23x.o(.text.system_clock_72m_hxtal)
    __arm_cp.3_2                             0x08002140   Number         4  system_gd32e23x.o(.text.system_clock_72m_hxtal)
    __arm_cp.3_3                             0x08002144   Number         4  system_gd32e23x.o(.text.system_clock_72m_hxtal)
    __arm_cp.3_4                             0x08002148   Number         4  system_gd32e23x.o(.text.system_clock_72m_hxtal)
    system_clock_config                      0x0800214d   Thumb Code     8  system_gd32e23x.o(.text.system_clock_config)
    [Anonymous Symbol]                       0x0800214c   Section        0  system_gd32e23x.o(.text.system_clock_config)
    [Anonymous Symbol]                       0x08002154   Section        0  systick.o(.text.systick_config)
    __arm_cp.0_0                             0x08002184   Number         4  systick.o(.text.systick_config)
    [Anonymous Symbol]                       0x08002188   Section        0  update.o(.text.update_app)
    [Anonymous Symbol]                       0x080021c4   Section        0  update.o(.text.update_check)
    __arm_cp.11_1                            0x08002208   Number         4  update.o(.text.update_check)
    [Anonymous Symbol]                       0x0800220c   Section        0  update.o(.text.update_eraseFlag)
    [Anonymous Symbol]                       0x08002240   Section        0  update.o(.text.update_getMessage)
    [Anonymous Symbol]                       0x08002258   Section        0  update.o(.text.update_init)
    __arm_cp.6_0                             0x08002280   Number         4  update.o(.text.update_init)
    __arm_cp.6_1                             0x08002284   Number         4  update.o(.text.update_init)
    __arm_cp.6_2                             0x08002288   Number         4  update.o(.text.update_init)
    __arm_cp.6_3                             0x0800228c   Number         4  update.o(.text.update_init)
    [Anonymous Symbol]                       0x08002290   Section        0  update.o(.text.update_writeMessage)
    __arm_cp.10_0                            0x080022c8   Number         4  update.o(.text.update_writeMessage)
    __arm_cp.10_1                            0x080022cc   Number         4  update.o(.text.update_writeMessage)
    [Anonymous Symbol]                       0x080022d0   Section        0  usart.o(.text.usart0_gpio_init)
    __arm_cp.0_0                             0x08002340   Number         4  usart.o(.text.usart0_gpio_init)
    [Anonymous Symbol]                       0x08002344   Section        0  usart.o(.text.usart0_idle_handle)
    __arm_cp.6_1                             0x080023b4   Number         4  usart.o(.text.usart0_idle_handle)
    [Anonymous Symbol]                       0x080023b8   Section        0  usart.o(.text.usart0_init)
    __arm_cp.3_0                             0x08002428   Number         4  usart.o(.text.usart0_init)
    __arm_cp.3_2                             0x0800242c   Number         4  usart.o(.text.usart0_init)
    [Anonymous Symbol]                       0x08002430   Section        0  usart.o(.text.usart0_rx_dma_init)
    __arm_cp.2_0                             0x08002494   Number         4  usart.o(.text.usart0_rx_dma_init)
    __arm_cp.2_1                             0x08002498   Number         4  usart.o(.text.usart0_rx_dma_init)
    [Anonymous Symbol]                       0x0800249c   Section        0  usart.o(.text.usart0_send_data)
    __arm_cp.4_1                             0x080024f0   Number         4  usart.o(.text.usart0_send_data)
    [Anonymous Symbol]                       0x080024f4   Section        0  gd32e23x_usart.o(.text.usart_baudrate_set)
    __arm_cp.1_2                             0x080025a0   Number         4  gd32e23x_usart.o(.text.usart_baudrate_set)
    [Anonymous Symbol]                       0x080025a4   Section        0  gd32e23x_usart.o(.text.usart_data_receive)
    [Anonymous Symbol]                       0x080025b4   Section        0  gd32e23x_usart.o(.text.usart_data_transmit)
    __arm_cp.18_0                            0x080025c8   Number         4  gd32e23x_usart.o(.text.usart_data_transmit)
    [Anonymous Symbol]                       0x080025cc   Section        0  gd32e23x_usart.o(.text.usart_deinit)
    __arm_cp.0_0                             0x08002610   Number         4  gd32e23x_usart.o(.text.usart_deinit)
    __arm_cp.0_1                             0x08002614   Number         4  gd32e23x_usart.o(.text.usart_deinit)
    __arm_cp.0_2                             0x08002618   Number         4  gd32e23x_usart.o(.text.usart_deinit)
    __arm_cp.0_3                             0x0800261c   Number         4  gd32e23x_usart.o(.text.usart_deinit)
    [Anonymous Symbol]                       0x08002620   Section        0  gd32e23x_usart.o(.text.usart_dma_receive_config)
    [Anonymous Symbol]                       0x0800263e   Section        0  gd32e23x_usart.o(.text.usart_enable)
    [Anonymous Symbol]                       0x08002650   Section        0  gd32e23x_usart.o(.text.usart_flag_get)
    [Anonymous Symbol]                       0x0800268a   Section        0  gd32e23x_usart.o(.text.usart_interrupt_enable)
    [Anonymous Symbol]                       0x080026b0   Section        0  gd32e23x_usart.o(.text.usart_interrupt_flag_clear)
    __arm_cp.73_0                            0x080026ec   Number         4  gd32e23x_usart.o(.text.usart_interrupt_flag_clear)
    [Anonymous Symbol]                       0x080026f0   Section        0  gd32e23x_usart.o(.text.usart_interrupt_flag_get)
    [Anonymous Symbol]                       0x08002756   Section        0  gd32e23x_usart.o(.text.usart_receive_config)
    [Anonymous Symbol]                       0x08002774   Section        0  gd32e23x_usart.o(.text.usart_transmit_config)
    ys_calc_crc16                            0x08002795   Thumb Code    88  ymodem_slave.o(.text.ys_calc_crc16)
    [Anonymous Symbol]                       0x08002794   Section        0  ymodem_slave.o(.text.ys_calc_crc16)
    __arm_cp.7_0                             0x080027e8   Number         4  ymodem_slave.o(.text.ys_calc_crc16)
    [Anonymous Symbol]                       0x080027ec   Section        0  ymodem_slave.o(.text.ys_clear_cache)
    [Anonymous Symbol]                       0x08002808   Section        0  ymodem_slave.o(.text.ys_read_package)
    [Anonymous Symbol]                       0x08002868   Section        0  ymodem_slave.o(.text.ys_send_byte)
    [Anonymous Symbol]                       0x0800288c   Section        0  ymodem_slave.o(.text.ys_send_data)
    [Anonymous Symbol]                       0x080028cc   Section        0  ymodem_slave.o(.text.ys_store)
    [Anonymous Symbol]                       0x08002930   Section        0  ymodem_slave.o(.text.yslave_getFileInfo)
    [Anonymous Symbol]                       0x08002938   Section        0  ymodem_slave.o(.text.yslave_handle)
    __arm_cp.16_0                            0x0800299c   Number         4  ymodem_slave.o(.text.yslave_handle)
    [Anonymous Symbol]                       0x080029a0   Section        0  ymodem_slave.o(.text.yslave_init)
    __arm_cp.0_0                             0x08002a10   Number         4  ymodem_slave.o(.text.yslave_init)
    __arm_cp.0_1                             0x08002a14   Number         4  ymodem_slave.o(.text.yslave_init)
    __arm_cp.0_2                             0x08002a18   Number         4  ymodem_slave.o(.text.yslave_init)
    __arm_cp.0_3                             0x08002a1c   Number         4  ymodem_slave.o(.text.yslave_init)
    i.__0printf                              0x08002a20   Section        0  printfa.o(i.__0printf)
    i.__ARM_clz                              0x08002a40   Section        0  depilogue.o(i.__ARM_clz)
    i.__aeabi_errno_addr                     0x08002a70   Section        0  errno.o(i.__aeabi_errno_addr)
    i.__scatterload_copy                     0x08002a78   Section       14  handlers.o(i.__scatterload_copy)
    i.__scatterload_null                     0x08002a86   Section        2  handlers.o(i.__scatterload_null)
    i.__scatterload_zeroinit                 0x08002a88   Section       14  handlers.o(i.__scatterload_zeroinit)
    _fp_digits                               0x08002a99   Thumb Code   344  printfa.o(i._fp_digits)
    i._fp_digits                             0x08002a98   Section        0  printfa.o(i._fp_digits)
    _printf_core                             0x08002c0d   Thumb Code  1754  printfa.o(i._printf_core)
    i._printf_core                           0x08002c0c   Section        0  printfa.o(i._printf_core)
    _printf_post_padding                     0x080032f9   Thumb Code    32  printfa.o(i._printf_post_padding)
    i._printf_post_padding                   0x080032f8   Section        0  printfa.o(i._printf_post_padding)
    _printf_pre_padding                      0x08003319   Thumb Code    44  printfa.o(i._printf_pre_padding)
    i._printf_pre_padding                    0x08003318   Section        0  printfa.o(i._printf_pre_padding)
    i.free                                   0x08003344   Section        0  malloc.o(i.free)
    i.malloc                                 0x08003398   Section        0  malloc.o(i.malloc)
    .constdata                               0x08003404   Section      129  ctype_o.o(.constdata)
    table                                    0x08003488   Data           4  ctype_o.o(.constdata)
    .constdata                               0x08003488   Section        4  ctype_o.o(.constdata)
    crc_table                                0x0800348c   Data         512  ymodem_slave.o(.rodata.crc_table)
    [Anonymous Symbol]                       0x0800348c   Section        0  ymodem_slave.o(.rodata.crc_table)
    .L.str                                   0x0800368c   Data          29  usart.o(.rodata.str1.1)
    [Anonymous Symbol]                       0x0800368c   Section        0  usart.o(.rodata.str1.1)
    .L.str                                   0x080036a9   Data          27  update.o(.rodata.str1.1)
    [Anonymous Symbol]                       0x080036a9   Section        0  update.o(.rodata.str1.1)
    .L.str                                   0x080036c4   Data           5  ymodem_slave.o(.rodata.str1.1)
    [Anonymous Symbol]                       0x080036c4   Section        0  ymodem_slave.o(.rodata.str1.1)
    .data                                    0x20000000   Section        4  stdout.o(.data)
    .data                                    0x20000004   Section        4  mvars.o(.data)
    .data                                    0x20000008   Section        4  mvars.o(.data)
    _errno                                   0x2000000c   Data           4  errno.o(.data)
    .data                                    0x2000000c   Section        4  errno.o(.data)
    error                                    0x20000014   Data           1  ymodem_slave.o(.data.error)
    [Anonymous Symbol]                       0x20000014   Section        0  ymodem_slave.o(.data.error)
    update_init.config                       0x20000018   Data          20  update.o(.data.update_init.config)
    [Anonymous Symbol]                       0x20000018   Section        0  update.o(.data.update_init.config)
    delay                                    0x20000034   Data           4  systick.o(.bss.delay)
    [Anonymous Symbol]                       0x20000034   Section        0  systick.o(.bss.delay)
    file                                     0x20000040   Data           4  ymodem_slave.o(.bss.file)
    [Anonymous Symbol]                       0x20000040   Section        0  ymodem_slave.o(.bss.file)
    packageBuff                              0x20000048   Data           4  ymodem_slave.o(.bss.packageBuff)
    [Anonymous Symbol]                       0x20000048   Section        0  ymodem_slave.o(.bss.packageBuff)
    ys_config                                0x20000464   Data           4  ymodem_slave.o(.bss.ys_config)
    [Anonymous Symbol]                       0x20000464   Section        0  ymodem_slave.o(.bss.ys_config)
    HEAP                                     0x20000468   Section     3072  startup_gd32e23x.o(HEAP)
    STACK                                    0x20001068   Section     1024  startup_gd32e23x.o(STACK)

    Global Symbols

    Symbol Name                              Value     Ov Type        Size  Object(Section)

    BuildAttributes$$THM_ISAv3M$S$8M$PE$A:L22$X:L11$S22$IEEE1$IW$~IW$USESV6$~STKCKD$USESV7$~SHL$OSPACE$ROPI$EBA8$MICROLIB$REQ8$PRES8$EABIv2 0x00000000   Number         0  anon$$obj.o ABSOLUTE
    __cpp_initialize__aeabi_                  - Undefined Weak Reference
    __cxa_finalize                            - Undefined Weak Reference
    __decompress                              - Undefined Weak Reference
    _clock_init                               - Undefined Weak Reference
    _microlib_exit                            - Undefined Weak Reference
    __Vectors_Size                           0x000000cc   Number         0  startup_gd32e23x.o ABSOLUTE
    __Vectors                                0x08000000   Data           4  startup_gd32e23x.o(RESET)
    __Vectors_End                            0x080000cc   Data           0  startup_gd32e23x.o(RESET)
    __main                                   0x080000cd   Thumb Code     0  entry.o(.ARM.Collect$$$$00000000)
    _main_stk                                0x080000cd   Thumb Code     0  entry2.o(.ARM.Collect$$$$00000001)
    _main_scatterload                        0x080000d1   Thumb Code     0  entry5.o(.ARM.Collect$$$$00000004)
    __main_after_scatterload                 0x080000d5   Thumb Code     0  entry5.o(.ARM.Collect$$$$00000004)
    _main_clock                              0x080000d5   Thumb Code     0  entry7b.o(.ARM.Collect$$$$00000008)
    _main_cpp_init                           0x080000d5   Thumb Code     0  entry8b.o(.ARM.Collect$$$$0000000A)
    _main_init                               0x080000d5   Thumb Code     0  entry9a.o(.ARM.Collect$$$$0000000B)
    __rt_final_cpp                           0x080000dd   Thumb Code     0  entry10a.o(.ARM.Collect$$$$0000000D)
    __rt_final_exit                          0x080000dd   Thumb Code     0  entry11a.o(.ARM.Collect$$$$0000000F)
    Reset_Handler                            0x080000e1   Thumb Code     8  startup_gd32e23x.o(.text)
    ADC_CMP_IRQHandler                       0x080000f3   Thumb Code     0  startup_gd32e23x.o(.text)
    DMA_Channel0_IRQHandler                  0x080000f3   Thumb Code     0  startup_gd32e23x.o(.text)
    DMA_Channel1_2_IRQHandler                0x080000f3   Thumb Code     0  startup_gd32e23x.o(.text)
    DMA_Channel3_4_IRQHandler                0x080000f3   Thumb Code     0  startup_gd32e23x.o(.text)
    EXTI0_1_IRQHandler                       0x080000f3   Thumb Code     0  startup_gd32e23x.o(.text)
    EXTI2_3_IRQHandler                       0x080000f3   Thumb Code     0  startup_gd32e23x.o(.text)
    EXTI4_15_IRQHandler                      0x080000f3   Thumb Code     0  startup_gd32e23x.o(.text)
    FMC_IRQHandler                           0x080000f3   Thumb Code     0  startup_gd32e23x.o(.text)
    I2C0_ER_IRQHandler                       0x080000f3   Thumb Code     0  startup_gd32e23x.o(.text)
    I2C0_EV_IRQHandler                       0x080000f3   Thumb Code     0  startup_gd32e23x.o(.text)
    I2C1_ER_IRQHandler                       0x080000f3   Thumb Code     0  startup_gd32e23x.o(.text)
    I2C1_EV_IRQHandler                       0x080000f3   Thumb Code     0  startup_gd32e23x.o(.text)
    LVD_IRQHandler                           0x080000f3   Thumb Code     0  startup_gd32e23x.o(.text)
    RCU_IRQHandler                           0x080000f3   Thumb Code     0  startup_gd32e23x.o(.text)
    RTC_IRQHandler                           0x080000f3   Thumb Code     0  startup_gd32e23x.o(.text)
    SPI0_IRQHandler                          0x080000f3   Thumb Code     0  startup_gd32e23x.o(.text)
    SPI1_IRQHandler                          0x080000f3   Thumb Code     0  startup_gd32e23x.o(.text)
    TIMER0_BRK_UP_TRG_COM_IRQHandler         0x080000f3   Thumb Code     0  startup_gd32e23x.o(.text)
    TIMER0_Channel_IRQHandler                0x080000f3   Thumb Code     0  startup_gd32e23x.o(.text)
    TIMER13_IRQHandler                       0x080000f3   Thumb Code     0  startup_gd32e23x.o(.text)
    TIMER14_IRQHandler                       0x080000f3   Thumb Code     0  startup_gd32e23x.o(.text)
    TIMER15_IRQHandler                       0x080000f3   Thumb Code     0  startup_gd32e23x.o(.text)
    TIMER16_IRQHandler                       0x080000f3   Thumb Code     0  startup_gd32e23x.o(.text)
    TIMER2_IRQHandler                        0x080000f3   Thumb Code     0  startup_gd32e23x.o(.text)
    TIMER5_IRQHandler                        0x080000f3   Thumb Code     0  startup_gd32e23x.o(.text)
    USART1_IRQHandler                        0x080000f3   Thumb Code     0  startup_gd32e23x.o(.text)
    WWDGT_IRQHandler                         0x080000f3   Thumb Code     0  startup_gd32e23x.o(.text)
    __aeabi_memcpy                           0x080000fd   Thumb Code    36  memcpya.o(.text)
    __aeabi_memcpy4                          0x080000fd   Thumb Code     0  memcpya.o(.text)
    __aeabi_memcpy8                          0x080000fd   Thumb Code     0  memcpya.o(.text)
    __aeabi_memset                           0x08000121   Thumb Code    14  memseta.o(.text)
    __aeabi_memset4                          0x08000121   Thumb Code     0  memseta.o(.text)
    __aeabi_memset8                          0x08000121   Thumb Code     0  memseta.o(.text)
    __aeabi_memclr                           0x0800012f   Thumb Code     4  memseta.o(.text)
    __aeabi_memclr4                          0x0800012f   Thumb Code     0  memseta.o(.text)
    __aeabi_memclr8                          0x0800012f   Thumb Code     0  memseta.o(.text)
    _memset$wrapper                          0x08000133   Thumb Code    18  memseta.o(.text)
    strstr                                   0x08000145   Thumb Code    40  strstr.o(.text)
    strlen                                   0x0800016d   Thumb Code    14  strlen.o(.text)
    strtoul                                  0x0800017b   Thumb Code   118  strtoul.o(.text)
    __aeabi_uldivmod                         0x080001f1   Thumb Code    96  uldiv.o(.text)
    __rt_ctype_table                         0x08000251   Thumb Code     4  ctype_o.o(.text)
    _strtoul                                 0x08000259   Thumb Code   166  _strtoul.o(.text)
    __I$use$fp                               0x080002ff   Thumb Code     0  iusefp.o(.text)
    __aeabi_dadd                             0x08000301   Thumb Code   328  dadd.o(.text)
    __aeabi_dsub                             0x08000449   Thumb Code    12  dadd.o(.text)
    __aeabi_drsub                            0x08000455   Thumb Code    12  dadd.o(.text)
    __aeabi_dmul                             0x08000465   Thumb Code   202  dmul.o(.text)
    __aeabi_ddiv                             0x08000535   Thumb Code   234  ddiv.o(.text)
    __aeabi_d2ulz                            0x08000625   Thumb Code    54  dfixul.o(.text)
    __aeabi_cdrcmple                         0x08000665   Thumb Code    38  cdrcmple.o(.text)
    __scatterload                            0x0800068d   Thumb Code    28  init.o(.text)
    __scatterload_rt2                        0x0800068d   Thumb Code     0  init.o(.text)
    __aeabi_uidiv$div0                       0x080006b1   Thumb Code     0  uidiv_div0.o(.text)
    __aeabi_uidivmod                         0x080006b1   Thumb Code    62  uidiv_div0.o(.text)
    __aeabi_llsl                             0x080006ef   Thumb Code    32  llshl.o(.text)
    _ll_shift_l                              0x080006ef   Thumb Code     0  llshl.o(.text)
    __aeabi_llsr                             0x0800070f   Thumb Code    34  llushr.o(.text)
    _ll_ushift_r                             0x0800070f   Thumb Code     0  llushr.o(.text)
    __aeabi_lasr                             0x08000731   Thumb Code    38  llsshr.o(.text)
    _ll_sshift_r                             0x08000731   Thumb Code     0  llsshr.o(.text)
    _chval                                   0x08000757   Thumb Code    30  _chval.o(.text)
    _double_round                            0x08000775   Thumb Code    26  depilogue.o(.text)
    _double_epilogue                         0x0800078f   Thumb Code   164  depilogue.o(.text)
    HAL_GetTick                              0x08000835   Thumb Code    12  systick.o(.text.HAL_GetTick)
    HardFault_Handler                        0x08000841   Thumb Code     4  gd32e23x_it.o(.text.HardFault_Handler)
    NMI_Handler                              0x08000845   Thumb Code     2  gd32e23x_it.o(.text.NMI_Handler)
    PendSV_Handler                           0x08000847   Thumb Code     2  gd32e23x_it.o(.text.PendSV_Handler)
    SVC_Handler                              0x08000849   Thumb Code     2  gd32e23x_it.o(.text.SVC_Handler)
    SysTick_Handler                          0x080008a1   Thumb Code     8  gd32e23x_it.o(.text.SysTick_Handler)
    SystemInit                               0x080008a9   Thumb Code   172  system_gd32e23x.o(.text.SystemInit)
    USART0_IRQHandler                        0x08000955   Thumb Code     8  gd32e23x_it.o(.text.USART0_IRQHandler)
    checkCRC                                 0x08000af9   Thumb Code    92  ymodem_slave.o(.text.checkCRC)
    check_end_package                        0x08000b55   Thumb Code   200  ymodem_slave.o(.text.check_end_package)
    check_first_package                      0x08000c1d   Thumb Code   292  ymodem_slave.o(.text.check_first_package)
    check_mid_package                        0x08000d41   Thumb Code   168  ymodem_slave.o(.text.check_mid_package)
    delay_decrement                          0x08000de9   Thumb Code    36  systick.o(.text.delay_decrement)
    delay_ms                                 0x08000e0d   Thumb Code    32  systick.o(.text.delay_ms)
    dma_channel_disable                      0x08000e2d   Thumb Code    32  gd32e23x_dma.o(.text.dma_channel_disable)
    dma_channel_enable                       0x08000e4d   Thumb Code    32  gd32e23x_dma.o(.text.dma_channel_enable)
    dma_circulation_disable                  0x08000e6d   Thumb Code    32  gd32e23x_dma.o(.text.dma_circulation_disable)
    dma_deinit                               0x08000e8d   Thumb Code    92  gd32e23x_dma.o(.text.dma_deinit)
    dma_init                                 0x08000ee9   Thumb Code   276  gd32e23x_dma.o(.text.dma_init)
    dma_memory_address_config                0x08000ffd   Thumb Code    32  gd32e23x_dma.o(.text.dma_memory_address_config)
    dma_memory_to_memory_disable             0x0800101d   Thumb Code    36  gd32e23x_dma.o(.text.dma_memory_to_memory_disable)
    dma_transfer_number_config               0x08001041   Thumb Code    28  gd32e23x_dma.o(.text.dma_transfer_number_config)
    dma_transfer_number_get                  0x0800105d   Thumb Code    28  gd32e23x_dma.o(.text.dma_transfer_number_get)
    end                                      0x08001079   Thumb Code    88  ymodem_slave.o(.text.end)
    erase_flash_page                         0x080010d1   Thumb Code   168  gd32e23x_flash.o(.text.erase_flash_page)
    fifo_dynamic_get_occupy_size             0x080011cd   Thumb Code    60  fifo.o(.text.fifo_dynamic_get_occupy_size)
    fifo_dynamic_read                        0x08001209   Thumb Code    68  fifo.o(.text.fifo_dynamic_read)
    fifo_dynamic_register                    0x0800124d   Thumb Code   144  fifo.o(.text.fifo_dynamic_register)
    fifo_dynamic_write                       0x080012dd   Thumb Code    72  fifo.o(.text.fifo_dynamic_write)
    fifo_get_free_size                       0x08001325   Thumb Code    48  fifo.o(.text.fifo_get_free_size)
    fifo_get_occupy_size                     0x08001355   Thumb Code    32  fifo.o(.text.fifo_get_occupy_size)
    fifo_read                                0x08001375   Thumb Code   202  fifo.o(.text.fifo_read)
    fifo_register                            0x0800143f   Thumb Code    60  fifo.o(.text.fifo_register)
    fifo_write                               0x0800147b   Thumb Code   202  fifo.o(.text.fifo_write)
    fmc_flag_clear                           0x08001545   Thumb Code    16  gd32e23x_fmc.o(.text.fmc_flag_clear)
    fmc_lock                                 0x08001555   Thumb Code    12  gd32e23x_fmc.o(.text.fmc_lock)
    fmc_page_erase                           0x08001561   Thumb Code    92  gd32e23x_fmc.o(.text.fmc_page_erase)
    fmc_ready_wait                           0x080015bd   Thumb Code    90  gd32e23x_fmc.o(.text.fmc_ready_wait)
    fmc_state_get                            0x08001619   Thumb Code    84  gd32e23x_fmc.o(.text.fmc_state_get)
    fmc_unlock                               0x0800166d   Thumb Code    40  gd32e23x_fmc.o(.text.fmc_unlock)
    fmc_word_program                         0x08001695   Thumb Code    88  gd32e23x_fmc.o(.text.fmc_word_program)
    fputc                                    0x080016ed   Thumb Code    52  usart.o(.text.fputc)
    gpio_af_set                              0x0800177b   Thumb Code   196  gd32e23x_gpio.o(.text.gpio_af_set)
    gpio_mode_set                            0x0800183f   Thumb Code   144  gd32e23x_gpio.o(.text.gpio_mode_set)
    gpio_output_options_set                  0x080018cf   Thumb Code   142  gd32e23x_gpio.o(.text.gpio_output_options_set)
    iap_load_app                             0x0800195d   Thumb Code    68  update.o(.text.iap_load_app)
    main                                     0x080019a1   Thumb Code    56  main.o(.text.main)
    nvic_irq_enable                          0x080019d9   Thumb Code    52  gd32e23x_misc.o(.text.nvic_irq_enable)
    nvic_vector_table_set                    0x08001a0d   Thumb Code    32  gd32e23x_misc.o(.text.nvic_vector_table_set)
    program_flash                            0x08001a2d   Thumb Code   108  gd32e23x_flash.o(.text.program_flash)
    rcu_clock_freq_get                       0x08001a99   Thumb Code   648  gd32e23x_rcu.o(.text.rcu_clock_freq_get)
    rcu_periph_clock_enable                  0x08001d21   Thumb Code    36  gd32e23x_rcu.o(.text.rcu_periph_clock_enable)
    rcu_periph_reset_disable                 0x08001d45   Thumb Code    36  gd32e23x_rcu.o(.text.rcu_periph_reset_disable)
    rcu_periph_reset_enable                  0x08001d69   Thumb Code    40  gd32e23x_rcu.o(.text.rcu_periph_reset_enable)
    read_data_cb                             0x08001d91   Thumb Code   120  update.o(.text.read_data_cb)
    read_flash                               0x08001e09   Thumb Code    96  gd32e23x_flash.o(.text.read_flash)
    run                                      0x08001e69   Thumb Code   352  ymodem_slave.o(.text.run)
    send_data_cb                             0x08001fc9   Thumb Code    34  update.o(.text.send_data_cb)
    start                                    0x08001feb   Thumb Code    54  ymodem_slave.o(.text.start)
    store_cb                                 0x08002021   Thumb Code    64  update.o(.text.store_cb)
    systick_config                           0x08002155   Thumb Code    52  systick.o(.text.systick_config)
    update_app                               0x08002189   Thumb Code    58  update.o(.text.update_app)
    update_check                             0x080021c5   Thumb Code    72  update.o(.text.update_check)
    update_eraseFlag                         0x0800220d   Thumb Code    50  update.o(.text.update_eraseFlag)
    update_getMessage                        0x08002241   Thumb Code    24  update.o(.text.update_getMessage)
    update_init                              0x08002259   Thumb Code    56  update.o(.text.update_init)
    update_writeMessage                      0x08002291   Thumb Code    64  update.o(.text.update_writeMessage)
    usart0_gpio_init                         0x080022d1   Thumb Code   116  usart.o(.text.usart0_gpio_init)
    usart0_idle_handle                       0x08002345   Thumb Code   116  usart.o(.text.usart0_idle_handle)
    usart0_init                              0x080023b9   Thumb Code   120  usart.o(.text.usart0_init)
    usart0_rx_dma_init                       0x08002431   Thumb Code   108  usart.o(.text.usart0_rx_dma_init)
    usart0_send_data                         0x0800249d   Thumb Code    88  usart.o(.text.usart0_send_data)
    usart_baudrate_set                       0x080024f5   Thumb Code   176  gd32e23x_usart.o(.text.usart_baudrate_set)
    usart_data_receive                       0x080025a5   Thumb Code    16  gd32e23x_usart.o(.text.usart_data_receive)
    usart_data_transmit                      0x080025b5   Thumb Code    24  gd32e23x_usart.o(.text.usart_data_transmit)
    usart_deinit                             0x080025cd   Thumb Code    84  gd32e23x_usart.o(.text.usart_deinit)
    usart_dma_receive_config                 0x08002621   Thumb Code    30  gd32e23x_usart.o(.text.usart_dma_receive_config)
    usart_enable                             0x0800263f   Thumb Code    18  gd32e23x_usart.o(.text.usart_enable)
    usart_flag_get                           0x08002651   Thumb Code    58  gd32e23x_usart.o(.text.usart_flag_get)
    usart_interrupt_enable                   0x0800268b   Thumb Code    38  gd32e23x_usart.o(.text.usart_interrupt_enable)
    usart_interrupt_flag_clear               0x080026b1   Thumb Code    64  gd32e23x_usart.o(.text.usart_interrupt_flag_clear)
    usart_interrupt_flag_get                 0x080026f1   Thumb Code   102  gd32e23x_usart.o(.text.usart_interrupt_flag_get)
    usart_receive_config                     0x08002757   Thumb Code    30  gd32e23x_usart.o(.text.usart_receive_config)
    usart_transmit_config                    0x08002775   Thumb Code    30  gd32e23x_usart.o(.text.usart_transmit_config)
    ys_clear_cache                           0x080027ed   Thumb Code    28  ymodem_slave.o(.text.ys_clear_cache)
    ys_read_package                          0x08002809   Thumb Code    96  ymodem_slave.o(.text.ys_read_package)
    ys_send_byte                             0x08002869   Thumb Code    36  ymodem_slave.o(.text.ys_send_byte)
    ys_send_data                             0x0800288d   Thumb Code    64  ymodem_slave.o(.text.ys_send_data)
    ys_store                                 0x080028cd   Thumb Code   100  ymodem_slave.o(.text.ys_store)
    yslave_getFileInfo                       0x08002931   Thumb Code     8  ymodem_slave.o(.text.yslave_getFileInfo)
    yslave_handle                            0x08002939   Thumb Code   104  ymodem_slave.o(.text.yslave_handle)
    yslave_init                              0x080029a1   Thumb Code   128  ymodem_slave.o(.text.yslave_init)
    __0printf                                0x08002a21   Thumb Code    24  printfa.o(i.__0printf)
    __1printf                                0x08002a21   Thumb Code     0  printfa.o(i.__0printf)
    __2printf                                0x08002a21   Thumb Code     0  printfa.o(i.__0printf)
    __c89printf                              0x08002a21   Thumb Code     0  printfa.o(i.__0printf)
    printf                                   0x08002a21   Thumb Code     0  printfa.o(i.__0printf)
    __ARM_clz                                0x08002a41   Thumb Code    46  depilogue.o(i.__ARM_clz)
    __aeabi_errno_addr                       0x08002a71   Thumb Code     4  errno.o(i.__aeabi_errno_addr)
    __rt_errno_addr                          0x08002a71   Thumb Code     0  errno.o(i.__aeabi_errno_addr)
    __scatterload_copy                       0x08002a79   Thumb Code    14  handlers.o(i.__scatterload_copy)
    __scatterload_null                       0x08002a87   Thumb Code     2  handlers.o(i.__scatterload_null)
    __scatterload_zeroinit                   0x08002a89   Thumb Code    14  handlers.o(i.__scatterload_zeroinit)
    free                                     0x08003345   Thumb Code    80  malloc.o(i.free)
    malloc                                   0x08003399   Thumb Code    92  malloc.o(i.malloc)
    __ctype_table                            0x08003404   Data         129  ctype_o.o(.constdata)
    Region$$Table$$Base                      0x080036cc   Number         0  anon$$obj.o(Region$$Table)
    Region$$Table$$Limit                     0x080036ec   Number         0  anon$$obj.o(Region$$Table)
    __stdout                                 0x20000000   Data           4  stdout.o(.data)
    __microlib_freelist                      0x20000004   Data           4  mvars.o(.data)
    __microlib_freelist_initialised          0x20000008   Data           4  mvars.o(.data)
    SystemCoreClock                          0x20000010   Data           4  system_gd32e23x.o(.data.SystemCoreClock)
    SysTimMs                                 0x20000030   Data           4  systick.o(.bss.SysTimMs)
    fifo_num                                 0x20000038   Data           8  fifo.o(.bss.fifo_num)
    jump_to_app                              0x20000044   Data           4  update.o(.bss.jump_to_app)
    usart0_rxbuf                             0x2000004c   Data        1048  usart.o(.bss.usart0_rxbuf)
    __heap_base                              0x20000468   Data           0  startup_gd32e23x.o(HEAP)
    __heap_limit                             0x20001068   Data           0  startup_gd32e23x.o(HEAP)
    __initial_sp                             0x20001468   Data           0  startup_gd32e23x.o(STACK)



==============================================================================

Memory Map of the image

  Image Entry point : 0x080000cd

  Load Region LR_IROM1 (Base: 0x08000000, Size: 0x00003720, Max: 0x00003c00, ABSOLUTE)

    Execution Region ER_IROM1 (Exec base: 0x08000000, Load base: 0x08000000, Size: 0x000036ec, Max: 0x00003c00, ABSOLUTE)

    Exec Addr    Load Addr    Size         Type   Attr      Idx    E Section Name        Object

    0x08000000   0x08000000   0x000000cc   Data   RO         1384    RESET               startup_gd32e23x.o
    0x080000cc   0x080000cc   0x00000000   Code   RO         1391  * .ARM.Collect$$$$00000000  mc_p.l(entry.o)
    0x080000cc   0x080000cc   0x00000004   Code   RO         1462    .ARM.Collect$$$$00000001  mc_p.l(entry2.o)
    0x080000d0   0x080000d0   0x00000004   Code   RO         1465    .ARM.Collect$$$$00000004  mc_p.l(entry5.o)
    0x080000d4   0x080000d4   0x00000000   Code   RO         1467    .ARM.Collect$$$$00000008  mc_p.l(entry7b.o)
    0x080000d4   0x080000d4   0x00000000   Code   RO         1469    .ARM.Collect$$$$0000000A  mc_p.l(entry8b.o)
    0x080000d4   0x080000d4   0x00000008   Code   RO         1470    .ARM.Collect$$$$0000000B  mc_p.l(entry9a.o)
    0x080000dc   0x080000dc   0x00000000   Code   RO         1472    .ARM.Collect$$$$0000000D  mc_p.l(entry10a.o)
    0x080000dc   0x080000dc   0x00000000   Code   RO         1474    .ARM.Collect$$$$0000000F  mc_p.l(entry11a.o)
    0x080000dc   0x080000dc   0x00000004   Code   RO         1463    .ARM.Collect$$$$00002712  mc_p.l(entry2.o)
    0x080000e0   0x080000e0   0x0000001c   Code   RO         1385    .text               startup_gd32e23x.o
    0x080000fc   0x080000fc   0x00000024   Code   RO         1394    .text               mc_p.l(memcpya.o)
    0x08000120   0x08000120   0x00000024   Code   RO         1396    .text               mc_p.l(memseta.o)
    0x08000144   0x08000144   0x00000028   Code   RO         1398    .text               mc_p.l(strstr.o)
    0x0800016c   0x0800016c   0x0000000e   Code   RO         1400    .text               mc_p.l(strlen.o)
    0x0800017a   0x0800017a   0x00000076   Code   RO         1460    .text               mc_p.l(strtoul.o)
    0x080001f0   0x080001f0   0x00000060   Code   RO         1481    .text               mc_p.l(uldiv.o)
    0x08000250   0x08000250   0x00000008   Code   RO         1483    .text               mc_p.l(ctype_o.o)
    0x08000258   0x08000258   0x000000a6   Code   RO         1520    .text               mc_p.l(_strtoul.o)
    0x080002fe   0x080002fe   0x00000000   Code   RO         1522    .text               mc_p.l(iusefp.o)
    0x080002fe   0x080002fe   0x00000002   PAD
    0x08000300   0x08000300   0x00000164   Code   RO         1523    .text               mf_p.l(dadd.o)
    0x08000464   0x08000464   0x000000d0   Code   RO         1525    .text               mf_p.l(dmul.o)
    0x08000534   0x08000534   0x000000f0   Code   RO         1527    .text               mf_p.l(ddiv.o)
    0x08000624   0x08000624   0x00000040   Code   RO         1529    .text               mf_p.l(dfixul.o)
    0x08000664   0x08000664   0x00000028   Code   RO         1531    .text               mf_p.l(cdrcmple.o)
    0x0800068c   0x0800068c   0x00000024   Code   RO         1533    .text               mc_p.l(init.o)
    0x080006b0   0x080006b0   0x0000003e   Code   RO         1537    .text               mc_p.l(uidiv_div0.o)
    0x080006ee   0x080006ee   0x00000020   Code   RO         1543    .text               mc_p.l(llshl.o)
    0x0800070e   0x0800070e   0x00000022   Code   RO         1545    .text               mc_p.l(llushr.o)
    0x08000730   0x08000730   0x00000026   Code   RO         1547    .text               mc_p.l(llsshr.o)
    0x08000756   0x08000756   0x0000001e   Code   RO         1549    .text               mc_p.l(_chval.o)
    0x08000774   0x08000774   0x000000be   Code   RO         1551    .text               mf_p.l(depilogue.o)
    0x08000832   0x08000832   0x00000002   PAD
    0x08000834   0x08000834   0x0000000c   Code   RO          226    .text.HAL_GetTick   systick.o
    0x08000840   0x08000840   0x00000004   Code   RO          180    .text.HardFault_Handler  gd32e23x_it.o
    0x08000844   0x08000844   0x00000002   Code   RO          178    .text.NMI_Handler   gd32e23x_it.o
    0x08000846   0x08000846   0x00000002   Code   RO          192    .text.PendSV_Handler  gd32e23x_it.o
    0x08000848   0x08000848   0x00000002   Code   RO          188    .text.SVC_Handler   gd32e23x_it.o
    0x0800084a   0x0800084a   0x00000002   PAD
    0x0800084c   0x0800084c   0x00000054   Code   RO          216    .text.SysTick_Config  systick.o
    0x080008a0   0x080008a0   0x00000008   Code   RO          194    .text.SysTick_Handler  gd32e23x_it.o
    0x080008a8   0x080008a8   0x000000ac   Code   RO          246    .text.SystemInit    system_gd32e23x.o
    0x08000954   0x08000954   0x00000008   Code   RO          196    .text.USART0_IRQHandler  gd32e23x_it.o
    0x0800095c   0x0800095c   0x00000034   Code   RO          717    .text.__NVIC_EnableIRQ  gd32e23x_misc.o
    0x08000990   0x08000990   0x00000080   Code   RO          218    .text.__NVIC_SetPriority  systick.o
    0x08000a10   0x08000a10   0x00000088   Code   RO          715    .text.__NVIC_SetPriority  gd32e23x_misc.o
    0x08000a98   0x08000a98   0x0000001c   Code   RO           94    .text.__NVIC_SystemReset  update.o
    0x08000ab4   0x08000ab4   0x00000044   Code   RO          159    .text.checkACK      ymodem_slave.o
    0x08000af8   0x08000af8   0x0000005c   Code   RO          141    .text.checkCRC      ymodem_slave.o
    0x08000b54   0x08000b54   0x000000c8   Code   RO          151    .text.check_end_package  ymodem_slave.o
    0x08000c1c   0x08000c1c   0x00000124   Code   RO          145    .text.check_first_package  ymodem_slave.o
    0x08000d40   0x08000d40   0x000000a8   Code   RO          149    .text.check_mid_package  ymodem_slave.o
    0x08000de8   0x08000de8   0x00000024   Code   RO          224    .text.delay_decrement  systick.o
    0x08000e0c   0x08000e0c   0x00000020   Code   RO          222    .text.delay_ms      systick.o
    0x08000e2c   0x08000e2c   0x00000020   Code   RO          421    .text.dma_channel_disable  gd32e23x_dma.o
    0x08000e4c   0x08000e4c   0x00000020   Code   RO          431    .text.dma_channel_enable  gd32e23x_dma.o
    0x08000e6c   0x08000e6c   0x00000020   Code   RO          425    .text.dma_circulation_disable  gd32e23x_dma.o
    0x08000e8c   0x08000e8c   0x0000005c   Code   RO          415    .text.dma_deinit    gd32e23x_dma.o
    0x08000ee8   0x08000ee8   0x00000114   Code   RO          419    .text.dma_init      gd32e23x_dma.o
    0x08000ffc   0x08000ffc   0x00000020   Code   RO          435    .text.dma_memory_address_config  gd32e23x_dma.o
    0x0800101c   0x0800101c   0x00000024   Code   RO          429    .text.dma_memory_to_memory_disable  gd32e23x_dma.o
    0x08001040   0x08001040   0x0000001c   Code   RO          437    .text.dma_transfer_number_config  gd32e23x_dma.o
    0x0800105c   0x0800105c   0x0000001c   Code   RO          439    .text.dma_transfer_number_get  gd32e23x_dma.o
    0x08001078   0x08001078   0x00000058   Code   RO          157    .text.end           ymodem_slave.o
    0x080010d0   0x080010d0   0x000000a8   Code   RO           77    .text.erase_flash_page  gd32e23x_flash.o
    0x08001178   0x08001178   0x00000054   Code   RO           45    .text.fifo_check    fifo.o
    0x080011cc   0x080011cc   0x0000003c   Code   RO           59    .text.fifo_dynamic_get_occupy_size  fifo.o
    0x08001208   0x08001208   0x00000044   Code   RO           55    .text.fifo_dynamic_read  fifo.o
    0x0800124c   0x0800124c   0x00000090   Code   RO           39    .text.fifo_dynamic_register  fifo.o
    0x080012dc   0x080012dc   0x00000048   Code   RO           51    .text.fifo_dynamic_write  fifo.o
    0x08001324   0x08001324   0x00000030   Code   RO           65    .text.fifo_get_free_size  fifo.o
    0x08001354   0x08001354   0x00000020   Code   RO           61    .text.fifo_get_occupy_size  fifo.o
    0x08001374   0x08001374   0x000000ca   Code   RO           57    .text.fifo_read     fifo.o
    0x0800143e   0x0800143e   0x0000003c   Code   RO           41    .text.fifo_register  fifo.o
    0x0800147a   0x0800147a   0x000000ca   Code   RO           53    .text.fifo_write    fifo.o
    0x08001544   0x08001544   0x00000010   Code   RO          559    .text.fmc_flag_clear  gd32e23x_fmc.o
    0x08001554   0x08001554   0x0000000c   Code   RO          509    .text.fmc_lock      gd32e23x_fmc.o
    0x08001560   0x08001560   0x0000005c   Code   RO          517    .text.fmc_page_erase  gd32e23x_fmc.o
    0x080015bc   0x080015bc   0x0000005a   Code   RO          519    .text.fmc_ready_wait  gd32e23x_fmc.o
    0x08001616   0x08001616   0x00000002   PAD
    0x08001618   0x08001618   0x00000054   Code   RO          565    .text.fmc_state_get  gd32e23x_fmc.o
    0x0800166c   0x0800166c   0x00000028   Code   RO          507    .text.fmc_unlock    gd32e23x_fmc.o
    0x08001694   0x08001694   0x00000058   Code   RO          525    .text.fmc_word_program  gd32e23x_fmc.o
    0x080016ec   0x080016ec   0x00000034   Code   RO           16    .text.fputc         usart.o
    0x08001720   0x08001720   0x00000018   Code   RO           79    .text.get_page_start_addr  gd32e23x_flash.o
    0x08001738   0x08001738   0x00000042   Code   RO          147    .text.getstrpos     ymodem_slave.o
    0x0800177a   0x0800177a   0x000000c4   Code   RO          621    .text.gpio_af_set   gd32e23x_gpio.o
    0x0800183e   0x0800183e   0x00000090   Code   RO          601    .text.gpio_mode_set  gd32e23x_gpio.o
    0x080018ce   0x080018ce   0x0000008e   Code   RO          603    .text.gpio_output_options_set  gd32e23x_gpio.o
    0x0800195c   0x0800195c   0x00000044   Code   RO           92    .text.iap_load_app  update.o
    0x080019a0   0x080019a0   0x00000038   Code   RO          205    .text.main          main.o
    0x080019d8   0x080019d8   0x00000034   Code   RO          713    .text.nvic_irq_enable  gd32e23x_misc.o
    0x08001a0c   0x08001a0c   0x00000020   Code   RO          727    .text.nvic_vector_table_set  gd32e23x_misc.o
    0x08001a2c   0x08001a2c   0x0000006c   Code   RO           81    .text.program_flash  gd32e23x_flash.o
    0x08001a98   0x08001a98   0x00000288   Code   RO          852    .text.rcu_clock_freq_get  gd32e23x_rcu.o
    0x08001d20   0x08001d20   0x00000024   Code   RO          778    .text.rcu_periph_clock_enable  gd32e23x_rcu.o
    0x08001d44   0x08001d44   0x00000024   Code   RO          788    .text.rcu_periph_reset_disable  gd32e23x_rcu.o
    0x08001d68   0x08001d68   0x00000028   Code   RO          786    .text.rcu_periph_reset_enable  gd32e23x_rcu.o
    0x08001d90   0x08001d90   0x00000078   Code   RO           96    .text.read_data_cb  update.o
    0x08001e08   0x08001e08   0x00000060   Code   RO           83    .text.read_flash    gd32e23x_flash.o
    0x08001e68   0x08001e68   0x00000160   Code   RO          155    .text.run           ymodem_slave.o
    0x08001fc8   0x08001fc8   0x00000022   Code   RO           98    .text.send_data_cb  update.o
    0x08001fea   0x08001fea   0x00000036   Code   RO          153    .text.start         ymodem_slave.o
    0x08002020   0x08002020   0x00000040   Code   RO          102    .text.store_cb      update.o
    0x08002060   0x08002060   0x000000ec   Code   RO          252    .text.system_clock_72m_hxtal  system_gd32e23x.o
    0x0800214c   0x0800214c   0x00000008   Code   RO          248    .text.system_clock_config  system_gd32e23x.o
    0x08002154   0x08002154   0x00000034   Code   RO          214    .text.systick_config  systick.o
    0x08002188   0x08002188   0x0000003a   Code   RO          106    .text.update_app    update.o
    0x080021c2   0x080021c2   0x00000002   PAD
    0x080021c4   0x080021c4   0x00000048   Code   RO          114    .text.update_check  update.o
    0x0800220c   0x0800220c   0x00000032   Code   RO          108    .text.update_eraseFlag  update.o
    0x0800223e   0x0800223e   0x00000002   PAD
    0x08002240   0x08002240   0x00000018   Code   RO          110    .text.update_getMessage  update.o
    0x08002258   0x08002258   0x00000038   Code   RO          104    .text.update_init   update.o
    0x08002290   0x08002290   0x00000040   Code   RO          112    .text.update_writeMessage  update.o
    0x080022d0   0x080022d0   0x00000074   Code   RO            2    .text.usart0_gpio_init  usart.o
    0x08002344   0x08002344   0x00000074   Code   RO           14    .text.usart0_idle_handle  usart.o
    0x080023b8   0x080023b8   0x00000078   Code   RO            8    .text.usart0_init   usart.o
    0x08002430   0x08002430   0x0000006c   Code   RO            6    .text.usart0_rx_dma_init  usart.o
    0x0800249c   0x0800249c   0x00000058   Code   RO           10    .text.usart0_send_data  usart.o
    0x080024f4   0x080024f4   0x000000b0   Code   RO         1209    .text.usart_baudrate_set  gd32e23x_usart.o
    0x080025a4   0x080025a4   0x00000010   Code   RO         1245    .text.usart_data_receive  gd32e23x_usart.o
    0x080025b4   0x080025b4   0x00000018   Code   RO         1243    .text.usart_data_transmit  gd32e23x_usart.o
    0x080025cc   0x080025cc   0x00000054   Code   RO         1207    .text.usart_deinit  gd32e23x_usart.o
    0x08002620   0x08002620   0x0000001e   Code   RO         1321    .text.usart_dma_receive_config  gd32e23x_usart.o
    0x0800263e   0x0800263e   0x00000012   Code   RO         1217    .text.usart_enable  gd32e23x_usart.o
    0x08002650   0x08002650   0x0000003a   Code   RO         1341    .text.usart_flag_get  gd32e23x_usart.o
    0x0800268a   0x0800268a   0x00000026   Code   RO         1345    .text.usart_interrupt_enable  gd32e23x_usart.o
    0x080026b0   0x080026b0   0x00000040   Code   RO         1353    .text.usart_interrupt_flag_clear  gd32e23x_usart.o
    0x080026f0   0x080026f0   0x00000066   Code   RO         1351    .text.usart_interrupt_flag_get  gd32e23x_usart.o
    0x08002756   0x08002756   0x0000001e   Code   RO         1223    .text.usart_receive_config  gd32e23x_usart.o
    0x08002774   0x08002774   0x0000001e   Code   RO         1221    .text.usart_transmit_config  gd32e23x_usart.o
    0x08002792   0x08002792   0x00000002   PAD
    0x08002794   0x08002794   0x00000058   Code   RO          143    .text.ys_calc_crc16  ymodem_slave.o
    0x080027ec   0x080027ec   0x0000001c   Code   RO          137    .text.ys_clear_cache  ymodem_slave.o
    0x08002808   0x08002808   0x00000060   Code   RO          135    .text.ys_read_package  ymodem_slave.o
    0x08002868   0x08002868   0x00000024   Code   RO          133    .text.ys_send_byte  ymodem_slave.o
    0x0800288c   0x0800288c   0x00000040   Code   RO          131    .text.ys_send_data  ymodem_slave.o
    0x080028cc   0x080028cc   0x00000064   Code   RO          139    .text.ys_store      ymodem_slave.o
    0x08002930   0x08002930   0x00000008   Code   RO          163    .text.yslave_getFileInfo  ymodem_slave.o
    0x08002938   0x08002938   0x00000068   Code   RO          161    .text.yslave_handle  ymodem_slave.o
    0x080029a0   0x080029a0   0x00000080   Code   RO          129    .text.yslave_init   ymodem_slave.o
    0x08002a20   0x08002a20   0x00000020   Code   RO         1405    i.__0printf         mc_p.l(printfa.o)
    0x08002a40   0x08002a40   0x0000002e   Code   RO         1553    i.__ARM_clz         mf_p.l(depilogue.o)
    0x08002a6e   0x08002a6e   0x00000002   PAD
    0x08002a70   0x08002a70   0x00000008   Code   RO         1513    i.__aeabi_errno_addr  mc_p.l(errno.o)
    0x08002a78   0x08002a78   0x0000000e   Code   RO         1557    i.__scatterload_copy  mc_p.l(handlers.o)
    0x08002a86   0x08002a86   0x00000002   Code   RO         1558    i.__scatterload_null  mc_p.l(handlers.o)
    0x08002a88   0x08002a88   0x0000000e   Code   RO         1559    i.__scatterload_zeroinit  mc_p.l(handlers.o)
    0x08002a96   0x08002a96   0x00000002   PAD
    0x08002a98   0x08002a98   0x00000174   Code   RO         1412    i._fp_digits        mc_p.l(printfa.o)
    0x08002c0c   0x08002c0c   0x000006ec   Code   RO         1413    i._printf_core      mc_p.l(printfa.o)
    0x080032f8   0x080032f8   0x00000020   Code   RO         1414    i._printf_post_padding  mc_p.l(printfa.o)
    0x08003318   0x08003318   0x0000002c   Code   RO         1415    i._printf_pre_padding  mc_p.l(printfa.o)
    0x08003344   0x08003344   0x00000054   Code   RO         1432    i.free              mc_p.l(malloc.o)
    0x08003398   0x08003398   0x0000006c   Code   RO         1433    i.malloc            mc_p.l(malloc.o)
    0x08003404   0x08003404   0x00000081   Data   RO         1484    .constdata          mc_p.l(ctype_o.o)
    0x08003485   0x08003485   0x00000003   PAD
    0x08003488   0x08003488   0x00000004   Data   RO         1485    .constdata          mc_p.l(ctype_o.o)
    0x0800348c   0x0800348c   0x00000200   Data   RO          170    .rodata.crc_table   ymodem_slave.o
    0x0800368c   0x0800368c   0x0000001d   Data   RO           20    .rodata.str1.1      usart.o
    0x080036a9   0x080036a9   0x0000001b   Data   RO          120    .rodata.str1.1      update.o
    0x080036c4   0x080036c4   0x00000005   Data   RO          169    .rodata.str1.1      ymodem_slave.o
    0x080036c9   0x080036c9   0x00000003   PAD
    0x080036cc   0x080036cc   0x00000020   Data   RO         1556    Region$$Table       anon$$obj.o


    Execution Region RW_IRAM1 (Exec base: 0x20000000, Load base: 0x080036f0, Size: 0x00001468, Max: 0x00002000, ABSOLUTE)

    Exec Addr    Load Addr    Size         Type   Attr      Idx    E Section Name        Object

    0x20000000   0x080036f0   0x00000004   Data   RW         1476    .data               mc_p.l(stdout.o)
    0x20000004   0x080036f4   0x00000004   Data   RW         1511    .data               mc_p.l(mvars.o)
    0x20000008   0x080036f8   0x00000004   Data   RW         1512    .data               mc_p.l(mvars.o)
    0x2000000c   0x080036fc   0x00000004   Data   RW         1516    .data               mc_p.l(errno.o)
    0x20000010   0x08003700   0x00000004   Data   RW          254    .data.SystemCoreClock  system_gd32e23x.o
    0x20000014   0x08003704   0x00000001   Data   RW          168    .data.error         ymodem_slave.o
    0x20000015   0x08003705   0x00000003   PAD
    0x20000018   0x08003708   0x00000014   Data   RW          119    .data.update_init.config  update.o
    0x2000002c   0x0800371c   0x00000004   PAD
    0x20000030        -       0x00000004   Zero   RW          228    .bss.SysTimMs       systick.o
    0x20000034        -       0x00000004   Zero   RW          229    .bss.delay          systick.o
    0x20000038        -       0x00000008   Zero   RW           69    .bss.fifo_num       fifo.o
    0x20000040        -       0x00000004   Zero   RW          165    .bss.file           ymodem_slave.o
    0x20000044        -       0x00000004   Zero   RW          118    .bss.jump_to_app    update.o
    0x20000048        -       0x00000004   Zero   RW          166    .bss.packageBuff    ymodem_slave.o
    0x2000004c        -       0x00000418   Zero   RW           19    .bss.usart0_rxbuf   usart.o
    0x20000464        -       0x00000004   Zero   RW          167    .bss.ys_config      ymodem_slave.o
    0x20000468        -       0x00000c00   Zero   RW         1383    HEAP                startup_gd32e23x.o
    0x20001068        -       0x00000400   Zero   RW         1382    STACK               startup_gd32e23x.o


==============================================================================

Image component sizes


      Code (inc. data)   RO Data    RW Data    ZI Data      Debug   Object Name

       972          4          0          0          8       4154   fifo.o
       588         20          0          0          0       5776   gd32e23x_dma.o
       396         12          0          0          0       1792   gd32e23x_flash.o
       422         24          0          0          0       6583   gd32e23x_fmc.o
       482          0          0          0          0       4310   gd32e23x_gpio.o
        26          0          0          0          0       1096   gd32e23x_it.o
       272         20          0          0          0       3907   gd32e23x_misc.o
       760         44          0          0          0      11447   gd32e23x_rcu.o
       670         28          0          0          0      14318   gd32e23x_usart.o
        56          4          0          0          0        393   main.o
        28          8        204          0       4096        720   startup_gd32e23x.o
       416         56          0          4          0       1866   system_gd32e23x.o
       344         28          0          0          8       3215   systick.o
       638         44         27         20          4       4472   update.o
       600         36         29          0       1048       5397   usart.o
      2032         80        517          1         12       5979   ymodem_slave.o

    ----------------------------------------------------------------------
      8712        408        812         28       5180      75425   Object Totals
         0          0         32          0          0          0   (incl. Generated)
        10          0          3          3          4          0   (incl. Padding)

    ----------------------------------------------------------------------

      Code (inc. data)   RO Data    RW Data    ZI Data      Debug   Library Member Name

        30          0          0          0          0         60   _chval.o
       166          0          0          0          0         84   _strtoul.o
         8          4        133          0          0         60   ctype_o.o
         0          0          0          0          0          0   entry.o
         0          0          0          0          0          0   entry10a.o
         0          0          0          0          0          0   entry11a.o
         8          4          0          0          0          0   entry2.o
         4          0          0          0          0          0   entry5.o
         0          0          0          0          0          0   entry7b.o
         0          0          0          0          0          0   entry8b.o
         8          4          0          0          0          0   entry9a.o
         8          4          0          4          0         60   errno.o
        30          0          0          0          0          0   handlers.o
        36          8          0          0          0         68   init.o
         0          0          0          0          0          0   iusefp.o
        32          0          0          0          0         68   llshl.o
        38          0          0          0          0         68   llsshr.o
        34          0          0          0          0         68   llushr.o
       192         20          0          0          0        144   malloc.o
        36          0          0          0          0         60   memcpya.o
        36          0          0          0          0        100   memseta.o
         0          0          0          8          0          0   mvars.o
      2252         98          0          0          0        412   printfa.o
         0          0          0          4          0          0   stdout.o
        14          0          0          0          0         60   strlen.o
        40          0          0          0          0         72   strstr.o
       118          0          0          0          0         84   strtoul.o
        62          0          0          0          0         72   uidiv_div0.o
        96          0          0          0          0         84   uldiv.o
        40          2          0          0          0         68   cdrcmple.o
       356          4          0          0          0        140   dadd.o
       240          6          0          0          0         84   ddiv.o
       236          0          0          0          0        216   depilogue.o
        64         10          0          0          0         68   dfixul.o
       208          6          0          0          0         88   dmul.o

    ----------------------------------------------------------------------
      4400        170        136         16          0       2288   Library Totals
         8          0          3          0          0          0   (incl. Padding)

    ----------------------------------------------------------------------

      Code (inc. data)   RO Data    RW Data    ZI Data      Debug   Library Name

      3248        142        133         16          0       1624   mc_p.l
      1144         28          0          0          0        664   mf_p.l

    ----------------------------------------------------------------------
      4400        170        136         16          0       2288   Library Totals

    ----------------------------------------------------------------------

==============================================================================


      Code (inc. data)   RO Data    RW Data    ZI Data      Debug   

     13112        578        948         44       5180      76533   Grand Totals
     13112        578        948         44       5180      76533   ELF Image Totals
     13112        578        948         44          0          0   ROM Totals

==============================================================================

    Total RO  Size (Code + RO Data)                14060 (  13.73kB)
    Total RW  Size (RW Data + ZI Data)              5224 (   5.10kB)
    Total ROM Size (Code + RO Data + RW Data)      14104 (  13.77kB)

==============================================================================

